[crypto] FIELD_ENCRYPTION_KEY manquant/invalide — clé dérivée du JWT_SECRET utilisée (définir FIELD_ENCRYPTION_KEY en prod pour persistance)
WARNING: FIELD_ENCRYPTION_KEY manquant/invalide — clé dérivée du JWT_SECRET utilisée (définir FIELD_ENCRYPTION_KEY en prod pour persistance)
[32m[Nest] 43984  - [39m16/09/2026 05:25:13 [32m    LOG[39m [38;5;3m[NestFactory] [39m[32mStarting Nest application...[39m
[32m[Nest] 43984  - [39m16/09/2026 05:25:13 [32m    LOG[39m [38;5;3m[InstanceLoader] [39m[32mPrismaModule dependencies initialized[39m[38;5;3m +180ms[39m
[32m[Nest] 43984  - [39m16/09/2026 05:25:13 [32m    LOG[39m [38;5;3m[InstanceLoader] [39m[32mCommonModule dependencies initialized[39m[38;5;3m +54ms[39m
[32m[Nest] 43984  - [39m16/09/2026 05:25:13 [32m    LOG[39m [38;5;3m[InstanceLoader] [39m[32mAdminMiscModule dependencies initialized[39m[38;5;3m +1ms[39m
[32m[Nest] 43984  - [39m16/09/2026 05:25:13 [32m    LOG[39m [38;5;3m[InstanceLoader] [39m[32mAccountingModule dependencies initialized[39m[38;5;3m +10ms[39m
[32m[Nest] 43984  - [39m16/09/2026 05:25:13 [32m    LOG[39m [38;5;3m[InstanceLoader] [39m[32mStatsModule dependencies initialized[39m[38;5;3m +1ms[39m
[32m[Nest] 43984  - [39m16/09/2026 05:25:13 [32m    LOG[39m [38;5;3m[InstanceLoader] [39m[32mReferentialModule dependencies initialized[39m[38;5;3m +0ms[39m
[32m[Nest] 43984  - [39m16/09/2026 05:25:13 [32m    LOG[39m [38;5;3m[InstanceLoader] [39m[32mFilesModule dependencies initialized[39m[38;5;3m +2ms[39m
[32m[Nest] 43984  - [39m16/09/2026 05:25:13 [32m    LOG[39m [38;5;3m[InstanceLoader] [39m[32mNotificationsHttpModule dependencies initialized[39m[38;5;3m +1ms[39m
[32m[Nest] 43984  - [39m16/09/2026 05:25:13 [32m    LOG[39m [38;5;3m[InstanceLoader] [39m[32mFraudModule dependencies initialized[39m[38;5;3m +0ms[39m
[32m[Nest] 43984  - [39m16/09/2026 05:25:13 [32m    LOG[39m [38;5;3m[InstanceLoader] [39m[32mUsersModule dependencies initialized[39m[38;5;3m +1ms[39m
[32m[Nest] 43984  - [39m16/09/2026 05:25:13 [32m    LOG[39m [38;5;3m[InstanceLoader] [39m[32mOfflineModule dependencies initialized[39m[38;5;3m +1ms[39m
[32m[Nest] 43984  - [39m16/09/2026 05:25:13 [32m    LOG[39m [38;5;3m[InstanceLoader] [39m[32mAppModule dependencies initialized[39m[38;5;3m +1ms[39m
[32m[Nest] 43984  - [39m16/09/2026 05:25:13 [32m    LOG[39m [38;5;3m[InstanceLoader] [39m[32mHospitalModule dependencies initialized[39m[38;5;3m +0ms[39m
[32m[Nest] 43984  - [39m16/09/2026 05:25:13 [32m    LOG[39m [38;5;3m[InstanceLoader] [39m[32mDistributorsModule dependencies initialized[39m[38;5;3m +0ms[39m
[32m[Nest] 43984  - [39m16/09/2026 05:25:13 [32m    LOG[39m [38;5;3m[InstanceLoader] [39m[32mCommissionsModule dependencies initialized[39m[38;5;3m +0ms[39m
[32m[Nest] 43984  - [39m16/09/2026 05:25:13 [32m    LOG[39m [38;5;3m[InstanceLoader] [39m[32mAnalyticsModule dependencies initialized[39m[38;5;3m +0ms[39m
[32m[Nest] 43984  - [39m16/09/2026 05:25:13 [32m    LOG[39m [38;5;3m[InstanceLoader] [39m[32mCareModule dependencies initialized[39m[38;5;3m +1ms[39m
[32m[Nest] 43984  - [39m16/09/2026 05:25:13 [32m    LOG[39m [38;5;3m[InstanceLoader] [39m[32mProductsModule dependencies initialized[39m[38;5;3m +0ms[39m
[32m[Nest] 43984  - [39m16/09/2026 05:25:13 [32m    LOG[39m [38;5;3m[InstanceLoader] [39m[32mProvidersModule dependencies initialized[39m[38;5;3m +0ms[39m
[32m[Nest] 43984  - [39m16/09/2026 05:25:13 [32m    LOG[39m [38;5;3m[InstanceLoader] [39m[32mCompanyModule dependencies initialized[39m[38;5;3m +0ms[39m
[32m[Nest] 43984  - [39m16/09/2026 05:25:13 [32m    LOG[39m [38;5;3m[InstanceLoader] [39m[32mProviderPortalModule dependencies initialized[39m[38;5;3m +2ms[39m
[32m[Nest] 43984  - [39m16/09/2026 05:25:13 [32m    LOG[39m [38;5;3m[InstanceLoader] [39m[32mDocumentsModule dependencies initialized[39m[38;5;3m +1ms[39m
[32m[Nest] 43984  - [39m16/09/2026 05:25:13 [32m    LOG[39m [38;5;3m[InstanceLoader] [39m[32mSubscriptionModule dependencies initialized[39m[38;5;3m +1ms[39m
[32m[Nest] 43984  - [39m16/09/2026 05:25:13 [32m    LOG[39m [38;5;3m[InstanceLoader] [39m[32mAuthModule dependencies initialized[39m[38;5;3m +1ms[39m
[32m[Nest] 43984  - [39m16/09/2026 05:25:13 [32m    LOG[39m [38;5;3m[InstanceLoader] [39m[32mBirthCertificateModule dependencies initialized[39m[38;5;3m +0ms[39m
[32m[Nest] 43984  - [39m16/09/2026 05:25:13 [32m    LOG[39m [38;5;3m[InstanceLoader] [39m[32mCtsModule dependencies initialized[39m[38;5;3m +0ms[39m
[32m[Nest] 43984  - [39m16/09/2026 05:25:13 [32m    LOG[39m [38;5;3m[InstanceLoader] [39m[32mProviderRegistrationModule dependencies initialized[39m[38;5;3m +0ms[39m
[32m[Nest] 43984  - [39m16/09/2026 05:25:13 [32m    LOG[39m [38;5;3m[InstanceLoader] [39m[32mClaimsModule dependencies initialized[39m[38;5;3m +1ms[39m
[32m[Nest] 43984  - [39m16/09/2026 05:25:13 [32m    LOG[39m [38;5;3m[InstanceLoader] [39m[32mBatchBillingModule dependencies initialized[39m[38;5;3m +2ms[39m
[32m[Nest] 43984  - [39m16/09/2026 05:25:13 [32m    LOG[39m [38;5;3m[InstanceLoader] [39m[32mContractsModule dependencies initialized[39m[38;5;3m +0ms[39m
[32m[Nest] 43984  - [39m16/09/2026 05:25:13 [32m    LOG[39m [38;5;3m[InstanceLoader] [39m[32mPaymentsModule dependencies initialized[39m[38;5;3m +0ms[39m
[32m[Nest] 43984  - [39m16/09/2026 05:25:13 [32m    LOG[39m [38;5;3m[RoutesResolver] [39m[32mAuthController {/api/auth}:[39m[38;5;3m +26ms[39m
[32m[Nest] 43984  - [39m16/09/2026 05:25:13 [32m    LOG[39m [38;5;3m[RouterExplorer] [39m[32mMapped {/api/auth/register, POST} route[39m[38;5;3m +11ms[39m
[32m[Nest] 43984  - [39m16/09/2026 05:25:13 [32m    LOG[39m [38;5;3m[RouterExplorer] [39m[32mMapped {/api/auth/login, POST} route[39m[38;5;3m +1ms[39m
[32m[Nest] 43984  - [39m16/09/2026 05:25:13 [32m    LOG[39m [38;5;3m[RouterExplorer] [39m[32mMapped {/api/auth/refresh, POST} route[39m[38;5;3m +1ms[39m
[32m[Nest] 43984  - [39m16/09/2026 05:25:13 [32m    LOG[39m [38;5;3m[RouterExplorer] [39m[32mMapped {/api/auth/logout, POST} route[39m[38;5;3m +1ms[39m
[32m[Nest] 43984  - [39m16/09/2026 05:25:13 [32m    LOG[39m [38;5;3m[RouterExplorer] [39m[32mMapped {/api/auth/password, POST} route[39m[38;5;3m +1ms[39m
[32m[Nest] 43984  - [39m16/09/2026 05:25:13 [32m    LOG[39m [38;5;3m[RouterExplorer] [39m[32mMapped {/api/auth/me, GET} route[39m[38;5;3m +1ms[39m
[32m[Nest] 43984  - [39m16/09/2026 05:25:13 [32m    LOG[39m [38;5;3m[RoutesResolver] [39m[32mUsersController {/api}:[39m[38;5;3m +0ms[39m
[32m[Nest] 43984  - [39m16/09/2026 05:25:13 [32m    LOG[39m [38;5;3m[RouterExplorer] [39m[32mMapped {/api/users/me/photo, POST} route[39m[38;5;3m +6ms[39m
[32m[Nest] 43984  - [39m16/09/2026 05:25:13 [32m    LOG[39m [38;5;3m[RouterExplorer] [39m[32mMapped {/api/users/me/photo, GET} route[39m[38;5;3m +1ms[39m
[32m[Nest] 43984  - [39m16/09/2026 05:25:13 [32m    LOG[39m [38;5;3m[RouterExplorer] [39m[32mMapped {/api/users/me, PATCH} route[39m[38;5;3m +1ms[39m
[32m[Nest] 43984  - [39m16/09/2026 05:25:13 [32m    LOG[39m [38;5;3m[RouterExplorer] [39m[32mMapped {/api/users/me/national-id, GET} route[39m[38;5;3m +1ms[39m
[32m[Nest] 43984  - [39m16/09/2026 05:25:13 [32m    LOG[39m [38;5;3m[RouterExplorer] [39m[32mMapped {/api/admin/users, GET} route[39m[38;5;3m +1ms[39m
[32m[Nest] 43984  - [39m16/09/2026 05:25:13 [32m    LOG[39m [38;5;3m[RouterExplorer] [39m[32mMapped {/api/admin/users/:id, GET} route[39m[38;5;3m +1ms[39m
[32m[Nest] 43984  - [39m16/09/2026 05:25:13 [32m    LOG[39m [38;5;3m[RouterExplorer] [39m[32mMapped {/api/admin/users, POST} route[39m[38;5;3m +0ms[39m
[32m[Nest] 43984  - [39m16/09/2026 05:25:13 [32m    LOG[39m [38;5;3m[RouterExplorer] [39m[32mMapped {/api/admin/users/:id, PATCH} route[39m[38;5;3m +1ms[39m
[32m[Nest] 43984  - [39m16/09/2026 05:25:13 [32m    LOG[39m [38;5;3m[RouterExplorer] [39m[32mMapped {/api/admin/roles, GET} route[39m[38;5;3m +0ms[39m
[32m[Nest] 43984  - [39m16/09/2026 05:25:13 [32m    LOG[39m [38;5;3m[RouterExplorer] [39m[32mMapped {/api/admin/roles/:role/permissions, GET} route[39m[38;5;3m +1ms[39m
[32m[Nest] 43984  - [39m16/09/2026 05:25:13 [32m    LOG[39m [38;5;3m[RouterExplorer] [39m[32mMapped {/api/admin/roles/:role/permissions, POST} route[39m[38;5;3m +0ms[39m
[32m[Nest] 43984  - [39m16/09/2026 05:25:13 [32m    LOG[39m [38;5;3m[RouterExplorer] [39m[32mMapped {/api/users/me/photo, GET} route[39m[38;5;3m +0ms[39m
[32m[Nest] 43984  - [39m16/09/2026 05:25:13 [32m    LOG[39m [38;5;3m[RouterExplorer] [39m[32mMapped {/api/beneficiaries/:id/photo, POST} route[39m[38;5;3m +1ms[39m
[32m[Nest] 43984  - [39m16/09/2026 05:25:13 [32m    LOG[39m [38;5;3m[RouterExplorer] [39m[32mMapped {/api/beneficiaries/:id/photo, GET} route[39m[38;5;3m +0ms[39m
[32m[Nest] 43984  - [39m16/09/2026 05:25:13 [32m    LOG[39m [38;5;3m[RoutesResolver] [39m[32mFilesController {/api}:[39m[38;5;3m +0ms[39m
[32m[Nest] 43984  - [39m16/09/2026 05:25:13 [32m    LOG[39m [38;5;3m[RouterExplorer] [39m[32mMapped {/api/files/:id/view, GET} route[39m[38;5;3m +1ms[39m
[32m[Nest] 43984  - [39m16/09/2026 05:25:13 [32m    LOG[39m [38;5;3m[RouterExplorer] [39m[32mMapped {/api/admin/documents, GET} route[39m[38;5;3m +0ms[39m
[32m[Nest] 43984  - [39m16/09/2026 05:25:13 [32m    LOG[39m [38;5;3m[RoutesResolver] [39m[32mProductsController {/api}:[39m[38;5;3m +0ms[39m
[32m[Nest] 43984  - [39m16/09/2026 05:25:13 [32m    LOG[39m [38;5;3m[RouterExplorer] [39m[32mMapped {/api/products, GET} route[39m[38;5;3m +1ms[39m
[32m[Nest] 43984  - [39m16/09/2026 05:25:13 [32m    LOG[39m [38;5;3m[RouterExplorer] [39m[32mMapped {/api/admin/products, GET} route[39m[38;5;3m +0ms[39m
[32m[Nest] 43984  - [39m16/09/2026 05:25:13 [32m    LOG[39m [38;5;3m[RouterExplorer] [39m[32mMapped {/api/admin/products/:id, GET} route[39m[38;5;3m +1ms[39m
[32m[Nest] 43984  - [39m16/09/2026 05:25:13 [32m    LOG[39m [38;5;3m[RouterExplorer] [39m[32mMapped {/api/admin/products, POST} route[39m[38;5;3m +0ms[39m
[32m[Nest] 43984  - [39m16/09/2026 05:25:13 [32m    LOG[39m [38;5;3m[RouterExplorer] [39m[32mMapped {/api/admin/products/:id, PATCH} route[39m[38;5;3m +2ms[39m
[32m[Nest] 43984  - [39m16/09/2026 05:25:13 [32m    LOG[39m [38;5;3m[RouterExplorer] [39m[32mMapped {/api/admin/guarantees, GET} route[39m[38;5;3m +0ms[39m
[32m[Nest] 43984  - [39m16/09/2026 05:25:13 [32m    LOG[39m [38;5;3m[RouterExplorer] [39m[32mMapped {/api/admin/guarantees, POST} route[39m[38;5;3m +2ms[39m
[32m[Nest] 43984  - [39m16/09/2026 05:25:13 [32m    LOG[39m [38;5;3m[RouterExplorer] [39m[32mMapped {/api/admin/guarantees/:id, PATCH} route[39m[38;5;3m +1ms[39m
[32m[Nest] 43984  - [39m16/09/2026 05:25:13 [32m    LOG[39m [38;5;3m[RouterExplorer] [39m[32mMapped {/api/admin/partners, GET} route[39m[38;5;3m +1ms[39m
[32m[Nest] 43984  - [39m16/09/2026 05:25:13 [32m    LOG[39m [38;5;3m[RouterExplorer] [39m[32mMapped {/api/admin/partners, POST} route[39m[38;5;3m +0ms[39m
[32m[Nest] 43984  - [39m16/09/2026 05:25:13 [32m    LOG[39m [38;5;3m[RouterExplorer] [39m[32mMapped {/api/admin/partners/:id, PATCH} route[39m[38;5;3m +1ms[39m
[32m[Nest] 43984  - [39m16/09/2026 05:25:13 [32m    LOG[39m [38;5;3m[RoutesResolver] [39m[32mSubscriptionController {/api/subscription}:[39m[38;5;3m +0ms[39m
[32m[Nest] 43984  - [39m16/09/2026 05:25:13 [32m    LOG[39m [38;5;3m[RouterExplorer] [39m[32mMapped {/api/subscription/quote, POST} route[39m[38;5;3m +1ms[39m
[32m[Nest] 43984  - [39m16/09/2026 05:25:13 [32m    LOG[39m [38;5;3m[RouterExplorer] [39m[32mMapped {/api/subscription/subscribe, POST} route[39m[38;5;3m +0ms[39m
[32m[Nest] 43984  - [39m16/09/2026 05:25:13 [32m    LOG[39m [38;5;3m[RouterExplorer] [39m[32mMapped {/api/subscription/guarantee-change-requests, POST} route[39m[38;5;3m +1ms[39m
[32m[Nest] 43984  - [39m16/09/2026 05:25:13 [32m    LOG[39m [38;5;3m[RouterExplorer] [39m[32mMapped {/api/subscription/subscribe-company, POST} route[39m[38;5;3m +0ms[39m
[32m[Nest] 43984  - [39m16/09/2026 05:25:13 [32m    LOG[39m [38;5;3m[RoutesResolver] [39m[32mCtsController {/api}:[39m[38;5;3m +0ms[39m
[32m[Nest] 43984  - [39m16/09/2026 05:25:13 [32m    LOG[39m [38;5;3m[RouterExplorer] [39m[32mMapped {/api/admin/contracts/:id/cts, GET} route[39m[38;5;3m +1ms[39m
[32m[Nest] 43984  - [39m16/09/2026 05:25:13 [32m    LOG[39m [38;5;3m[RouterExplorer] [39m[32mMapped {/api/contracts/mine/cts, GET} route[39m[38;5;3m +0ms[39m
[32m[Nest] 43984  - [39m16/09/2026 05:25:13 [32m    LOG[39m [38;5;3m[RouterExplorer] [39m[32mMapped {/api/company/me/cts, GET} route[39m[38;5;3m +1ms[39m
[32m[Nest] 43984  - [39m16/09/2026 05:25:13 [32m    LOG[39m [38;5;3m[RouterExplorer] [39m[32mMapped {/api/admin/cts/portfolio, GET} route[39m[38;5;3m +0ms[39m
[32m[Nest] 43984  - [39m16/09/2026 05:25:13 [32m    LOG[39m [38;5;3m[RouterExplorer] [39m[32mMapped {/api/admin/solidarity/fund, GET} route[39m[38;5;3m +0ms[39m
[32m[Nest] 43984  - [39m16/09/2026 05:25:13 [32m    LOG[39m [38;5;3m[RouterExplorer] [39m[32mMapped {/api/admin/contracts/:id/solidarity-cover, POST} route[39m[38;5;3m +1ms[39m
[32m[Nest] 43984  - [39m16/09/2026 05:25:13 [32m    LOG[39m [38;5;3m[RouterExplorer] [39m[32mMapped {/api/cts/simulate, POST} route[39m[38;5;3m +0ms[39m
[32m[Nest] 43984  - [39m16/09/2026 05:25:13 [32m    LOG[39m [38;5;3m[RouterExplorer] [39m[32mMapped {/api/admin/contracts/:id/fund-calls, GET} route[39m[38;5;3m +0ms[39m
[32m[Nest] 43984  - [39m16/09/2026 05:25:13 [32m    LOG[39m [38;5;3m[RouterExplorer] [39m[32mMapped {/api/admin/contracts/:id/fund-calls, POST} route[39m[38;5;3m +1ms[39m
[32m[Nest] 43984  - [39m16/09/2026 05:25:13 [32m    LOG[39m [38;5;3m[RouterExplorer] [39m[32mMapped {/api/admin/fund-calls/:id/send, POST} route[39m[38;5;3m +0ms[39m
[32m[Nest] 43984  - [39m16/09/2026 05:25:13 [32m    LOG[39m [38;5;3m[RouterExplorer] [39m[32mMapped {/api/admin/fund-calls/:id/cancel, POST} route[39m[38;5;3m +1ms[39m
[32m[Nest] 43984  - [39m16/09/2026 05:25:13 [32m    LOG[39m [38;5;3m[RouterExplorer] [39m[32mMapped {/api/admin/contracts/:id/closure, GET} route[39m[38;5;3m +0ms[39m
[32m[Nest] 43984  - [39m16/09/2026 05:25:13 [32m    LOG[39m [38;5;3m[RouterExplorer] [39m[32mMapped {/api/admin/contracts/:id/closure, POST} route[39m[38;5;3m +1ms[39m
[32m[Nest] 43984  - [39m16/09/2026 05:25:13 [32m    LOG[39m [38;5;3m[RouterExplorer] [39m[32mMapped {/api/admin/closures/:id/confirm, POST} route[39m[38;5;3m +0ms[39m
[32m[Nest] 43984  - [39m16/09/2026 05:25:13 [32m    LOG[39m [38;5;3m[RoutesResolver] [39m[32mBirthCertificateController {/api/subscription}:[39m[38;5;3m +1ms[39m
[32m[Nest] 43984  - [39m16/09/2026 05:25:13 [32m    LOG[39m [38;5;3m[RouterExplorer] [39m[32mMapped {/api/subscription/birth-certificate/upload, POST} route[39m[38;5;3m +0ms[39m
[32m[Nest] 43984  - [39m16/09/2026 05:25:13 [32m    LOG[39m [38;5;3m[RouterExplorer] [39m[32mMapped {/api/subscription/birth-certificate/verify, POST} route[39m[38;5;3m +0ms[39m
[32m[Nest] 43984  - [39m16/09/2026 05:25:13 [32m    LOG[39m [38;5;3m[RouterExplorer] [39m[32mMapped {/api/subscription/birth-certificate/status, GET} route[39m[38;5;3m +2ms[39m
[32m[Nest] 43984  - [39m16/09/2026 05:25:13 [32m    LOG[39m [38;5;3m[RoutesResolver] [39m[32mContractsController {/api}:[39m[38;5;3m +0ms[39m
[32m[Nest] 43984  - [39m16/09/2026 05:25:13 [32m    LOG[39m [38;5;3m[RouterExplorer] [39m[32mMapped {/api/contracts/mine, GET} route[39m[38;5;3m +2ms[39m
[32m[Nest] 43984  - [39m16/09/2026 05:25:13 [32m    LOG[39m [38;5;3m[RouterExplorer] [39m[32mMapped {/api/contracts/:id, GET} route[39m[38;5;3m +2ms[39m
[32m[Nest] 43984  - [39m16/09/2026 05:25:13 [32m    LOG[39m [38;5;3m[RouterExplorer] [39m[32mMapped {/api/contracts/:id/card, GET} route[39m[38;5;3m +1ms[39m
[32m[Nest] 43984  - [39m16/09/2026 05:25:13 [32m    LOG[39m [38;5;3m[RouterExplorer] [39m[32mMapped {/api/contracts/:id/rotate-token, POST} route[39m[38;5;3m +0ms[39m
[32m[Nest] 43984  - [39m16/09/2026 05:25:13 [32m    LOG[39m [38;5;3m[RouterExplorer] [39m[32mMapped {/api/contracts/:id/renew, POST} route[39m[38;5;3m +1ms[39m
[32m[Nest] 43984  - [39m16/09/2026 05:25:13 [32m    LOG[39m [38;5;3m[RouterExplorer] [39m[32mMapped {/api/contracts/:id/risk-model, POST} route[39m[38;5;3m +0ms[39m
[32m[Nest] 43984  - [39m16/09/2026 05:25:13 [32m    LOG[39m [38;5;3m[RouterExplorer] [39m[32mMapped {/api/contracts/:id/certificate, GET} route[39m[38;5;3m +0ms[39m
[32m[Nest] 43984  - [39m16/09/2026 05:25:13 [32m    LOG[39m [38;5;3m[RouterExplorer] [39m[32mMapped {/api/contracts/:id/card-pdf, GET} route[39m[38;5;3m +1ms[39m
[32m[Nest] 43984  - [39m16/09/2026 05:25:13 [32m    LOG[39m [38;5;3m[RouterExplorer] [39m[32mMapped {/api/admin/contracts, GET} route[39m[38;5;3m +1ms[39m
[32m[Nest] 43984  - [39m16/09/2026 05:25:13 [32m    LOG[39m [38;5;3m[RouterExplorer] [39m[32mMapped {/api/admin/contracts/:id/suspend, POST} route[39m[38;5;3m +1ms[39m
[32m[Nest] 43984  - [39m16/09/2026 05:25:13 [32m    LOG[39m [38;5;3m[RouterExplorer] [39m[32mMapped {/api/admin/contracts/:id/activate, POST} route[39m[38;5;3m +0ms[39m
[32m[Nest] 43984  - [39m16/09/2026 05:25:13 [32m    LOG[39m [38;5;3m[RouterExplorer] [39m[32mMapped {/api/admin/contracts/:id/terminate, POST} route[39m[38;5;3m +1ms[39m
[32m[Nest] 43984  - [39m16/09/2026 05:25:13 [32m    LOG[39m [38;5;3m[RoutesResolver] [39m[32mBeneficiariesController {/api/contracts/:contractId/beneficiaries}:[39m[38;5;3m +0ms[39m
[32m[Nest] 43984  - [39m16/09/2026 05:25:13 [32m    LOG[39m [38;5;3m[RouterExplorer] [39m[32mMapped {/api/contracts/:contractId/beneficiaries, GET} route[39m[38;5;3m +1ms[39m
[32m[Nest] 43984  - [39m16/09/2026 05:25:13 [32m    LOG[39m [38;5;3m[RouterExplorer] [39m[32mMapped {/api/contracts/:contractId/beneficiaries, POST} route[39m[38;5;3m +0ms[39m
[32m[Nest] 43984  - [39m16/09/2026 05:25:13 [32m    LOG[39m [38;5;3m[RouterExplorer] [39m[32mMapped {/api/contracts/:contractId/beneficiaries/:beneficiaryId, PATCH} route[39m[38;5;3m +2ms[39m
[32m[Nest] 43984  - [39m16/09/2026 05:25:13 [32m    LOG[39m [38;5;3m[RouterExplorer] [39m[32mMapped {/api/contracts/:contractId/beneficiaries/:beneficiaryId/remove, POST} route[39m[38;5;3m +3ms[39m
[32m[Nest] 43984  - [39m16/09/2026 05:25:13 [32m    LOG[39m [38;5;3m[RouterExplorer] [39m[32mMapped {/api/contracts/:contractId/beneficiaries/:beneficiaryId/history, GET} route[39m[38;5;3m +2ms[39m
[32m[Nest] 43984  - [39m16/09/2026 05:25:13 [32m    LOG[39m [38;5;3m[RoutesResolver] [39m[32mPaymentsController {/api}:[39m[38;5;3m +1ms[39m
[32m[Nest] 43984  - [39m16/09/2026 05:25:13 [32m    LOG[39m [38;5;3m[RouterExplorer] [39m[32mMapped {/api/payments/methods, GET} route[39m[38;5;3m +1ms[39m
[32m[Nest] 43984  - [39m16/09/2026 05:25:13 [32m    LOG[39m [38;5;3m[RouterExplorer] [39m[32mMapped {/api/payments/initiate, POST} route[39m[38;5;3m +1ms[39m
[32m[Nest] 43984  - [39m16/09/2026 05:25:13 [32m    LOG[39m [38;5;3m[RouterExplorer] [39m[32mMapped {/api/payments/mock/confirm, POST} route[39m[38;5;3m +1ms[39m
[32m[Nest] 43984  - [39m16/09/2026 05:25:13 [32m    LOG[39m [38;5;3m[RouterExplorer] [39m[32mMapped {/api/payments/webhook/fedapay, POST} route[39m[38;5;3m +1ms[39m
[32m[Nest] 43984  - [39m16/09/2026 05:25:13 [32m    LOG[39m [38;5;3m[RouterExplorer] [39m[32mMapped {/api/payments/webhook/cinetpay, POST} route[39m[38;5;3m +0ms[39m
[32m[Nest] 43984  - [39m16/09/2026 05:25:13 [32m    LOG[39m [38;5;3m[RouterExplorer] [39m[32mMapped {/api/payments/:id/status, GET} route[39m[38;5;3m +1ms[39m
[32m[Nest] 43984  - [39m16/09/2026 05:25:13 [32m    LOG[39m [38;5;3m[RouterExplorer] [39m[32mMapped {/api/payments/mine, GET} route[39m[38;5;3m +1ms[39m
[32m[Nest] 43984  - [39m16/09/2026 05:25:13 [32m    LOG[39m [38;5;3m[RouterExplorer] [39m[32mMapped {/api/admin/payments, GET} route[39m[38;5;3m +0ms[39m
[32m[Nest] 43984  - [39m16/09/2026 05:25:13 [32m    LOG[39m [38;5;3m[RoutesResolver] [39m[32mAccountingController {/api}:[39m[38;5;3m +0ms[39m
[32m[Nest] 43984  - [39m16/09/2026 05:25:13 [32m    LOG[39m [38;5;3m[RouterExplorer] [39m[32mMapped {/api/admin/accounting/entries, GET} route[39m[38;5;3m +1ms[39m
[32m[Nest] 43984  - [39m16/09/2026 05:25:13 [32m    LOG[39m [38;5;3m[RouterExplorer] [39m[32mMapped {/api/admin/accounting/summary, GET} route[39m[38;5;3m +1ms[39m
[32m[Nest] 43984  - [39m16/09/2026 05:25:13 [32m    LOG[39m [38;5;3m[RouterExplorer] [39m[32mMapped {/api/admin/accounting/export, GET} route[39m[38;5;3m +1ms[39m
[32m[Nest] 43984  - [39m16/09/2026 05:25:13 [32m    LOG[39m [38;5;3m[RouterExplorer] [39m[32mMapped {/api/admin/accounting/chart, GET} route[39m[38;5;3m +0ms[39m
[32m[Nest] 43984  - [39m16/09/2026 05:25:13 [32m    LOG[39m [38;5;3m[RoutesResolver] [39m[32mClaimsController {/api}:[39m[38;5;3m +1ms[39m
[32m[Nest] 43984  - [39m16/09/2026 05:25:13 [32m    LOG[39m [38;5;3m[RouterExplorer] [39m[32mMapped {/api/claims/categories, GET} route[39m[38;5;3m +0ms[39m
[32m[Nest] 43984  - [39m16/09/2026 05:25:13 [32m    LOG[39m [38;5;3m[RouterExplorer] [39m[32mMapped {/api/claims, POST} route[39m[38;5;3m +0ms[39m
[32m[Nest] 43984  - [39m16/09/2026 05:25:13 [32m    LOG[39m [38;5;3m[RouterExplorer] [39m[32mMapped {/api/claims/:id/submit, POST} route[39m[38;5;3m +1ms[39m
[32m[Nest] 43984  - [39m16/09/2026 05:25:13 [32m    LOG[39m [38;5;3m[RouterExplorer] [39m[32mMapped {/api/claims/mine, GET} route[39m[38;5;3m +0ms[39m
[32m[Nest] 43984  - [39m16/09/2026 05:25:13 [32m    LOG[39m [38;5;3m[RouterExplorer] [39m[32mMapped {/api/claims/:id, GET} route[39m[38;5;3m +0ms[39m
[32m[Nest] 43984  - [39m16/09/2026 05:25:13 [32m    LOG[39m [38;5;3m[RouterExplorer] [39m[32mMapped {/api/admin/claims, GET} route[39m[38;5;3m +1ms[39m
[32m[Nest] 43984  - [39m16/09/2026 05:25:13 [32m    LOG[39m [38;5;3m[RouterExplorer] [39m[32mMapped {/api/admin/claims/:id/authorize, POST} route[39m[38;5;3m +0ms[39m
[32m[Nest] 43984  - [39m16/09/2026 05:25:13 [32m    LOG[39m [38;5;3m[RouterExplorer] [39m[32mMapped {/api/admin/claims/:id/request-info, POST} route[39m[38;5;3m +1ms[39m
[32m[Nest] 43984  - [39m16/09/2026 05:25:13 [32m    LOG[39m [38;5;3m[RouterExplorer] [39m[32mMapped {/api/admin/claims/:id/under-review, POST} route[39m[38;5;3m +2ms[39m
[32m[Nest] 43984  - [39m16/09/2026 05:25:13 [32m    LOG[39m [38;5;3m[RouterExplorer] [39m[32mMapped {/api/admin/claims/:id/approve, POST} route[39m[38;5;3m +1ms[39m
[32m[Nest] 43984  - [39m16/09/2026 05:25:13 [32m    LOG[39m [38;5;3m[RouterExplorer] [39m[32mMapped {/api/admin/claims/:id/reject, POST} route[39m[38;5;3m +1ms[39m
[32m[Nest] 43984  - [39m16/09/2026 05:25:13 [32m    LOG[39m [38;5;3m[RouterExplorer] [39m[32mMapped {/api/admin/claims/:id/cancel, POST} route[39m[38;5;3m +1ms[39m
[32m[Nest] 43984  - [39m16/09/2026 05:25:13 [32m    LOG[39m [38;5;3m[RouterExplorer] [39m[32mMapped {/api/admin/claims/:id/mark-paid, POST} route[39m[38;5;3m +1ms[39m
[32m[Nest] 43984  - [39m16/09/2026 05:25:13 [32m    LOG[39m [38;5;3m[RoutesResolver] [39m[32mProvidersController {/api}:[39m[38;5;3m +0ms[39m
[32m[Nest] 43984  - [39m16/09/2026 05:25:13 [32m    LOG[39m [38;5;3m[RouterExplorer] [39m[32mMapped {/api/providers, GET} route[39m[38;5;3m +1ms[39m
[32m[Nest] 43984  - [39m16/09/2026 05:25:13 [32m    LOG[39m [38;5;3m[RouterExplorer] [39m[32mMapped {/api/providers/cities, GET} route[39m[38;5;3m +0ms[39m
[32m[Nest] 43984  - [39m16/09/2026 05:25:13 [32m    LOG[39m [38;5;3m[RouterExplorer] [39m[32mMapped {/api/admin/providers, GET} route[39m[38;5;3m +0ms[39m
[32m[Nest] 43984  - [39m16/09/2026 05:25:13 [32m    LOG[39m [38;5;3m[RouterExplorer] [39m[32mMapped {/api/admin/providers, POST} route[39m[38;5;3m +1ms[39m
[32m[Nest] 43984  - [39m16/09/2026 05:25:13 [32m    LOG[39m [38;5;3m[RouterExplorer] [39m[32mMapped {/api/admin/providers/:id, PATCH} route[39m[38;5;3m +0ms[39m
[32m[Nest] 43984  - [39m16/09/2026 05:25:13 [32m    LOG[39m [38;5;3m[RouterExplorer] [39m[32mMapped {/api/admin/providers/:id/approve, POST} route[39m[38;5;3m +0ms[39m
[32m[Nest] 43984  - [39m16/09/2026 05:25:13 [32m    LOG[39m [38;5;3m[RouterExplorer] [39m[32mMapped {/api/admin/providers/:id/suspend, POST} route[39m[38;5;3m +1ms[39m
[32m[Nest] 43984  - [39m16/09/2026 05:25:13 [32m    LOG[39m [38;5;3m[RoutesResolver] [39m[32mProviderPortalController {/api/provider}:[39m[38;5;3m +0ms[39m
[32m[Nest] 43984  - [39m16/09/2026 05:25:13 [32m    LOG[39m [38;5;3m[RouterExplorer] [39m[32mMapped {/api/provider/me, GET} route[39m[38;5;3m +0ms[39m
[32m[Nest] 43984  - [39m16/09/2026 05:25:13 [32m    LOG[39m [38;5;3m[RouterExplorer] [39m[32mMapped {/api/provider/me/establishment, PATCH} route[39m[38;5;3m +1ms[39m
[32m[Nest] 43984  - [39m16/09/2026 05:25:13 [32m    LOG[39m [38;5;3m[RouterExplorer] [39m[32mMapped {/api/provider/me/photo, POST} route[39m[38;5;3m +1ms[39m
[32m[Nest] 43984  - [39m16/09/2026 05:25:13 [32m    LOG[39m [38;5;3m[RouterExplorer] [39m[32mMapped {/api/provider/acts, GET} route[39m[38;5;3m +0ms[39m
[32m[Nest] 43984  - [39m16/09/2026 05:25:13 [32m    LOG[39m [38;5;3m[RouterExplorer] [39m[32mMapped {/api/provider/dashboard, GET} route[39m[38;5;3m +0ms[39m
[32m[Nest] 43984  - [39m16/09/2026 05:25:13 [32m    LOG[39m [38;5;3m[RouterExplorer] [39m[32mMapped {/api/provider/thirdparty, GET} route[39m[38;5;3m +1ms[39m
[32m[Nest] 43984  - [39m16/09/2026 05:25:13 [32m    LOG[39m [38;5;3m[RouterExplorer] [39m[32mMapped {/api/provider/thirdparty/:id, GET} route[39m[38;5;3m +0ms[39m
[32m[Nest] 43984  - [39m16/09/2026 05:25:13 [32m    LOG[39m [38;5;3m[RouterExplorer] [39m[32mMapped {/api/provider/verify, POST} route[39m[38;5;3m +1ms[39m
[32m[Nest] 43984  - [39m16/09/2026 05:25:13 [32m    LOG[39m [38;5;3m[RouterExplorer] [39m[32mMapped {/api/provider/thirdparty/initiate, POST} route[39m[38;5;3m +0ms[39m
[32m[Nest] 43984  - [39m16/09/2026 05:25:13 [32m    LOG[39m [38;5;3m[RouterExplorer] [39m[32mMapped {/api/provider/thirdparty/:id/emergency-confirm, POST} route[39m[38;5;3m +1ms[39m
[32m[Nest] 43984  - [39m16/09/2026 05:25:13 [32m    LOG[39m [38;5;3m[RouterExplorer] [39m[32mMapped {/api/provider/thirdparty/:id/confirm, POST} route[39m[38;5;3m +0ms[39m
[32m[Nest] 43984  - [39m16/09/2026 05:25:13 [32m    LOG[39m [38;5;3m[RouterExplorer] [39m[32mMapped {/api/provider/thirdparty/:id/realize, POST} route[39m[38;5;3m +1ms[39m
[32m[Nest] 43984  - [39m16/09/2026 05:25:13 [32m    LOG[39m [38;5;3m[RouterExplorer] [39m[32mMapped {/api/provider/thirdparty/:id/invoice, POST} route[39m[38;5;3m +1ms[39m
[32m[Nest] 43984  - [39m16/09/2026 05:25:13 [32m    LOG[39m [38;5;3m[RouterExplorer] [39m[32mMapped {/api/provider/staff, GET} route[39m[38;5;3m +0ms[39m
[32m[Nest] 43984  - [39m16/09/2026 05:25:13 [32m    LOG[39m [38;5;3m[RouterExplorer] [39m[32mMapped {/api/provider/staff, POST} route[39m[38;5;3m +0ms[39m
[32m[Nest] 43984  - [39m16/09/2026 05:25:13 [32m    LOG[39m [38;5;3m[RouterExplorer] [39m[32mMapped {/api/provider/staff/:id, PATCH} route[39m[38;5;3m +0ms[39m
[32m[Nest] 43984  - [39m16/09/2026 05:25:13 [32m    LOG[39m [38;5;3m[RoutesResolver] [39m[32mProviderRegistrationController {/api}:[39m[38;5;3m +0ms[39m
[32m[Nest] 43984  - [39m16/09/2026 05:25:13 [32m    LOG[39m [38;5;3m[RouterExplorer] [39m[32mMapped {/api/providers/register, POST} route[39m[38;5;3m +2ms[39m
[32m[Nest] 43984  - [39m16/09/2026 05:25:13 [32m    LOG[39m [38;5;3m[RouterExplorer] [39m[32mMapped {/api/admin/providers/bulk-import, POST} route[39m[38;5;3m +1ms[39m
[32m[Nest] 43984  - [39m16/09/2026 05:25:13 [32m    LOG[39m [38;5;3m[RouterExplorer] [39m[32mMapped {/api/providers/register/:id/documents, POST} route[39m[38;5;3m +1ms[39m
[32m[Nest] 43984  - [39m16/09/2026 05:25:13 [32m    LOG[39m [38;5;3m[RouterExplorer] [39m[32mMapped {/api/admin/providers/registrations, GET} route[39m[38;5;3m +0ms[39m
[32m[Nest] 43984  - [39m16/09/2026 05:25:14 [32m    LOG[39m [38;5;3m[RouterExplorer] [39m[32mMapped {/api/admin/providers/:id/documents, GET} route[39m[38;5;3m +1ms[39m
[32m[Nest] 43984  - [39m16/09/2026 05:25:14 [32m    LOG[39m [38;5;3m[RouterExplorer] [39m[32mMapped {/api/admin/providers/:id/documents/review, POST} route[39m[38;5;3m +2ms[39m
[32m[Nest] 43984  - [39m16/09/2026 05:25:14 [32m    LOG[39m [38;5;3m[RouterExplorer] [39m[32mMapped {/api/admin/providers/:id/approve-registration, POST} route[39m[38;5;3m +0ms[39m
[32m[Nest] 43984  - [39m16/09/2026 05:25:14 [32m    LOG[39m [38;5;3m[RouterExplorer] [39m[32mMapped {/api/admin/providers/:id/reject-registration, POST} route[39m[38;5;3m +1ms[39m
[32m[Nest] 43984  - [39m16/09/2026 05:25:14 [32m    LOG[39m [38;5;3m[RoutesResolver] [39m[32mCareController {/api}:[39m[38;5;3m +0ms[39m
[32m[Nest] 43984  - [39m16/09/2026 05:25:14 [32m    LOG[39m [38;5;3m[RouterExplorer] [39m[32mMapped {/api/medications, GET} route[39m[38;5;3m +2ms[39m
[32m[Nest] 43984  - [39m16/09/2026 05:25:14 [32m    LOG[39m [38;5;3m[RouterExplorer] [39m[32mMapped {/api/admin/medications, POST} route[39m[38;5;3m +0ms[39m
[32m[Nest] 43984  - [39m16/09/2026 05:25:14 [32m    LOG[39m [38;5;3m[RouterExplorer] [39m[32mMapped {/api/admin/medications, GET} route[39m[38;5;3m +1ms[39m
[32m[Nest] 43984  - [39m16/09/2026 05:25:14 [32m    LOG[39m [38;5;3m[RouterExplorer] [39m[32mMapped {/api/admin/acts, GET} route[39m[38;5;3m +0ms[39m
[32m[Nest] 43984  - [39m16/09/2026 05:25:14 [32m    LOG[39m [38;5;3m[RouterExplorer] [39m[32mMapped {/api/admin/acts, POST} route[39m[38;5;3m +1ms[39m
[32m[Nest] 43984  - [39m16/09/2026 05:25:14 [32m    LOG[39m [38;5;3m[RouterExplorer] [39m[32mMapped {/api/admin/acts/:id, PATCH} route[39m[38;5;3m +0ms[39m
[32m[Nest] 43984  - [39m16/09/2026 05:25:14 [32m    LOG[39m [38;5;3m[RouterExplorer] [39m[32mMapped {/api/provider/consultations, POST} route[39m[38;5;3m +1ms[39m
[32m[Nest] 43984  - [39m16/09/2026 05:25:14 [32m    LOG[39m [38;5;3m[RouterExplorer] [39m[32mMapped {/api/provider/consultations, GET} route[39m[38;5;3m +0ms[39m
[32m[Nest] 43984  - [39m16/09/2026 05:25:14 [32m    LOG[39m [38;5;3m[RouterExplorer] [39m[32mMapped {/api/consultations/mine, GET} route[39m[38;5;3m +0ms[39m
[32m[Nest] 43984  - [39m16/09/2026 05:25:14 [32m    LOG[39m [38;5;3m[RouterExplorer] [39m[32mMapped {/api/provider/prescriptions, POST} route[39m[38;5;3m +0ms[39m
[32m[Nest] 43984  - [39m16/09/2026 05:25:14 [32m    LOG[39m [38;5;3m[RouterExplorer] [39m[32mMapped {/api/provider/prescriptions, GET} route[39m[38;5;3m +0ms[39m
[32m[Nest] 43984  - [39m16/09/2026 05:25:14 [32m    LOG[39m [38;5;3m[RouterExplorer] [39m[32mMapped {/api/provider/prescriptions/:id, GET} route[39m[38;5;3m +1ms[39m
[32m[Nest] 43984  - [39m16/09/2026 05:25:14 [32m    LOG[39m [38;5;3m[RouterExplorer] [39m[32mMapped {/api/provider/prescriptions/:id/renew, POST} route[39m[38;5;3m +1ms[39m
[32m[Nest] 43984  - [39m16/09/2026 05:25:14 [32m    LOG[39m [38;5;3m[RouterExplorer] [39m[32mMapped {/api/provider/prescriptions/:id/cancel, POST} route[39m[38;5;3m +0ms[39m
[32m[Nest] 43984  - [39m16/09/2026 05:25:14 [32m    LOG[39m [38;5;3m[RouterExplorer] [39m[32mMapped {/api/provider/prescriptions/scan, POST} route[39m[38;5;3m +0ms[39m
[32m[Nest] 43984  - [39m16/09/2026 05:25:14 [32m    LOG[39m [38;5;3m[RouterExplorer] [39m[32mMapped {/api/provider/deliveries, POST} route[39m[38;5;3m +1ms[39m
[32m[Nest] 43984  - [39m16/09/2026 05:25:14 [32m    LOG[39m [38;5;3m[RouterExplorer] [39m[32mMapped {/api/provider/deliveries, GET} route[39m[38;5;3m +0ms[39m
[32m[Nest] 43984  - [39m16/09/2026 05:25:14 [32m    LOG[39m [38;5;3m[RouterExplorer] [39m[32mMapped {/api/prescriptions/mine, GET} route[39m[38;5;3m +0ms[39m
[32m[Nest] 43984  - [39m16/09/2026 05:25:14 [32m    LOG[39m [38;5;3m[RouterExplorer] [39m[32mMapped {/api/consultations/mine-old, GET} route[39m[38;5;3m +1ms[39m
[32m[Nest] 43984  - [39m16/09/2026 05:25:14 [32m    LOG[39m [38;5;3m[RoutesResolver] [39m[32mCareRecordController {/api/care-records}:[39m[38;5;3m +0ms[39m
[32m[Nest] 43984  - [39m16/09/2026 05:25:14 [32m    LOG[39m [38;5;3m[RouterExplorer] [39m[32mMapped {/api/care-records/mine, GET} route[39m[38;5;3m +1ms[39m
[32m[Nest] 43984  - [39m16/09/2026 05:25:14 [32m    LOG[39m [38;5;3m[RouterExplorer] [39m[32mMapped {/api/care-records/provider/care-records, GET} route[39m[38;5;3m +1ms[39m
[32m[Nest] 43984  - [39m16/09/2026 05:25:14 [32m    LOG[39m [38;5;3m[RouterExplorer] [39m[32mMapped {/api/care-records/:id, GET} route[39m[38;5;3m +0ms[39m
[32m[Nest] 43984  - [39m16/09/2026 05:25:14 [32m    LOG[39m [38;5;3m[RouterExplorer] [39m[32mMapped {/api/care-records/:id/timeline, GET} route[39m[38;5;3m +1ms[39m
[32m[Nest] 43984  - [39m16/09/2026 05:25:14 [32m    LOG[39m [38;5;3m[RoutesResolver] [39m[32mCompanyController {/api}:[39m[38;5;3m +1ms[39m
[32m[Nest] 43984  - [39m16/09/2026 05:25:14 [32m    LOG[39m [38;5;3m[RouterExplorer] [39m[32mMapped {/api/companies/register, POST} route[39m[38;5;3m +1ms[39m
[32m[Nest] 43984  - [39m16/09/2026 05:25:14 [32m    LOG[39m [38;5;3m[RouterExplorer] [39m[32mMapped {/api/company/me/dashboard, GET} route[39m[38;5;3m +1ms[39m
[32m[Nest] 43984  - [39m16/09/2026 05:25:14 [32m    LOG[39m [38;5;3m[RouterExplorer] [39m[32mMapped {/api/company/me/group-contract, GET} route[39m[38;5;3m +1ms[39m
[32m[Nest] 43984  - [39m16/09/2026 05:25:14 [32m    LOG[39m [38;5;3m[RouterExplorer] [39m[32mMapped {/api/company/me/employees, GET} route[39m[38;5;3m +0ms[39m
[32m[Nest] 43984  - [39m16/09/2026 05:25:14 [32m    LOG[39m [38;5;3m[RouterExplorer] [39m[32mMapped {/api/company/employees, GET} route[39m[38;5;3m +0ms[39m
[32m[Nest] 43984  - [39m16/09/2026 05:25:14 [32m    LOG[39m [38;5;3m[RouterExplorer] [39m[32mMapped {/api/company/me/employees, POST} route[39m[38;5;3m +1ms[39m
[32m[Nest] 43984  - [39m16/09/2026 05:25:14 [32m    LOG[39m [38;5;3m[RouterExplorer] [39m[32mMapped {/api/company/me/employees/import, POST} route[39m[38;5;3m +1ms[39m
[32m[Nest] 43984  - [39m16/09/2026 05:25:14 [32m    LOG[39m [38;5;3m[RouterExplorer] [39m[32mMapped {/api/company/me/employees/:id/radiate, POST} route[39m[38;5;3m +0ms[39m
[32m[Nest] 43984  - [39m16/09/2026 05:25:14 [32m    LOG[39m [38;5;3m[RouterExplorer] [39m[32mMapped {/api/company/employees/:id/radiate, POST} route[39m[38;5;3m +0ms[39m
[32m[Nest] 43984  - [39m16/09/2026 05:25:14 [32m    LOG[39m [38;5;3m[RouterExplorer] [39m[32mMapped {/api/company/me/employees/:id, PATCH} route[39m[38;5;3m +1ms[39m
[32m[Nest] 43984  - [39m16/09/2026 05:25:14 [32m    LOG[39m [38;5;3m[RouterExplorer] [39m[32mMapped {/api/company/me/employees/:id, DELETE} route[39m[38;5;3m +0ms[39m
[32m[Nest] 43984  - [39m16/09/2026 05:25:14 [32m    LOG[39m [38;5;3m[RouterExplorer] [39m[32mMapped {/api/company/me/claims, GET} route[39m[38;5;3m +0ms[39m
[32m[Nest] 43984  - [39m16/09/2026 05:25:14 [32m    LOG[39m [38;5;3m[RoutesResolver] [39m[32mNotificationsController {/api/notifications}:[39m[38;5;3m +0ms[39m
[32m[Nest] 43984  - [39m16/09/2026 05:25:14 [32m    LOG[39m [38;5;3m[RouterExplorer] [39m[32mMapped {/api/notifications, GET} route[39m[38;5;3m +1ms[39m
[32m[Nest] 43984  - [39m16/09/2026 05:25:14 [32m    LOG[39m [38;5;3m[RouterExplorer] [39m[32mMapped {/api/notifications/:id/read, POST} route[39m[38;5;3m +0ms[39m
[32m[Nest] 43984  - [39m16/09/2026 05:25:14 [32m    LOG[39m [38;5;3m[RouterExplorer] [39m[32mMapped {/api/notifications/read-all, POST} route[39m[38;5;3m +0ms[39m
[32m[Nest] 43984  - [39m16/09/2026 05:25:14 [32m    LOG[39m [38;5;3m[RoutesResolver] [39m[32mStatsController {/api/stats}:[39m[38;5;3m +0ms[39m
[32m[Nest] 43984  - [39m16/09/2026 05:25:14 [32m    LOG[39m [38;5;3m[RouterExplorer] [39m[32mMapped {/api/stats/admin/dashboard, GET} route[39m[38;5;3m +1ms[39m
[32m[Nest] 43984  - [39m16/09/2026 05:25:14 [32m    LOG[39m [38;5;3m[RouterExplorer] [39m[32mMapped {/api/stats/admin/technical-result, GET} route[39m[38;5;3m +1ms[39m
[32m[Nest] 43984  - [39m16/09/2026 05:25:14 [32m    LOG[39m [38;5;3m[RoutesResolver] [39m[32mHealthController {/api}:[39m[38;5;3m +0ms[39m
[32m[Nest] 43984  - [39m16/09/2026 05:25:14 [32m    LOG[39m [38;5;3m[RouterExplorer] [39m[32mMapped {/api/health, GET} route[39m[38;5;3m +0ms[39m
[32m[Nest] 43984  - [39m16/09/2026 05:25:14 [32m    LOG[39m [38;5;3m[RoutesResolver] [39m[32mAdminMiscController {/api/admin}:[39m[38;5;3m +1ms[39m
[32m[Nest] 43984  - [39m16/09/2026 05:25:14 [32m    LOG[39m [38;5;3m[RouterExplorer] [39m[32mMapped {/api/admin/anomalies/summary, GET} route[39m[38;5;3m +0ms[39m
[32m[Nest] 43984  - [39m16/09/2026 05:25:14 [32m    LOG[39m [38;5;3m[RouterExplorer] [39m[32mMapped {/api/admin/anomalies, GET} route[39m[38;5;3m +0ms[39m
[32m[Nest] 43984  - [39m16/09/2026 05:25:14 [32m    LOG[39m [38;5;3m[RouterExplorer] [39m[32mMapped {/api/admin/audit, GET} route[39m[38;5;3m +1ms[39m
[32m[Nest] 43984  - [39m16/09/2026 05:25:14 [32m    LOG[39m [38;5;3m[RouterExplorer] [39m[32mMapped {/api/admin/config, GET} route[39m[38;5;3m +0ms[39m
[32m[Nest] 43984  - [39m16/09/2026 05:25:14 [32m    LOG[39m [38;5;3m[RouterExplorer] [39m[32mMapped {/api/admin/config, POST} route[39m[38;5;3m +0ms[39m
[32m[Nest] 43984  - [39m16/09/2026 05:25:14 [32m    LOG[39m [38;5;3m[RoutesResolver] [39m[32mDocumentsController {/api}:[39m[38;5;3m +0ms[39m
[32m[Nest] 43984  - [39m16/09/2026 05:25:14 [32m    LOG[39m [38;5;3m[RouterExplorer] [39m[32mMapped {/api/contracts/:id/certificate, GET} route[39m[38;5;3m +1ms[39m
[32m[Nest] 43984  - [39m16/09/2026 05:25:14 [32m    LOG[39m [38;5;3m[RouterExplorer] [39m[32mMapped {/api/company/me/attestation, GET} route[39m[38;5;3m +0ms[39m
[32m[Nest] 43984  - [39m16/09/2026 05:25:14 [32m    LOG[39m [38;5;3m[RoutesResolver] [39m[32mOfflineController {/api/offline}:[39m[38;5;3m +1ms[39m
[32m[Nest] 43984  - [39m16/09/2026 05:25:14 [32m    LOG[39m [38;5;3m[RouterExplorer] [39m[32mMapped {/api/offline/sync, POST} route[39m[38;5;3m +1ms[39m
[32m[Nest] 43984  - [39m16/09/2026 05:25:14 [32m    LOG[39m [38;5;3m[RoutesResolver] [39m[32mDistributorsController {/api}:[39m[38;5;3m +1ms[39m
[32m[Nest] 43984  - [39m16/09/2026 05:25:14 [32m    LOG[39m [38;5;3m[RouterExplorer] [39m[32mMapped {/api/admin/distributors, GET} route[39m[38;5;3m +1ms[39m
[32m[Nest] 43984  - [39m16/09/2026 05:25:14 [32m    LOG[39m [38;5;3m[RouterExplorer] [39m[32mMapped {/api/admin/distributors/:id, GET} route[39m[38;5;3m +1ms[39m
[32m[Nest] 43984  - [39m16/09/2026 05:25:14 [32m    LOG[39m [38;5;3m[RouterExplorer] [39m[32mMapped {/api/admin/distributors, POST} route[39m[38;5;3m +1ms[39m
[32m[Nest] 43984  - [39m16/09/2026 05:25:14 [32m    LOG[39m [38;5;3m[RouterExplorer] [39m[32mMapped {/api/admin/distributors/:id, PATCH} route[39m[38;5;3m +1ms[39m
[32m[Nest] 43984  - [39m16/09/2026 05:25:14 [32m    LOG[39m [38;5;3m[RouterExplorer] [39m[32mMapped {/api/admin/distributors/:id/activate, POST} route[39m[38;5;3m +0ms[39m
[32m[Nest] 43984  - [39m16/09/2026 05:25:14 [32m    LOG[39m [38;5;3m[RouterExplorer] [39m[32mMapped {/api/admin/distributors/:id/suspend, POST} route[39m[38;5;3m +1ms[39m
[32m[Nest] 43984  - [39m16/09/2026 05:25:14 [32m    LOG[39m [38;5;3m[RouterExplorer] [39m[32mMapped {/api/admin/distributors/:id/stats, GET} route[39m[38;5;3m +0ms[39m
[32m[Nest] 43984  - [39m16/09/2026 05:25:14 [32m    LOG[39m [38;5;3m[RouterExplorer] [39m[32mMapped {/api/admin/distributors/:id/commissions, GET} route[39m[38;5;3m +0ms[39m
[32m[Nest] 43984  - [39m16/09/2026 05:25:14 [32m    LOG[39m [38;5;3m[RouterExplorer] [39m[32mMapped {/api/distributor/me, GET} route[39m[38;5;3m +1ms[39m
[32m[Nest] 43984  - [39m16/09/2026 05:25:14 [32m    LOG[39m [38;5;3m[RouterExplorer] [39m[32mMapped {/api/distributor/me/stats, GET} route[39m[38;5;3m +0ms[39m
[32m[Nest] 43984  - [39m16/09/2026 05:25:14 [32m    LOG[39m [38;5;3m[RouterExplorer] [39m[32mMapped {/api/distributor/me/commissions, GET} route[39m[38;5;3m +0ms[39m
[32m[Nest] 43984  - [39m16/09/2026 05:25:14 [32m    LOG[39m [38;5;3m[RouterExplorer] [39m[32mMapped {/api/distributors/lookup/:code, GET} route[39m[38;5;3m +0ms[39m
[32m[Nest] 43984  - [39m16/09/2026 05:25:14 [32m    LOG[39m [38;5;3m[RoutesResolver] [39m[32mCommissionsController {/api}:[39m[38;5;3m +0ms[39m
[32m[Nest] 43984  - [39m16/09/2026 05:25:14 [32m    LOG[39m [38;5;3m[RouterExplorer] [39m[32mMapped {/api/admin/commissions, GET} route[39m[38;5;3m +1ms[39m
[32m[Nest] 43984  - [39m16/09/2026 05:25:14 [32m    LOG[39m [38;5;3m[RouterExplorer] [39m[32mMapped {/api/admin/commissions/stats, GET} route[39m[38;5;3m +0ms[39m
[32m[Nest] 43984  - [39m16/09/2026 05:25:14 [32m    LOG[39m [38;5;3m[RouterExplorer] [39m[32mMapped {/api/admin/commissions/:id/approve, POST} route[39m[38;5;3m +0ms[39m
[32m[Nest] 43984  - [39m16/09/2026 05:25:14 [32m    LOG[39m [38;5;3m[RouterExplorer] [39m[32mMapped {/api/admin/commissions/:id/reject, POST} route[39m[38;5;3m +0ms[39m
[32m[Nest] 43984  - [39m16/09/2026 05:25:14 [32m    LOG[39m [38;5;3m[RouterExplorer] [39m[32mMapped {/api/admin/commissions/:id/pay, POST} route[39m[38;5;3m +0ms[39m
[32m[Nest] 43984  - [39m16/09/2026 05:25:14 [32m    LOG[39m [38;5;3m[RoutesResolver] [39m[32mFraudController {/api/admin/fraud}:[39m[38;5;3m +1ms[39m
[32m[Nest] 43984  - [39m16/09/2026 05:25:14 [32m    LOG[39m [38;5;3m[RouterExplorer] [39m[32mMapped {/api/admin/fraud, GET} route[39m[38;5;3m +0ms[39m
[32m[Nest] 43984  - [39m16/09/2026 05:25:14 [32m    LOG[39m [38;5;3m[RouterExplorer] [39m[32mMapped {/api/admin/fraud/:id, GET} route[39m[38;5;3m +0ms[39m
[32m[Nest] 43984  - [39m16/09/2026 05:25:14 [32m    LOG[39m [38;5;3m[RouterExplorer] [39m[32mMapped {/api/admin/fraud/:id/review, POST} route[39m[38;5;3m +0ms[39m
[32m[Nest] 43984  - [39m16/09/2026 05:25:14 [32m    LOG[39m [38;5;3m[RoutesResolver] [39m[32mBatchBillingController {/api/billing}:[39m[38;5;3m +0ms[39m
[32m[Nest] 43984  - [39m16/09/2026 05:25:14 [32m    LOG[39m [38;5;3m[RouterExplorer] [39m[32mMapped {/api/billing/batch-invoices, POST} route[39m[38;5;3m +0ms[39m
[32m[Nest] 43984  - [39m16/09/2026 05:25:14 [32m    LOG[39m [38;5;3m[RouterExplorer] [39m[32mMapped {/api/billing/batch-invoices/submit, POST} route[39m[38;5;3m +0ms[39m
[32m[Nest] 43984  - [39m16/09/2026 05:25:14 [32m    LOG[39m [38;5;3m[RouterExplorer] [39m[32mMapped {/api/billing/batch-invoices/validate, POST} route[39m[38;5;3m +1ms[39m
[32m[Nest] 43984  - [39m16/09/2026 05:25:14 [32m    LOG[39m [38;5;3m[RouterExplorer] [39m[32mMapped {/api/billing/batch-invoices/pay, POST} route[39m[38;5;3m +0ms[39m
[32m[Nest] 43984  - [39m16/09/2026 05:25:14 [32m    LOG[39m [38;5;3m[RouterExplorer] [39m[32mMapped {/api/billing/batch-invoices, GET} route[39m[38;5;3m +0ms[39m
[32m[Nest] 43984  - [39m16/09/2026 05:25:14 [32m    LOG[39m [38;5;3m[RouterExplorer] [39m[32mMapped {/api/billing/batch-invoices/:id, GET} route[39m[38;5;3m +0ms[39m
[32m[Nest] 43984  - [39m16/09/2026 05:25:14 [32m    LOG[39m [38;5;3m[RouterExplorer] [39m[32mMapped {/api/billing/rejections, POST} route[39m[38;5;3m +0ms[39m
[32m[Nest] 43984  - [39m16/09/2026 05:25:14 [32m    LOG[39m [38;5;3m[RouterExplorer] [39m[32mMapped {/api/billing/rejections/dispute, POST} route[39m[38;5;3m +0ms[39m
[32m[Nest] 43984  - [39m16/09/2026 05:25:14 [32m    LOG[39m [38;5;3m[RouterExplorer] [39m[32mMapped {/api/billing/rejections/resolve, POST} route[39m[38;5;3m +0ms[39m
[32m[Nest] 43984  - [39m16/09/2026 05:25:14 [32m    LOG[39m [38;5;3m[RouterExplorer] [39m[32mMapped {/api/billing/rejections, GET} route[39m[38;5;3m +1ms[39m
[32m[Nest] 43984  - [39m16/09/2026 05:25:14 [32m    LOG[39m [38;5;3m[RouterExplorer] [39m[32mMapped {/api/billing/credit-notes, POST} route[39m[38;5;3m +0ms[39m
[32m[Nest] 43984  - [39m16/09/2026 05:25:14 [32m    LOG[39m [38;5;3m[RouterExplorer] [39m[32mMapped {/api/billing/credit-notes/:id/apply, POST} route[39m[38;5;3m +0ms[39m
[32m[Nest] 43984  - [39m16/09/2026 05:25:14 [32m    LOG[39m [38;5;3m[RouterExplorer] [39m[32mMapped {/api/billing/credit-notes, GET} route[39m[38;5;3m +0ms[39m
[32m[Nest] 43984  - [39m16/09/2026 05:25:14 [32m    LOG[39m [38;5;3m[RouterExplorer] [39m[32mMapped {/api/billing/reconciliations, POST} route[39m[38;5;3m +0ms[39m
[32m[Nest] 43984  - [39m16/09/2026 05:25:14 [32m    LOG[39m [38;5;3m[RouterExplorer] [39m[32mMapped {/api/billing/reconciliations, GET} route[39m[38;5;3m +0ms[39m
[32m[Nest] 43984  - [39m16/09/2026 05:25:14 [32m    LOG[39m [38;5;3m[RoutesResolver] [39m[32mProviderBillingController {/api/provider}:[39m[38;5;3m +0ms[39m
[32m[Nest] 43984  - [39m16/09/2026 05:25:14 [32m    LOG[39m [38;5;3m[RouterExplorer] [39m[32mMapped {/api/provider/batch-invoices, GET} route[39m[38;5;3m +1ms[39m
[32m[Nest] 43984  - [39m16/09/2026 05:25:14 [32m    LOG[39m [38;5;3m[RouterExplorer] [39m[32mMapped {/api/provider/batch-invoices/:id, GET} route[39m[38;5;3m +0ms[39m
[32m[Nest] 43984  - [39m16/09/2026 05:25:14 [32m    LOG[39m [38;5;3m[RouterExplorer] [39m[32mMapped {/api/provider/batch-invoices, POST} route[39m[38;5;3m +0ms[39m
[32m[Nest] 43984  - [39m16/09/2026 05:25:14 [32m    LOG[39m [38;5;3m[RouterExplorer] [39m[32mMapped {/api/provider/batch-invoices/submit, POST} route[39m[38;5;3m +0ms[39m
[32m[Nest] 43984  - [39m16/09/2026 05:25:14 [32m    LOG[39m [38;5;3m[RouterExplorer] [39m[32mMapped {/api/provider/rejections, GET} route[39m[38;5;3m +1ms[39m
[32m[Nest] 43984  - [39m16/09/2026 05:25:14 [32m    LOG[39m [38;5;3m[RouterExplorer] [39m[32mMapped {/api/provider/rejections/acknowledge, POST} route[39m[38;5;3m +0ms[39m
[32m[Nest] 43984  - [39m16/09/2026 05:25:14 [32m    LOG[39m [38;5;3m[RouterExplorer] [39m[32mMapped {/api/provider/rejections/dispute, POST} route[39m[38;5;3m +0ms[39m
[32m[Nest] 43984  - [39m16/09/2026 05:25:14 [32m    LOG[39m [38;5;3m[RoutesResolver] [39m[32mAnalyticsController {/api/analytics}:[39m[38;5;3m +0ms[39m
[32m[Nest] 43984  - [39m16/09/2026 05:25:14 [32m    LOG[39m [38;5;3m[RouterExplorer] [39m[32mMapped {/api/analytics/kpis, GET} route[39m[38;5;3m +0ms[39m
[32m[Nest] 43984  - [39m16/09/2026 05:25:14 [32m    LOG[39m [38;5;3m[RouterExplorer] [39m[32mMapped {/api/analytics/loss-ratio, GET} route[39m[38;5;3m +0ms[39m
[32m[Nest] 43984  - [39m16/09/2026 05:25:14 [32m    LOG[39m [38;5;3m[RouterExplorer] [39m[32mMapped {/api/analytics/technical-reserves, GET} route[39m[38;5;3m +0ms[39m
[32m[Nest] 43984  - [39m16/09/2026 05:25:14 [32m    LOG[39m [38;5;3m[RouterExplorer] [39m[32mMapped {/api/analytics/product-profitability, GET} route[39m[38;5;3m +1ms[39m
[32m[Nest] 43984  - [39m16/09/2026 05:25:14 [32m    LOG[39m [38;5;3m[RouterExplorer] [39m[32mMapped {/api/analytics/provider-performance, GET} route[39m[38;5;3m +0ms[39m
[32m[Nest] 43984  - [39m16/09/2026 05:25:14 [32m    LOG[39m [38;5;3m[RouterExplorer] [39m[32mMapped {/api/analytics/portfolio-evolution, GET} route[39m[38;5;3m +0ms[39m
[32m[Nest] 43984  - [39m16/09/2026 05:25:14 [32m    LOG[39m [38;5;3m[RoutesResolver] [39m[32mReferentialController {/api}:[39m[38;5;3m +0ms[39m
[32m[Nest] 43984  - [39m16/09/2026 05:25:14 [32m    LOG[39m [38;5;3m[RouterExplorer] [39m[32mMapped {/api/branches, GET} route[39m[38;5;3m +0ms[39m
[32m[Nest] 43984  - [39m16/09/2026 05:25:14 [32m    LOG[39m [38;5;3m[RouterExplorer] [39m[32mMapped {/api/admin/branches, GET} route[39m[38;5;3m +0ms[39m
[32m[Nest] 43984  - [39m16/09/2026 05:25:14 [32m    LOG[39m [38;5;3m[RouterExplorer] [39m[32mMapped {/api/admin/branches, POST} route[39m[38;5;3m +0ms[39m
[32m[Nest] 43984  - [39m16/09/2026 05:25:14 [32m    LOG[39m [38;5;3m[RouterExplorer] [39m[32mMapped {/api/admin/branches/:id, POST} route[39m[38;5;3m +0ms[39m
[32m[Nest] 43984  - [39m16/09/2026 05:25:14 [32m    LOG[39m [38;5;3m[RouterExplorer] [39m[32mMapped {/api/diseases, GET} route[39m[38;5;3m +1ms[39m
[32m[Nest] 43984  - [39m16/09/2026 05:25:14 [32m    LOG[39m [38;5;3m[RouterExplorer] [39m[32mMapped {/api/admin/diseases, GET} route[39m[38;5;3m +0ms[39m
[32m[Nest] 43984  - [39m16/09/2026 05:25:14 [32m    LOG[39m [38;5;3m[RouterExplorer] [39m[32mMapped {/api/admin/diseases, POST} route[39m[38;5;3m +0ms[39m
[32m[Nest] 43984  - [39m16/09/2026 05:25:14 [32m    LOG[39m [38;5;3m[RouterExplorer] [39m[32mMapped {/api/admin/diseases/:id, POST} route[39m[38;5;3m +1ms[39m
[32m[Nest] 43984  - [39m16/09/2026 05:25:14 [32m    LOG[39m [38;5;3m[RoutesResolver] [39m[32mHospitalController {/api/hospital}:[39m[38;5;3m +0ms[39m
[32m[Nest] 43984  - [39m16/09/2026 05:25:14 [32m    LOG[39m [38;5;3m[RouterExplorer] [39m[32mMapped {/api/hospital/entente, POST} route[39m[38;5;3m +1ms[39m
[32m[Nest] 43984  - [39m16/09/2026 05:25:14 [32m    LOG[39m [38;5;3m[RouterExplorer] [39m[32mMapped {/api/hospital/ententes, GET} route[39m[38;5;3m +1ms[39m
[32m[Nest] 43984  - [39m16/09/2026 05:25:14 [32m    LOG[39m [38;5;3m[NestApplication] [39m[32mNest application successfully started[39m[38;5;3m +142ms[39m
API ready on http://localhost:4000/api
Environment: development
Database already has 28 users — skipping seed.
[EMAIL -> p4_ad6ha6lc38@test.bj] Bienvenue sur SantéPlus, P4 !
[SMS -> +229 954368844] Bienvenue sur SantéPlus, P4 !
[EMAIL -> p4_ad6ha6lc38@test.bj] Souscription en cours — CTR-2026-7BD4E6
[SMS -> +229 954368844] Souscription en cours — CTR-2026-7BD4E6
[EMAIL -> p4_ad6ha6lc38@test.bj] Votre contrat CTR-2026-7BD4E6 est actif
[SMS -> +229 954368844] Votre contrat CTR-2026-7BD4E6 est actif
[EMAIL -> p4_ad6ha6lc38@test.bj] Paiement reçu : 82200 FCFA
[SMS -> +229 954368844] Paiement reçu : 82200 FCFA
[EMAIL -> p4_ugn3rfldyf@test.bj] Bienvenue sur SantéPlus, P4 !
[SMS -> +229 967297126] Bienvenue sur SantéPlus, P4 !
[EMAIL -> p4_ugn3rfldyf@test.bj] Souscription en cours — CTR-2026-F813E6
[SMS -> +229 967297126] Souscription en cours — CTR-2026-F813E6
[EMAIL -> p4_ugn3rfldyf@test.bj] Votre contrat CTR-2026-F813E6 est actif
[SMS -> +229 967297126] Votre contrat CTR-2026-F813E6 est actif
[EMAIL -> p4_ugn3rfldyf@test.bj] Paiement reçu : 82200 FCFA
[SMS -> +229 967297126] Paiement reçu : 82200 FCFA
[EMAIL -> p4_nwsoy8lfqn@test.bj] Bienvenue sur SantéPlus, P4 !
[SMS -> +229 931574325] Bienvenue sur SantéPlus, P4 !
[EMAIL -> p4_nwsoy8lfqn@test.bj] Souscription en cours — CTR-2026-E28888
[SMS -> +229 931574325] Souscription en cours — CTR-2026-E28888
[EMAIL -> p4_nwsoy8lfqn@test.bj] Votre contrat CTR-2026-E28888 est actif
[SMS -> +229 931574325] Votre contrat CTR-2026-E28888 est actif
[EMAIL -> p4_nwsoy8lfqn@test.bj] Paiement reçu : 82200 FCFA
[SMS -> +229 931574325] Paiement reçu : 82200 FCFA
[SMS -> +229 931574325] Délivrance DEL-2026-7CF321 — prise en charge 0 FCFA
[EMAIL -> p4_1m35c0lhte@test.bj] Bienvenue sur SantéPlus, P4 !
[SMS -> +229 988061544] Bienvenue sur SantéPlus, P4 !
[EMAIL -> p4_1m35c0lhte@test.bj] Souscription en cours — CTR-2026-DFC71C
[SMS -> +229 988061544] Souscription en cours — CTR-2026-DFC71C
[EMAIL -> p4_1m35c0lhte@test.bj] Votre contrat CTR-2026-DFC71C est actif
[SMS -> +229 988061544] Votre contrat CTR-2026-DFC71C est actif
[EMAIL -> p4_1m35c0lhte@test.bj] Paiement reçu : 203000 FCFA
[SMS -> +229 988061544] Paiement reçu : 203000 FCFA
[SMS -> +229 988061544] Prise en charge TPE-2026-541984
[SMS -> +229 988061544] Prise en charge TPE-2026-D607F2
[EMAIL -> p4_1m35c0lhte@test.bj] TPE-2026-541984 — Demande partiellement approuvée
[SMS -> +229 988061544] TPE-2026-541984 — Demande partiellement approuvée
[EMAIL -> p4_1m35c0lhte@test.bj] TPE-2026-D607F2 — Demande partiellement approuvée
[SMS -> +229 988061544] TPE-2026-D607F2 — Demande partiellement approuvée
[EMAIL -> p4_la5clelmg3@test.bj] Bienvenue sur SantéPlus, P4 !
[SMS -> +229 968705732] Bienvenue sur SantéPlus, P4 !
[EMAIL -> p4_la5clelmg3@test.bj] Souscription en cours — CTR-2026-5C99D8
[SMS -> +229 968705732] Souscription en cours — CTR-2026-5C99D8
[EMAIL -> p4_la5clelmg3@test.bj] Votre contrat CTR-2026-5C99D8 est actif
[SMS -> +229 968705732] Votre contrat CTR-2026-5C99D8 est actif
[EMAIL -> p4_la5clelmg3@test.bj] Paiement reçu : 203000 FCFA
[SMS -> +229 968705732] Paiement reçu : 203000 FCFA
[SMS -> +229 968705732] Prise en charge TPE-2026-BD31D7
[SMS -> +229 968705732] Prise en charge TPE-2026-D49CED
[SMS -> +229 968705732] Prise en charge TPE-2026-539CDB
[SMS -> +229 968705732] Prise en charge TPE-2026-F5949B
[SMS -> +229 968705732] Prise en charge TPE-2026-C4B374
[SMS -> +229 968705732] Prise en charge TPE-2026-9B5B2B
[EMAIL -> p4_u7kt4xlpqc@test.bj] Bienvenue sur SantéPlus, P4 !
[SMS -> +229 955551520] Bienvenue sur SantéPlus, P4 !
[EMAIL -> p4_u7kt4xlpqc@test.bj] Souscription en cours — CTR-2026-AAB4C6
[SMS -> +229 955551520] Souscription en cours — CTR-2026-AAB4C6
[EMAIL -> p4_u7kt4xlpqc@test.bj] Votre contrat CTR-2026-AAB4C6 est actif
[SMS -> +229 955551520] Votre contrat CTR-2026-AAB4C6 est actif
[EMAIL -> p4_u7kt4xlpqc@test.bj] Paiement reçu : 203000 FCFA
[SMS -> +229 955551520] Paiement reçu : 203000 FCFA
[SMS -> +229 955551520] Prise en charge TPE-2026-655000
[SMS -> +229 955551520] Prise en charge TPE-2026-11476D
[SMS -> +229 955551520] Prise en charge TPE-2026-64C7BD
[SMS -> +229 955551520] Prise en charge TPE-2026-990BBB
[SMS -> +229 955551520] Prise en charge TPE-2026-6B403E
[SMS -> +229 955551520] Prise en charge TPE-2026-8CB623
[EMAIL -> p4_u7kt4xlpqc@test.bj] Paiement reçu : 100000 FCFA
[SMS -> +229 955551520] Paiement reçu : 100000 FCFA
[EMAIL -> p4_0a0q9alt3b@test.bj] Bienvenue sur SantéPlus, P4 !
[SMS -> +229 932864509] Bienvenue sur SantéPlus, P4 !
[EMAIL -> p4_0a0q9alt3b@test.bj] Souscription en cours — CTR-2026-C8FC3A
[SMS -> +229 932864509] Souscription en cours — CTR-2026-C8FC3A
[EMAIL -> p4_0a0q9alt3b@test.bj] Votre contrat CTR-2026-C8FC3A est actif
[SMS -> +229 932864509] Votre contrat CTR-2026-C8FC3A est actif
[EMAIL -> p4_0a0q9alt3b@test.bj] Paiement reçu : 103000 FCFA
[SMS -> +229 932864509] Paiement reçu : 103000 FCFA
[EMAIL -> p4_0a0q9alt3b@test.bj] Demande SIN-2026-D33114 reçue
[SMS -> +229 932864509] Demande SIN-2026-D33114 reçue
[EMAIL -> p4_0a0q9alt3b@test.bj] SIN-2026-D33114 — Demande partiellement approuvée
[SMS -> +229 932864509] SIN-2026-D33114 — Demande partiellement approuvée
[EMAIL -> p4_7vjshelvev@test.bj] Bienvenue sur SantéPlus, P4 !
[SMS -> +229 976235802] Bienvenue sur SantéPlus, P4 !
[EMAIL -> p4_7vjshelvev@test.bj] Souscription en cours — CTR-2026-7EAB09
[SMS -> +229 976235802] Souscription en cours — CTR-2026-7EAB09
[EMAIL -> p4_7vjshelvev@test.bj] Votre contrat CTR-2026-7EAB09 est actif
[SMS -> +229 976235802] Votre contrat CTR-2026-7EAB09 est actif
[EMAIL -> p4_7vjshelvev@test.bj] Paiement reçu : 82200 FCFA
[SMS -> +229 976235802] Paiement reçu : 82200 FCFA
[SMS -> +229 976235802] Délivrance DEL-2026-8EE8F9 — prise en charge 0 FCFA
[EMAIL -> p4_ubtaaylxhr@test.bj] Bienvenue sur SantéPlus, P4 !
[SMS -> +229 929845376] Bienvenue sur SantéPlus, P4 !
[EMAIL -> p4_ubtaaylxhr@test.bj] Souscription en cours — CTR-2026-13865B
[SMS -> +229 929845376] Souscription en cours — CTR-2026-13865B
[EMAIL -> p4_ubtaaylxhr@test.bj] Votre contrat CTR-2026-13865B est actif
[SMS -> +229 929845376] Votre contrat CTR-2026-13865B est actif
[EMAIL -> p4_ubtaaylxhr@test.bj] Paiement reçu : 103000 FCFA
[SMS -> +229 929845376] Paiement reçu : 103000 FCFA
[SMS -> +229 929845376] Prise en charge TPE-2026-B1CC6D
[SMS -> +229 929845376] Prise en charge TPE-2026-CF9405
[SMS -> +229 929845376] Prise en charge TPE-2026-A3FA3C
[SMS -> +229 929845376] Prise en charge TPE-2026-10C51C
[EMAIL -> p4_4y1srxm06k@test.bj] Bienvenue sur SantéPlus, P4 !
[SMS -> +229 956015262] Bienvenue sur SantéPlus, P4 !
[EMAIL -> p4_4y1srxm06k@test.bj] Souscription en cours — CTR-2026-F1B1E9
[SMS -> +229 956015262] Souscription en cours — CTR-2026-F1B1E9
[EMAIL -> p4_4y1srxm06k@test.bj] Votre contrat CTR-2026-F1B1E9 est actif
[SMS -> +229 956015262] Votre contrat CTR-2026-F1B1E9 est actif
[EMAIL -> p4_4y1srxm06k@test.bj] Paiement reçu : 103000 FCFA
[SMS -> +229 956015262] Paiement reçu : 103000 FCFA
[EMAIL -> p4_358zkzm1bh@test.bj] Bienvenue sur SantéPlus, P4 !
[SMS -> +229 956306157] Bienvenue sur SantéPlus, P4 !
[EMAIL -> p4_358zkzm1bh@test.bj] Souscription en cours — CTR-2026-EC588D
[SMS -> +229 956306157] Souscription en cours — CTR-2026-EC588D
[EMAIL -> p4_358zkzm1bh@test.bj] Votre contrat CTR-2026-EC588D est actif
[SMS -> +229 956306157] Votre contrat CTR-2026-EC588D est actif
[EMAIL -> p4_358zkzm1bh@test.bj] Paiement reçu : 103000 FCFA
[SMS -> +229 956306157] Paiement reçu : 103000 FCFA
[SMS -> +229 956306157] Prise en charge TPE-2026-D05872
[SMS -> +229 956306157] Prise en charge TPE-2026-167B56
[SMS -> +229 956306157] Prise en charge TPE-2026-21D87D
[SMS -> +229 956306157] Prise en charge TPE-2026-321B3A
[EMAIL -> p4_lmde3qm43b@test.bj] Bienvenue sur SantéPlus, P4 !
[SMS -> +229 948085633] Bienvenue sur SantéPlus, P4 !
[EMAIL -> p4_lmde3qm43b@test.bj] Souscription en cours — CTR-2026-B560FC
[SMS -> +229 948085633] Souscription en cours — CTR-2026-B560FC
[EMAIL -> p4_lmde3qm43b@test.bj] Votre contrat CTR-2026-B560FC est actif
[SMS -> +229 948085633] Votre contrat CTR-2026-B560FC est actif
[EMAIL -> p4_lmde3qm43b@test.bj] Paiement reçu : 1003000 FCFA
[SMS -> +229 948085633] Paiement reçu : 1003000 FCFA
[SMS -> +229 948085633] Prise en charge TPE-2026-089994
[EMAIL -> p4_zqhsjhnji7@test.bj] Bienvenue sur SantéPlus, P4 !
[SMS -> +229 987453593] Bienvenue sur SantéPlus, P4 !
[EMAIL -> p4_zqhsjhnji7@test.bj] Souscription en cours — CTR-2026-0294B7
[SMS -> +229 987453593] Souscription en cours — CTR-2026-0294B7
[EMAIL -> p4_zqhsjhnji7@test.bj] Votre contrat CTR-2026-0294B7 est actif
[SMS -> +229 987453593] Votre contrat CTR-2026-0294B7 est actif
[EMAIL -> p4_zqhsjhnji7@test.bj] Paiement reçu : 82200 FCFA
[SMS -> +229 987453593] Paiement reçu : 82200 FCFA
[EMAIL -> p4_1lhbkknm8j@test.bj] Bienvenue sur SantéPlus, P4 !
[SMS -> +229 996759582] Bienvenue sur SantéPlus, P4 !
[EMAIL -> p4_1lhbkknm8j@test.bj] Souscription en cours — CTR-2026-2D5311
[SMS -> +229 996759582] Souscription en cours — CTR-2026-2D5311
[EMAIL -> p4_1lhbkknm8j@test.bj] Votre contrat CTR-2026-2D5311 est actif
[SMS -> +229 996759582] Votre contrat CTR-2026-2D5311 est actif
[EMAIL -> p4_1lhbkknm8j@test.bj] Paiement reçu : 82200 FCFA
[SMS -> +229 996759582] Paiement reçu : 82200 FCFA
[EMAIL -> p4_d909ztnnuo@test.bj] Bienvenue sur SantéPlus, P4 !
[SMS -> +229 931888714] Bienvenue sur SantéPlus, P4 !
[EMAIL -> p4_d909ztnnuo@test.bj] Souscription en cours — CTR-2026-290A64
[SMS -> +229 931888714] Souscription en cours — CTR-2026-290A64
[EMAIL -> p4_d909ztnnuo@test.bj] Votre contrat CTR-2026-290A64 est actif
[SMS -> +229 931888714] Votre contrat CTR-2026-290A64 est actif
[EMAIL -> p4_d909ztnnuo@test.bj] Paiement reçu : 82200 FCFA
[SMS -> +229 931888714] Paiement reçu : 82200 FCFA
[SMS -> +229 931888714] Délivrance DEL-2026-2AB891 — prise en charge 0 FCFA
[EMAIL -> p4_wzha7lnpwz@test.bj] Bienvenue sur SantéPlus, P4 !
[SMS -> +229 965296967] Bienvenue sur SantéPlus, P4 !
[EMAIL -> p4_wzha7lnpwz@test.bj] Souscription en cours — CTR-2026-57E5CD
[SMS -> +229 965296967] Souscription en cours — CTR-2026-57E5CD
[EMAIL -> p4_wzha7lnpwz@test.bj] Votre contrat CTR-2026-57E5CD est actif
[SMS -> +229 965296967] Votre contrat CTR-2026-57E5CD est actif
[EMAIL -> p4_wzha7lnpwz@test.bj] Paiement reçu : 203000 FCFA
[SMS -> +229 965296967] Paiement reçu : 203000 FCFA
[SMS -> +229 965296967] Prise en charge TPE-2026-440F9E
[SMS -> +229 965296967] Prise en charge TPE-2026-956A79
[EMAIL -> p4_wzha7lnpwz@test.bj] TPE-2026-440F9E — Demande partiellement approuvée
[SMS -> +229 965296967] TPE-2026-440F9E — Demande partiellement approuvée
[EMAIL -> p4_wzha7lnpwz@test.bj] TPE-2026-956A79 — Demande partiellement approuvée
[SMS -> +229 965296967] TPE-2026-956A79 — Demande partiellement approuvée
[EMAIL -> p4_gw9ff2nt5q@test.bj] Bienvenue sur SantéPlus, P4 !
[SMS -> +229 994782915] Bienvenue sur SantéPlus, P4 !
[EMAIL -> p4_gw9ff2nt5q@test.bj] Souscription en cours — CTR-2026-B0EBEC
[SMS -> +229 994782915] Souscription en cours — CTR-2026-B0EBEC
[EMAIL -> p4_gw9ff2nt5q@test.bj] Votre contrat CTR-2026-B0EBEC est actif
[SMS -> +229 994782915] Votre contrat CTR-2026-B0EBEC est actif
[EMAIL -> p4_gw9ff2nt5q@test.bj] Paiement reçu : 203000 FCFA
[SMS -> +229 994782915] Paiement reçu : 203000 FCFA
[SMS -> +229 994782915] Prise en charge TPE-2026-62B32D
[SMS -> +229 994782915] Prise en charge TPE-2026-5948FD
[SMS -> +229 994782915] Prise en charge TPE-2026-A89C35
[SMS -> +229 994782915] Prise en charge TPE-2026-262B12
[SMS -> +229 994782915] Prise en charge TPE-2026-92C649
[SMS -> +229 994782915] Prise en charge TPE-2026-79CEA4
[EMAIL -> p4_xss7pvnvpd@test.bj] Bienvenue sur SantéPlus, P4 !
[SMS -> +229 969558036] Bienvenue sur SantéPlus, P4 !
[EMAIL -> p4_xss7pvnvpd@test.bj] Souscription en cours — CTR-2026-6B8CCF
[SMS -> +229 969558036] Souscription en cours — CTR-2026-6B8CCF
[EMAIL -> p4_xss7pvnvpd@test.bj] Votre contrat CTR-2026-6B8CCF est actif
[SMS -> +229 969558036] Votre contrat CTR-2026-6B8CCF est actif
[EMAIL -> p4_xss7pvnvpd@test.bj] Paiement reçu : 203000 FCFA
[SMS -> +229 969558036] Paiement reçu : 203000 FCFA
[SMS -> +229 969558036] Prise en charge TPE-2026-DFB8CF
[SMS -> +229 969558036] Prise en charge TPE-2026-320707
[SMS -> +229 969558036] Prise en charge TPE-2026-3BBE62
[SMS -> +229 969558036] Prise en charge TPE-2026-48EAAE
[SMS -> +229 969558036] Prise en charge TPE-2026-443865
[SMS -> +229 969558036] Prise en charge TPE-2026-5AC790
[EMAIL -> p4_xss7pvnvpd@test.bj] Paiement reçu : 100000 FCFA
[SMS -> +229 969558036] Paiement reçu : 100000 FCFA
[EMAIL -> p4_5yfcxhnxty@test.bj] Bienvenue sur SantéPlus, P4 !
[SMS -> +229 967026187] Bienvenue sur SantéPlus, P4 !
[EMAIL -> p4_5yfcxhnxty@test.bj] Souscription en cours — CTR-2026-79D030
[SMS -> +229 967026187] Souscription en cours — CTR-2026-79D030
[EMAIL -> p4_5yfcxhnxty@test.bj] Votre contrat CTR-2026-79D030 est actif
[SMS -> +229 967026187] Votre contrat CTR-2026-79D030 est actif
[EMAIL -> p4_5yfcxhnxty@test.bj] Paiement reçu : 103000 FCFA
[SMS -> +229 967026187] Paiement reçu : 103000 FCFA
[EMAIL -> p4_5yfcxhnxty@test.bj] Demande SIN-2026-34069C reçue
[SMS -> +229 967026187] Demande SIN-2026-34069C reçue
[EMAIL -> p4_5yfcxhnxty@test.bj] SIN-2026-34069C — Demande partiellement approuvée
[SMS -> +229 967026187] SIN-2026-34069C — Demande partiellement approuvée
[EMAIL -> p4_abpgwbnysn@test.bj] Bienvenue sur SantéPlus, P4 !
[SMS -> +229 938493805] Bienvenue sur SantéPlus, P4 !
[EMAIL -> p4_abpgwbnysn@test.bj] Souscription en cours — CTR-2026-D22F0A
[SMS -> +229 938493805] Souscription en cours — CTR-2026-D22F0A
[EMAIL -> p4_abpgwbnysn@test.bj] Votre contrat CTR-2026-D22F0A est actif
[SMS -> +229 938493805] Votre contrat CTR-2026-D22F0A est actif
[EMAIL -> p4_abpgwbnysn@test.bj] Paiement reçu : 82200 FCFA
[SMS -> +229 938493805] Paiement reçu : 82200 FCFA
[SMS -> +229 938493805] Délivrance DEL-2026-1DE4D6 — prise en charge 0 FCFA
[EMAIL -> p4_lsh1sto011@test.bj] Bienvenue sur SantéPlus, P4 !
[SMS -> +229 914087873] Bienvenue sur SantéPlus, P4 !
[EMAIL -> p4_lsh1sto011@test.bj] Souscription en cours — CTR-2026-D2FF1E
[SMS -> +229 914087873] Souscription en cours — CTR-2026-D2FF1E
[EMAIL -> p4_lsh1sto011@test.bj] Votre contrat CTR-2026-D2FF1E est actif
[SMS -> +229 914087873] Votre contrat CTR-2026-D2FF1E est actif
[EMAIL -> p4_lsh1sto011@test.bj] Paiement reçu : 103000 FCFA
[SMS -> +229 914087873] Paiement reçu : 103000 FCFA
[SMS -> +229 914087873] Prise en charge TPE-2026-26715E
[SMS -> +229 914087873] Prise en charge TPE-2026-2F719B
[SMS -> +229 914087873] Prise en charge TPE-2026-09DA92
[SMS -> +229 914087873] Prise en charge TPE-2026-559E0B
[EMAIL -> p4_5pksyho1lu@test.bj] Bienvenue sur SantéPlus, P4 !
[SMS -> +229 982145927] Bienvenue sur SantéPlus, P4 !
[EMAIL -> p4_5pksyho1lu@test.bj] Souscription en cours — CTR-2026-A141ED
[SMS -> +229 982145927] Souscription en cours — CTR-2026-A141ED
[EMAIL -> p4_5pksyho1lu@test.bj] Votre contrat CTR-2026-A141ED est actif
[SMS -> +229 982145927] Votre contrat CTR-2026-A141ED est actif
[EMAIL -> p4_5pksyho1lu@test.bj] Paiement reçu : 103000 FCFA
[SMS -> +229 982145927] Paiement reçu : 103000 FCFA
[EMAIL -> p4_hbearro2cr@test.bj] Bienvenue sur SantéPlus, P4 !
[SMS -> +229 964769049] Bienvenue sur SantéPlus, P4 !
[EMAIL -> p4_hbearro2cr@test.bj] Souscription en cours — CTR-2026-5EFC32
[SMS -> +229 964769049] Souscription en cours — CTR-2026-5EFC32
[EMAIL -> p4_hbearro2cr@test.bj] Votre contrat CTR-2026-5EFC32 est actif
[SMS -> +229 964769049] Votre contrat CTR-2026-5EFC32 est actif
[EMAIL -> p4_hbearro2cr@test.bj] Paiement reçu : 103000 FCFA
[SMS -> +229 964769049] Paiement reçu : 103000 FCFA
[SMS -> +229 964769049] Prise en charge TPE-2026-FB3147
[SMS -> +229 964769049] Prise en charge TPE-2026-8D0204
[SMS -> +229 964769049] Prise en charge TPE-2026-2874D5
[SMS -> +229 964769049] Prise en charge TPE-2026-5B0A15
[EMAIL -> p4_ha05yeo4ee@test.bj] Bienvenue sur SantéPlus, P4 !
[SMS -> +229 985695885] Bienvenue sur SantéPlus, P4 !
[EMAIL -> p4_ha05yeo4ee@test.bj] Souscription en cours — CTR-2026-AB5750
[SMS -> +229 985695885] Souscription en cours — CTR-2026-AB5750
[EMAIL -> p4_ha05yeo4ee@test.bj] Votre contrat CTR-2026-AB5750 est actif
[SMS -> +229 985695885] Votre contrat CTR-2026-AB5750 est actif
[EMAIL -> p4_ha05yeo4ee@test.bj] Paiement reçu : 1003000 FCFA
[SMS -> +229 985695885] Paiement reçu : 1003000 FCFA
[SMS -> +229 985695885] Prise en charge TPE-2026-2D5074
[EMAIL -> e2e_652pt1@test.bj] Bienvenue sur SantéPlus, Test !
[SMS -> +229 955091508] Bienvenue sur SantéPlus, Test !
[EMAIL -> e2e_652pt1@test.bj] Souscription en cours — CTR-2026-5BA362
[SMS -> +229 955091508] Souscription en cours — CTR-2026-5BA362
[EMAIL -> e2e_652pt1@test.bj] Votre contrat CTR-2026-5BA362 est actif
[SMS -> +229 955091508] Votre contrat CTR-2026-5BA362 est actif
[EMAIL -> e2e_652pt1@test.bj] Paiement reçu : 9996 FCFA
[SMS -> +229 955091508] Paiement reçu : 9996 FCFA
[EMAIL -> e2e_652pt1@test.bj] Demande SIN-2026-CCFAB3 reçue
[SMS -> +229 955091508] Demande SIN-2026-CCFAB3 reçue
[EMAIL -> e2e_0fnmp3@test.bj] Bienvenue sur SantéPlus, Test !
[SMS -> +229 977229780] Bienvenue sur SantéPlus, Test !
[EMAIL -> e2e_0fnmp3@test.bj] Souscription en cours — CTR-2026-5405CC
[SMS -> +229 977229780] Souscription en cours — CTR-2026-5405CC
[EMAIL -> e2e_0fnmp3@test.bj] Votre contrat CTR-2026-5405CC est actif
[SMS -> +229 977229780] Votre contrat CTR-2026-5405CC est actif
[EMAIL -> e2e_0fnmp3@test.bj] Paiement reçu : 9996 FCFA
[SMS -> +229 977229780] Paiement reçu : 9996 FCFA
[EMAIL -> e2e_0fnmp3@test.bj] Demande SIN-2026-A742D8 reçue
[SMS -> +229 977229780] Demande SIN-2026-A742D8 reçue
