[crypto] FIELD_ENCRYPTION_KEY manquant/invalide — clé dérivée du JWT_SECRET utilisée (définir FIELD_ENCRYPTION_KEY en prod pour persistance)
WARNING: FIELD_ENCRYPTION_KEY manquant/invalide — clé dérivée du JWT_SECRET utilisée (définir FIELD_ENCRYPTION_KEY en prod pour persistance)
[32m[Nest] 40364  - [39m16/09/2026 23:05:28 [32m    LOG[39m [38;5;3m[NestFactory] [39m[32mStarting Nest application...[39m
[32m[Nest] 40364  - [39m16/09/2026 23:05:28 [32m    LOG[39m [38;5;3m[InstanceLoader] [39m[32mPrismaModule dependencies initialized[39m[38;5;3m +160ms[39m
[32m[Nest] 40364  - [39m16/09/2026 23:05:28 [32m    LOG[39m [38;5;3m[InstanceLoader] [39m[32mCommonModule dependencies initialized[39m[38;5;3m +50ms[39m
[32m[Nest] 40364  - [39m16/09/2026 23:05:28 [32m    LOG[39m [38;5;3m[InstanceLoader] [39m[32mAdminMiscModule dependencies initialized[39m[38;5;3m +1ms[39m
[32m[Nest] 40364  - [39m16/09/2026 23:05:28 [32m    LOG[39m [38;5;3m[InstanceLoader] [39m[32mAccountingModule dependencies initialized[39m[38;5;3m +5ms[39m
[32m[Nest] 40364  - [39m16/09/2026 23:05:28 [32m    LOG[39m [38;5;3m[InstanceLoader] [39m[32mStatsModule dependencies initialized[39m[38;5;3m +0ms[39m
[32m[Nest] 40364  - [39m16/09/2026 23:05:28 [32m    LOG[39m [38;5;3m[InstanceLoader] [39m[32mReferentialModule dependencies initialized[39m[38;5;3m +1ms[39m
[32m[Nest] 40364  - [39m16/09/2026 23:05:28 [32m    LOG[39m [38;5;3m[InstanceLoader] [39m[32mFilesModule dependencies initialized[39m[38;5;3m +1ms[39m
[32m[Nest] 40364  - [39m16/09/2026 23:05:28 [32m    LOG[39m [38;5;3m[InstanceLoader] [39m[32mNotificationsHttpModule dependencies initialized[39m[38;5;3m +1ms[39m
[32m[Nest] 40364  - [39m16/09/2026 23:05:28 [32m    LOG[39m [38;5;3m[InstanceLoader] [39m[32mFraudModule dependencies initialized[39m[38;5;3m +0ms[39m
[32m[Nest] 40364  - [39m16/09/2026 23:05:28 [32m    LOG[39m [38;5;3m[InstanceLoader] [39m[32mUsersModule dependencies initialized[39m[38;5;3m +1ms[39m
[32m[Nest] 40364  - [39m16/09/2026 23:05:28 [32m    LOG[39m [38;5;3m[InstanceLoader] [39m[32mOfflineModule dependencies initialized[39m[38;5;3m +1ms[39m
[32m[Nest] 40364  - [39m16/09/2026 23:05:28 [32m    LOG[39m [38;5;3m[InstanceLoader] [39m[32mAppModule dependencies initialized[39m[38;5;3m +0ms[39m
[32m[Nest] 40364  - [39m16/09/2026 23:05:28 [32m    LOG[39m [38;5;3m[InstanceLoader] [39m[32mHospitalModule dependencies initialized[39m[38;5;3m +1ms[39m
[32m[Nest] 40364  - [39m16/09/2026 23:05:28 [32m    LOG[39m [38;5;3m[InstanceLoader] [39m[32mDistributorsModule dependencies initialized[39m[38;5;3m +0ms[39m
[32m[Nest] 40364  - [39m16/09/2026 23:05:28 [32m    LOG[39m [38;5;3m[InstanceLoader] [39m[32mCommissionsModule dependencies initialized[39m[38;5;3m +0ms[39m
[32m[Nest] 40364  - [39m16/09/2026 23:05:28 [32m    LOG[39m [38;5;3m[InstanceLoader] [39m[32mAnalyticsModule dependencies initialized[39m[38;5;3m +0ms[39m
[32m[Nest] 40364  - [39m16/09/2026 23:05:28 [32m    LOG[39m [38;5;3m[InstanceLoader] [39m[32mCareModule dependencies initialized[39m[38;5;3m +1ms[39m
[32m[Nest] 40364  - [39m16/09/2026 23:05:28 [32m    LOG[39m [38;5;3m[InstanceLoader] [39m[32mProductsModule dependencies initialized[39m[38;5;3m +0ms[39m
[32m[Nest] 40364  - [39m16/09/2026 23:05:28 [32m    LOG[39m [38;5;3m[InstanceLoader] [39m[32mProvidersModule dependencies initialized[39m[38;5;3m +0ms[39m
[32m[Nest] 40364  - [39m16/09/2026 23:05:28 [32m    LOG[39m [38;5;3m[InstanceLoader] [39m[32mCompanyModule dependencies initialized[39m[38;5;3m +1ms[39m
[32m[Nest] 40364  - [39m16/09/2026 23:05:28 [32m    LOG[39m [38;5;3m[InstanceLoader] [39m[32mProviderPortalModule dependencies initialized[39m[38;5;3m +0ms[39m
[32m[Nest] 40364  - [39m16/09/2026 23:05:28 [32m    LOG[39m [38;5;3m[InstanceLoader] [39m[32mDocumentsModule dependencies initialized[39m[38;5;3m +1ms[39m
[32m[Nest] 40364  - [39m16/09/2026 23:05:28 [32m    LOG[39m [38;5;3m[InstanceLoader] [39m[32mSubscriptionModule dependencies initialized[39m[38;5;3m +0ms[39m
[32m[Nest] 40364  - [39m16/09/2026 23:05:28 [32m    LOG[39m [38;5;3m[InstanceLoader] [39m[32mAuthModule dependencies initialized[39m[38;5;3m +1ms[39m
[32m[Nest] 40364  - [39m16/09/2026 23:05:28 [32m    LOG[39m [38;5;3m[InstanceLoader] [39m[32mBirthCertificateModule dependencies initialized[39m[38;5;3m +0ms[39m
[32m[Nest] 40364  - [39m16/09/2026 23:05:28 [32m    LOG[39m [38;5;3m[InstanceLoader] [39m[32mCtsModule dependencies initialized[39m[38;5;3m +0ms[39m
[32m[Nest] 40364  - [39m16/09/2026 23:05:28 [32m    LOG[39m [38;5;3m[InstanceLoader] [39m[32mProviderRegistrationModule dependencies initialized[39m[38;5;3m +0ms[39m
[32m[Nest] 40364  - [39m16/09/2026 23:05:28 [32m    LOG[39m [38;5;3m[InstanceLoader] [39m[32mClaimsModule dependencies initialized[39m[38;5;3m +1ms[39m
[32m[Nest] 40364  - [39m16/09/2026 23:05:28 [32m    LOG[39m [38;5;3m[InstanceLoader] [39m[32mBatchBillingModule dependencies initialized[39m[38;5;3m +1ms[39m
[32m[Nest] 40364  - [39m16/09/2026 23:05:28 [32m    LOG[39m [38;5;3m[InstanceLoader] [39m[32mContractsModule dependencies initialized[39m[38;5;3m +0ms[39m
[32m[Nest] 40364  - [39m16/09/2026 23:05:28 [32m    LOG[39m [38;5;3m[InstanceLoader] [39m[32mPaymentsModule dependencies initialized[39m[38;5;3m +0ms[39m
[32m[Nest] 40364  - [39m16/09/2026 23:05:28 [32m    LOG[39m [38;5;3m[RoutesResolver] [39m[32mAuthController {/api/auth}:[39m[38;5;3m +35ms[39m
[32m[Nest] 40364  - [39m16/09/2026 23:05:28 [32m    LOG[39m [38;5;3m[RouterExplorer] [39m[32mMapped {/api/auth/register, POST} route[39m[38;5;3m +8ms[39m
[32m[Nest] 40364  - [39m16/09/2026 23:05:28 [32m    LOG[39m [38;5;3m[RouterExplorer] [39m[32mMapped {/api/auth/login, POST} route[39m[38;5;3m +1ms[39m
[32m[Nest] 40364  - [39m16/09/2026 23:05:28 [32m    LOG[39m [38;5;3m[RouterExplorer] [39m[32mMapped {/api/auth/refresh, POST} route[39m[38;5;3m +1ms[39m
[32m[Nest] 40364  - [39m16/09/2026 23:05:28 [32m    LOG[39m [38;5;3m[RouterExplorer] [39m[32mMapped {/api/auth/logout, POST} route[39m[38;5;3m +1ms[39m
[32m[Nest] 40364  - [39m16/09/2026 23:05:28 [32m    LOG[39m [38;5;3m[RouterExplorer] [39m[32mMapped {/api/auth/password, POST} route[39m[38;5;3m +1ms[39m
[32m[Nest] 40364  - [39m16/09/2026 23:05:28 [32m    LOG[39m [38;5;3m[RouterExplorer] [39m[32mMapped {/api/auth/me, GET} route[39m[38;5;3m +1ms[39m
[32m[Nest] 40364  - [39m16/09/2026 23:05:28 [32m    LOG[39m [38;5;3m[RoutesResolver] [39m[32mUsersController {/api}:[39m[38;5;3m +0ms[39m
[32m[Nest] 40364  - [39m16/09/2026 23:05:28 [32m    LOG[39m [38;5;3m[RouterExplorer] [39m[32mMapped {/api/users/me/photo, POST} route[39m[38;5;3m +1ms[39m
[32m[Nest] 40364  - [39m16/09/2026 23:05:28 [32m    LOG[39m [38;5;3m[RouterExplorer] [39m[32mMapped {/api/users/me/photo, GET} route[39m[38;5;3m +0ms[39m
[32m[Nest] 40364  - [39m16/09/2026 23:05:28 [32m    LOG[39m [38;5;3m[RouterExplorer] [39m[32mMapped {/api/users/me, PATCH} route[39m[38;5;3m +1ms[39m
[32m[Nest] 40364  - [39m16/09/2026 23:05:28 [32m    LOG[39m [38;5;3m[RouterExplorer] [39m[32mMapped {/api/users/me/national-id, GET} route[39m[38;5;3m +1ms[39m
[32m[Nest] 40364  - [39m16/09/2026 23:05:28 [32m    LOG[39m [38;5;3m[RouterExplorer] [39m[32mMapped {/api/admin/users, GET} route[39m[38;5;3m +1ms[39m
[32m[Nest] 40364  - [39m16/09/2026 23:05:28 [32m    LOG[39m [38;5;3m[RouterExplorer] [39m[32mMapped {/api/admin/users/:id, GET} route[39m[38;5;3m +1ms[39m
[32m[Nest] 40364  - [39m16/09/2026 23:05:28 [32m    LOG[39m [38;5;3m[RouterExplorer] [39m[32mMapped {/api/admin/users, POST} route[39m[38;5;3m +0ms[39m
[32m[Nest] 40364  - [39m16/09/2026 23:05:28 [32m    LOG[39m [38;5;3m[RouterExplorer] [39m[32mMapped {/api/admin/users/:id, PATCH} route[39m[38;5;3m +0ms[39m
[32m[Nest] 40364  - [39m16/09/2026 23:05:28 [32m    LOG[39m [38;5;3m[RouterExplorer] [39m[32mMapped {/api/admin/roles, GET} route[39m[38;5;3m +1ms[39m
[32m[Nest] 40364  - [39m16/09/2026 23:05:28 [32m    LOG[39m [38;5;3m[RouterExplorer] [39m[32mMapped {/api/admin/roles/:role/permissions, GET} route[39m[38;5;3m +0ms[39m
[32m[Nest] 40364  - [39m16/09/2026 23:05:28 [32m    LOG[39m [38;5;3m[RouterExplorer] [39m[32mMapped {/api/admin/roles/:role/permissions, POST} route[39m[38;5;3m +0ms[39m
[32m[Nest] 40364  - [39m16/09/2026 23:05:28 [32m    LOG[39m [38;5;3m[RouterExplorer] [39m[32mMapped {/api/users/me/photo, GET} route[39m[38;5;3m +1ms[39m
[32m[Nest] 40364  - [39m16/09/2026 23:05:28 [32m    LOG[39m [38;5;3m[RouterExplorer] [39m[32mMapped {/api/beneficiaries/:id/photo, POST} route[39m[38;5;3m +0ms[39m
[32m[Nest] 40364  - [39m16/09/2026 23:05:28 [32m    LOG[39m [38;5;3m[RouterExplorer] [39m[32mMapped {/api/beneficiaries/:id/photo, GET} route[39m[38;5;3m +0ms[39m
[32m[Nest] 40364  - [39m16/09/2026 23:05:28 [32m    LOG[39m [38;5;3m[RoutesResolver] [39m[32mFilesController {/api}:[39m[38;5;3m +1ms[39m
[32m[Nest] 40364  - [39m16/09/2026 23:05:28 [32m    LOG[39m [38;5;3m[RouterExplorer] [39m[32mMapped {/api/files/:id/view, GET} route[39m[38;5;3m +0ms[39m
[32m[Nest] 40364  - [39m16/09/2026 23:05:28 [32m    LOG[39m [38;5;3m[RouterExplorer] [39m[32mMapped {/api/admin/documents, GET} route[39m[38;5;3m +0ms[39m
[32m[Nest] 40364  - [39m16/09/2026 23:05:28 [32m    LOG[39m [38;5;3m[RoutesResolver] [39m[32mProductsController {/api}:[39m[38;5;3m +0ms[39m
[32m[Nest] 40364  - [39m16/09/2026 23:05:28 [32m    LOG[39m [38;5;3m[RouterExplorer] [39m[32mMapped {/api/products, GET} route[39m[38;5;3m +1ms[39m
[32m[Nest] 40364  - [39m16/09/2026 23:05:28 [32m    LOG[39m [38;5;3m[RouterExplorer] [39m[32mMapped {/api/admin/products, GET} route[39m[38;5;3m +0ms[39m
[32m[Nest] 40364  - [39m16/09/2026 23:05:28 [32m    LOG[39m [38;5;3m[RouterExplorer] [39m[32mMapped {/api/admin/products/:id, GET} route[39m[38;5;3m +1ms[39m
[32m[Nest] 40364  - [39m16/09/2026 23:05:28 [32m    LOG[39m [38;5;3m[RouterExplorer] [39m[32mMapped {/api/admin/products, POST} route[39m[38;5;3m +0ms[39m
[32m[Nest] 40364  - [39m16/09/2026 23:05:28 [32m    LOG[39m [38;5;3m[RouterExplorer] [39m[32mMapped {/api/admin/products/:id, PATCH} route[39m[38;5;3m +0ms[39m
[32m[Nest] 40364  - [39m16/09/2026 23:05:28 [32m    LOG[39m [38;5;3m[RouterExplorer] [39m[32mMapped {/api/admin/guarantees, GET} route[39m[38;5;3m +1ms[39m
[32m[Nest] 40364  - [39m16/09/2026 23:05:28 [32m    LOG[39m [38;5;3m[RouterExplorer] [39m[32mMapped {/api/admin/guarantees, POST} route[39m[38;5;3m +0ms[39m
[32m[Nest] 40364  - [39m16/09/2026 23:05:28 [32m    LOG[39m [38;5;3m[RouterExplorer] [39m[32mMapped {/api/admin/guarantees/:id, PATCH} route[39m[38;5;3m +1ms[39m
[32m[Nest] 40364  - [39m16/09/2026 23:05:28 [32m    LOG[39m [38;5;3m[RouterExplorer] [39m[32mMapped {/api/admin/partners, GET} route[39m[38;5;3m +0ms[39m
[32m[Nest] 40364  - [39m16/09/2026 23:05:28 [32m    LOG[39m [38;5;3m[RouterExplorer] [39m[32mMapped {/api/admin/partners, POST} route[39m[38;5;3m +0ms[39m
[32m[Nest] 40364  - [39m16/09/2026 23:05:28 [32m    LOG[39m [38;5;3m[RouterExplorer] [39m[32mMapped {/api/admin/partners/:id, PATCH} route[39m[38;5;3m +1ms[39m
[32m[Nest] 40364  - [39m16/09/2026 23:05:28 [32m    LOG[39m [38;5;3m[RoutesResolver] [39m[32mSubscriptionController {/api/subscription}:[39m[38;5;3m +0ms[39m
[32m[Nest] 40364  - [39m16/09/2026 23:05:28 [32m    LOG[39m [38;5;3m[RouterExplorer] [39m[32mMapped {/api/subscription/quote, POST} route[39m[38;5;3m +1ms[39m
[32m[Nest] 40364  - [39m16/09/2026 23:05:28 [32m    LOG[39m [38;5;3m[RouterExplorer] [39m[32mMapped {/api/subscription/subscribe, POST} route[39m[38;5;3m +0ms[39m
[32m[Nest] 40364  - [39m16/09/2026 23:05:28 [32m    LOG[39m [38;5;3m[RouterExplorer] [39m[32mMapped {/api/subscription/guarantee-change-requests, POST} route[39m[38;5;3m +1ms[39m
[32m[Nest] 40364  - [39m16/09/2026 23:05:28 [32m    LOG[39m [38;5;3m[RouterExplorer] [39m[32mMapped {/api/subscription/subscribe-company, POST} route[39m[38;5;3m +1ms[39m
[32m[Nest] 40364  - [39m16/09/2026 23:05:28 [32m    LOG[39m [38;5;3m[RoutesResolver] [39m[32mCtsController {/api}:[39m[38;5;3m +0ms[39m
[32m[Nest] 40364  - [39m16/09/2026 23:05:28 [32m    LOG[39m [38;5;3m[RouterExplorer] [39m[32mMapped {/api/admin/contracts/:id/cts, GET} route[39m[38;5;3m +1ms[39m
[32m[Nest] 40364  - [39m16/09/2026 23:05:28 [32m    LOG[39m [38;5;3m[RouterExplorer] [39m[32mMapped {/api/contracts/mine/cts, GET} route[39m[38;5;3m +0ms[39m
[32m[Nest] 40364  - [39m16/09/2026 23:05:28 [32m    LOG[39m [38;5;3m[RouterExplorer] [39m[32mMapped {/api/company/me/cts, GET} route[39m[38;5;3m +1ms[39m
[32m[Nest] 40364  - [39m16/09/2026 23:05:28 [32m    LOG[39m [38;5;3m[RouterExplorer] [39m[32mMapped {/api/admin/cts/portfolio, GET} route[39m[38;5;3m +0ms[39m
[32m[Nest] 40364  - [39m16/09/2026 23:05:28 [32m    LOG[39m [38;5;3m[RouterExplorer] [39m[32mMapped {/api/admin/solidarity/fund, GET} route[39m[38;5;3m +0ms[39m
[32m[Nest] 40364  - [39m16/09/2026 23:05:28 [32m    LOG[39m [38;5;3m[RouterExplorer] [39m[32mMapped {/api/admin/contracts/:id/solidarity-cover, POST} route[39m[38;5;3m +1ms[39m
[32m[Nest] 40364  - [39m16/09/2026 23:05:28 [32m    LOG[39m [38;5;3m[RouterExplorer] [39m[32mMapped {/api/cts/simulate, POST} route[39m[38;5;3m +0ms[39m
[32m[Nest] 40364  - [39m16/09/2026 23:05:28 [32m    LOG[39m [38;5;3m[RouterExplorer] [39m[32mMapped {/api/admin/contracts/:id/fund-calls, GET} route[39m[38;5;3m +1ms[39m
[32m[Nest] 40364  - [39m16/09/2026 23:05:28 [32m    LOG[39m [38;5;3m[RouterExplorer] [39m[32mMapped {/api/admin/contracts/:id/fund-calls, POST} route[39m[38;5;3m +0ms[39m
[32m[Nest] 40364  - [39m16/09/2026 23:05:28 [32m    LOG[39m [38;5;3m[RouterExplorer] [39m[32mMapped {/api/admin/fund-calls/:id/send, POST} route[39m[38;5;3m +1ms[39m
[32m[Nest] 40364  - [39m16/09/2026 23:05:28 [32m    LOG[39m [38;5;3m[RouterExplorer] [39m[32mMapped {/api/admin/fund-calls/:id/cancel, POST} route[39m[38;5;3m +0ms[39m
[32m[Nest] 40364  - [39m16/09/2026 23:05:28 [32m    LOG[39m [38;5;3m[RouterExplorer] [39m[32mMapped {/api/admin/contracts/:id/closure, GET} route[39m[38;5;3m +0ms[39m
[32m[Nest] 40364  - [39m16/09/2026 23:05:28 [32m    LOG[39m [38;5;3m[RouterExplorer] [39m[32mMapped {/api/admin/contracts/:id/closure, POST} route[39m[38;5;3m +1ms[39m
[32m[Nest] 40364  - [39m16/09/2026 23:05:28 [32m    LOG[39m [38;5;3m[RouterExplorer] [39m[32mMapped {/api/admin/closures/:id/confirm, POST} route[39m[38;5;3m +0ms[39m
[32m[Nest] 40364  - [39m16/09/2026 23:05:28 [32m    LOG[39m [38;5;3m[RoutesResolver] [39m[32mBirthCertificateController {/api/subscription}:[39m[38;5;3m +0ms[39m
[32m[Nest] 40364  - [39m16/09/2026 23:05:28 [32m    LOG[39m [38;5;3m[RouterExplorer] [39m[32mMapped {/api/subscription/birth-certificate/upload, POST} route[39m[38;5;3m +1ms[39m
[32m[Nest] 40364  - [39m16/09/2026 23:05:28 [32m    LOG[39m [38;5;3m[RouterExplorer] [39m[32mMapped {/api/subscription/birth-certificate/verify, POST} route[39m[38;5;3m +0ms[39m
[32m[Nest] 40364  - [39m16/09/2026 23:05:28 [32m    LOG[39m [38;5;3m[RouterExplorer] [39m[32mMapped {/api/subscription/birth-certificate/status, GET} route[39m[38;5;3m +0ms[39m
[32m[Nest] 40364  - [39m16/09/2026 23:05:28 [32m    LOG[39m [38;5;3m[RoutesResolver] [39m[32mContractsController {/api}:[39m[38;5;3m +0ms[39m
[32m[Nest] 40364  - [39m16/09/2026 23:05:28 [32m    LOG[39m [38;5;3m[RouterExplorer] [39m[32mMapped {/api/contracts/mine, GET} route[39m[38;5;3m +1ms[39m
[32m[Nest] 40364  - [39m16/09/2026 23:05:28 [32m    LOG[39m [38;5;3m[RouterExplorer] [39m[32mMapped {/api/contracts/:id, GET} route[39m[38;5;3m +0ms[39m
[32m[Nest] 40364  - [39m16/09/2026 23:05:28 [32m    LOG[39m [38;5;3m[RouterExplorer] [39m[32mMapped {/api/contracts/:id/card, GET} route[39m[38;5;3m +0ms[39m
[32m[Nest] 40364  - [39m16/09/2026 23:05:28 [32m    LOG[39m [38;5;3m[RouterExplorer] [39m[32mMapped {/api/contracts/:id/rotate-token, POST} route[39m[38;5;3m +0ms[39m
[32m[Nest] 40364  - [39m16/09/2026 23:05:28 [32m    LOG[39m [38;5;3m[RouterExplorer] [39m[32mMapped {/api/contracts/:id/renew, POST} route[39m[38;5;3m +1ms[39m
[32m[Nest] 40364  - [39m16/09/2026 23:05:28 [32m    LOG[39m [38;5;3m[RouterExplorer] [39m[32mMapped {/api/contracts/:id/risk-model, POST} route[39m[38;5;3m +0ms[39m
[32m[Nest] 40364  - [39m16/09/2026 23:05:28 [32m    LOG[39m [38;5;3m[RouterExplorer] [39m[32mMapped {/api/contracts/:id/certificate, GET} route[39m[38;5;3m +0ms[39m
[32m[Nest] 40364  - [39m16/09/2026 23:05:28 [32m    LOG[39m [38;5;3m[RouterExplorer] [39m[32mMapped {/api/contracts/:id/card-pdf, GET} route[39m[38;5;3m +0ms[39m
[32m[Nest] 40364  - [39m16/09/2026 23:05:28 [32m    LOG[39m [38;5;3m[RouterExplorer] [39m[32mMapped {/api/admin/contracts, GET} route[39m[38;5;3m +1ms[39m
[32m[Nest] 40364  - [39m16/09/2026 23:05:28 [32m    LOG[39m [38;5;3m[RouterExplorer] [39m[32mMapped {/api/admin/contracts/:id/suspend, POST} route[39m[38;5;3m +0ms[39m
[32m[Nest] 40364  - [39m16/09/2026 23:05:28 [32m    LOG[39m [38;5;3m[RouterExplorer] [39m[32mMapped {/api/admin/contracts/:id/activate, POST} route[39m[38;5;3m +0ms[39m
[32m[Nest] 40364  - [39m16/09/2026 23:05:28 [32m    LOG[39m [38;5;3m[RouterExplorer] [39m[32mMapped {/api/admin/contracts/:id/terminate, POST} route[39m[38;5;3m +0ms[39m
[32m[Nest] 40364  - [39m16/09/2026 23:05:28 [32m    LOG[39m [38;5;3m[RoutesResolver] [39m[32mBeneficiariesController {/api/contracts/:contractId/beneficiaries}:[39m[38;5;3m +1ms[39m
[32m[Nest] 40364  - [39m16/09/2026 23:05:28 [32m    LOG[39m [38;5;3m[RouterExplorer] [39m[32mMapped {/api/contracts/:contractId/beneficiaries, GET} route[39m[38;5;3m +0ms[39m
[32m[Nest] 40364  - [39m16/09/2026 23:05:28 [32m    LOG[39m [38;5;3m[RouterExplorer] [39m[32mMapped {/api/contracts/:contractId/beneficiaries, POST} route[39m[38;5;3m +1ms[39m
[32m[Nest] 40364  - [39m16/09/2026 23:05:28 [32m    LOG[39m [38;5;3m[RouterExplorer] [39m[32mMapped {/api/contracts/:contractId/beneficiaries/:beneficiaryId, PATCH} route[39m[38;5;3m +0ms[39m
[32m[Nest] 40364  - [39m16/09/2026 23:05:28 [32m    LOG[39m [38;5;3m[RouterExplorer] [39m[32mMapped {/api/contracts/:contractId/beneficiaries/:beneficiaryId/remove, POST} route[39m[38;5;3m +1ms[39m
[32m[Nest] 40364  - [39m16/09/2026 23:05:28 [32m    LOG[39m [38;5;3m[RouterExplorer] [39m[32mMapped {/api/contracts/:contractId/beneficiaries/:beneficiaryId/history, GET} route[39m[38;5;3m +0ms[39m
[32m[Nest] 40364  - [39m16/09/2026 23:05:28 [32m    LOG[39m [38;5;3m[RoutesResolver] [39m[32mPaymentsController {/api}:[39m[38;5;3m +0ms[39m
[32m[Nest] 40364  - [39m16/09/2026 23:05:28 [32m    LOG[39m [38;5;3m[RouterExplorer] [39m[32mMapped {/api/payments/methods, GET} route[39m[38;5;3m +1ms[39m
[32m[Nest] 40364  - [39m16/09/2026 23:05:28 [32m    LOG[39m [38;5;3m[RouterExplorer] [39m[32mMapped {/api/payments/initiate, POST} route[39m[38;5;3m +0ms[39m
[32m[Nest] 40364  - [39m16/09/2026 23:05:28 [32m    LOG[39m [38;5;3m[RouterExplorer] [39m[32mMapped {/api/payments/mock/confirm, POST} route[39m[38;5;3m +0ms[39m
[32m[Nest] 40364  - [39m16/09/2026 23:05:28 [32m    LOG[39m [38;5;3m[RouterExplorer] [39m[32mMapped {/api/payments/webhook/fedapay, POST} route[39m[38;5;3m +1ms[39m
[32m[Nest] 40364  - [39m16/09/2026 23:05:28 [32m    LOG[39m [38;5;3m[RouterExplorer] [39m[32mMapped {/api/payments/webhook/cinetpay, POST} route[39m[38;5;3m +0ms[39m
[32m[Nest] 40364  - [39m16/09/2026 23:05:28 [32m    LOG[39m [38;5;3m[RouterExplorer] [39m[32mMapped {/api/payments/:id/status, GET} route[39m[38;5;3m +0ms[39m
[32m[Nest] 40364  - [39m16/09/2026 23:05:28 [32m    LOG[39m [38;5;3m[RouterExplorer] [39m[32mMapped {/api/payments/mine, GET} route[39m[38;5;3m +1ms[39m
[32m[Nest] 40364  - [39m16/09/2026 23:05:28 [32m    LOG[39m [38;5;3m[RouterExplorer] [39m[32mMapped {/api/admin/payments, GET} route[39m[38;5;3m +0ms[39m
[32m[Nest] 40364  - [39m16/09/2026 23:05:28 [32m    LOG[39m [38;5;3m[RoutesResolver] [39m[32mAccountingController {/api}:[39m[38;5;3m +1ms[39m
[32m[Nest] 40364  - [39m16/09/2026 23:05:28 [32m    LOG[39m [38;5;3m[RouterExplorer] [39m[32mMapped {/api/admin/accounting/entries, GET} route[39m[38;5;3m +0ms[39m
[32m[Nest] 40364  - [39m16/09/2026 23:05:28 [32m    LOG[39m [38;5;3m[RouterExplorer] [39m[32mMapped {/api/admin/accounting/summary, GET} route[39m[38;5;3m +1ms[39m
[32m[Nest] 40364  - [39m16/09/2026 23:05:28 [32m    LOG[39m [38;5;3m[RouterExplorer] [39m[32mMapped {/api/admin/accounting/export, GET} route[39m[38;5;3m +0ms[39m
[32m[Nest] 40364  - [39m16/09/2026 23:05:28 [32m    LOG[39m [38;5;3m[RouterExplorer] [39m[32mMapped {/api/admin/accounting/chart, GET} route[39m[38;5;3m +1ms[39m
[32m[Nest] 40364  - [39m16/09/2026 23:05:28 [32m    LOG[39m [38;5;3m[RoutesResolver] [39m[32mClaimsController {/api}:[39m[38;5;3m +0ms[39m
[32m[Nest] 40364  - [39m16/09/2026 23:05:28 [32m    LOG[39m [38;5;3m[RouterExplorer] [39m[32mMapped {/api/claims/categories, GET} route[39m[38;5;3m +1ms[39m
[32m[Nest] 40364  - [39m16/09/2026 23:05:28 [32m    LOG[39m [38;5;3m[RouterExplorer] [39m[32mMapped {/api/claims, POST} route[39m[38;5;3m +0ms[39m
[32m[Nest] 40364  - [39m16/09/2026 23:05:28 [32m    LOG[39m [38;5;3m[RouterExplorer] [39m[32mMapped {/api/claims/:id/submit, POST} route[39m[38;5;3m +0ms[39m
[32m[Nest] 40364  - [39m16/09/2026 23:05:28 [32m    LOG[39m [38;5;3m[RouterExplorer] [39m[32mMapped {/api/claims/mine, GET} route[39m[38;5;3m +1ms[39m
[32m[Nest] 40364  - [39m16/09/2026 23:05:28 [32m    LOG[39m [38;5;3m[RouterExplorer] [39m[32mMapped {/api/claims/:id, GET} route[39m[38;5;3m +0ms[39m
[32m[Nest] 40364  - [39m16/09/2026 23:05:28 [32m    LOG[39m [38;5;3m[RouterExplorer] [39m[32mMapped {/api/admin/claims, GET} route[39m[38;5;3m +1ms[39m
[32m[Nest] 40364  - [39m16/09/2026 23:05:28 [32m    LOG[39m [38;5;3m[RouterExplorer] [39m[32mMapped {/api/admin/claims/:id/authorize, POST} route[39m[38;5;3m +0ms[39m
[32m[Nest] 40364  - [39m16/09/2026 23:05:28 [32m    LOG[39m [38;5;3m[RouterExplorer] [39m[32mMapped {/api/admin/claims/:id/request-info, POST} route[39m[38;5;3m +1ms[39m
[32m[Nest] 40364  - [39m16/09/2026 23:05:28 [32m    LOG[39m [38;5;3m[RouterExplorer] [39m[32mMapped {/api/admin/claims/:id/under-review, POST} route[39m[38;5;3m +0ms[39m
[32m[Nest] 40364  - [39m16/09/2026 23:05:28 [32m    LOG[39m [38;5;3m[RouterExplorer] [39m[32mMapped {/api/admin/claims/:id/approve, POST} route[39m[38;5;3m +1ms[39m
[32m[Nest] 40364  - [39m16/09/2026 23:05:28 [32m    LOG[39m [38;5;3m[RouterExplorer] [39m[32mMapped {/api/admin/claims/:id/reject, POST} route[39m[38;5;3m +0ms[39m
[32m[Nest] 40364  - [39m16/09/2026 23:05:28 [32m    LOG[39m [38;5;3m[RouterExplorer] [39m[32mMapped {/api/admin/claims/:id/cancel, POST} route[39m[38;5;3m +1ms[39m
[32m[Nest] 40364  - [39m16/09/2026 23:05:28 [32m    LOG[39m [38;5;3m[RouterExplorer] [39m[32mMapped {/api/admin/claims/:id/mark-paid, POST} route[39m[38;5;3m +0ms[39m
[32m[Nest] 40364  - [39m16/09/2026 23:05:28 [32m    LOG[39m [38;5;3m[RoutesResolver] [39m[32mProvidersController {/api}:[39m[38;5;3m +0ms[39m
[32m[Nest] 40364  - [39m16/09/2026 23:05:28 [32m    LOG[39m [38;5;3m[RouterExplorer] [39m[32mMapped {/api/providers, GET} route[39m[38;5;3m +0ms[39m
[32m[Nest] 40364  - [39m16/09/2026 23:05:28 [32m    LOG[39m [38;5;3m[RouterExplorer] [39m[32mMapped {/api/providers/cities, GET} route[39m[38;5;3m +1ms[39m
[32m[Nest] 40364  - [39m16/09/2026 23:05:28 [32m    LOG[39m [38;5;3m[RouterExplorer] [39m[32mMapped {/api/admin/providers, GET} route[39m[38;5;3m +0ms[39m
[32m[Nest] 40364  - [39m16/09/2026 23:05:28 [32m    LOG[39m [38;5;3m[RouterExplorer] [39m[32mMapped {/api/admin/providers, POST} route[39m[38;5;3m +0ms[39m
[32m[Nest] 40364  - [39m16/09/2026 23:05:28 [32m    LOG[39m [38;5;3m[RouterExplorer] [39m[32mMapped {/api/admin/providers/:id, PATCH} route[39m[38;5;3m +1ms[39m
[32m[Nest] 40364  - [39m16/09/2026 23:05:28 [32m    LOG[39m [38;5;3m[RouterExplorer] [39m[32mMapped {/api/admin/providers/:id/approve, POST} route[39m[38;5;3m +0ms[39m
[32m[Nest] 40364  - [39m16/09/2026 23:05:28 [32m    LOG[39m [38;5;3m[RouterExplorer] [39m[32mMapped {/api/admin/providers/:id/suspend, POST} route[39m[38;5;3m +0ms[39m
[32m[Nest] 40364  - [39m16/09/2026 23:05:28 [32m    LOG[39m [38;5;3m[RoutesResolver] [39m[32mProviderPortalController {/api/provider}:[39m[38;5;3m +0ms[39m
[32m[Nest] 40364  - [39m16/09/2026 23:05:28 [32m    LOG[39m [38;5;3m[RouterExplorer] [39m[32mMapped {/api/provider/me, GET} route[39m[38;5;3m +1ms[39m
[32m[Nest] 40364  - [39m16/09/2026 23:05:28 [32m    LOG[39m [38;5;3m[RouterExplorer] [39m[32mMapped {/api/provider/me/establishment, PATCH} route[39m[38;5;3m +0ms[39m
[32m[Nest] 40364  - [39m16/09/2026 23:05:28 [32m    LOG[39m [38;5;3m[RouterExplorer] [39m[32mMapped {/api/provider/me/photo, POST} route[39m[38;5;3m +1ms[39m
[32m[Nest] 40364  - [39m16/09/2026 23:05:28 [32m    LOG[39m [38;5;3m[RouterExplorer] [39m[32mMapped {/api/provider/acts, GET} route[39m[38;5;3m +0ms[39m
[32m[Nest] 40364  - [39m16/09/2026 23:05:28 [32m    LOG[39m [38;5;3m[RouterExplorer] [39m[32mMapped {/api/provider/dashboard, GET} route[39m[38;5;3m +0ms[39m
[32m[Nest] 40364  - [39m16/09/2026 23:05:28 [32m    LOG[39m [38;5;3m[RouterExplorer] [39m[32mMapped {/api/provider/thirdparty, GET} route[39m[38;5;3m +1ms[39m
[32m[Nest] 40364  - [39m16/09/2026 23:05:28 [32m    LOG[39m [38;5;3m[RouterExplorer] [39m[32mMapped {/api/provider/thirdparty/:id, GET} route[39m[38;5;3m +0ms[39m
[32m[Nest] 40364  - [39m16/09/2026 23:05:28 [32m    LOG[39m [38;5;3m[RouterExplorer] [39m[32mMapped {/api/provider/verify, POST} route[39m[38;5;3m +1ms[39m
[32m[Nest] 40364  - [39m16/09/2026 23:05:28 [32m    LOG[39m [38;5;3m[RouterExplorer] [39m[32mMapped {/api/provider/thirdparty/initiate, POST} route[39m[38;5;3m +0ms[39m
[32m[Nest] 40364  - [39m16/09/2026 23:05:28 [32m    LOG[39m [38;5;3m[RouterExplorer] [39m[32mMapped {/api/provider/thirdparty/:id/emergency-confirm, POST} route[39m[38;5;3m +1ms[39m
[32m[Nest] 40364  - [39m16/09/2026 23:05:28 [32m    LOG[39m [38;5;3m[RouterExplorer] [39m[32mMapped {/api/provider/thirdparty/:id/confirm, POST} route[39m[38;5;3m +1ms[39m
[32m[Nest] 40364  - [39m16/09/2026 23:05:28 [32m    LOG[39m [38;5;3m[RouterExplorer] [39m[32mMapped {/api/provider/thirdparty/:id/realize, POST} route[39m[38;5;3m +0ms[39m
[32m[Nest] 40364  - [39m16/09/2026 23:05:28 [32m    LOG[39m [38;5;3m[RouterExplorer] [39m[32mMapped {/api/provider/thirdparty/:id/invoice, POST} route[39m[38;5;3m +0ms[39m
[32m[Nest] 40364  - [39m16/09/2026 23:05:28 [32m    LOG[39m [38;5;3m[RouterExplorer] [39m[32mMapped {/api/provider/staff, GET} route[39m[38;5;3m +0ms[39m
[32m[Nest] 40364  - [39m16/09/2026 23:05:28 [32m    LOG[39m [38;5;3m[RouterExplorer] [39m[32mMapped {/api/provider/staff, POST} route[39m[38;5;3m +1ms[39m
[32m[Nest] 40364  - [39m16/09/2026 23:05:28 [32m    LOG[39m [38;5;3m[RouterExplorer] [39m[32mMapped {/api/provider/staff/:id, PATCH} route[39m[38;5;3m +0ms[39m
[32m[Nest] 40364  - [39m16/09/2026 23:05:28 [32m    LOG[39m [38;5;3m[RoutesResolver] [39m[32mProviderRegistrationController {/api}:[39m[38;5;3m +0ms[39m
[32m[Nest] 40364  - [39m16/09/2026 23:05:28 [32m    LOG[39m [38;5;3m[RouterExplorer] [39m[32mMapped {/api/providers/register, POST} route[39m[38;5;3m +1ms[39m
[32m[Nest] 40364  - [39m16/09/2026 23:05:28 [32m    LOG[39m [38;5;3m[RouterExplorer] [39m[32mMapped {/api/admin/providers/bulk-import, POST} route[39m[38;5;3m +0ms[39m
[32m[Nest] 40364  - [39m16/09/2026 23:05:28 [32m    LOG[39m [38;5;3m[RouterExplorer] [39m[32mMapped {/api/providers/register/:id/documents, POST} route[39m[38;5;3m +0ms[39m
[32m[Nest] 40364  - [39m16/09/2026 23:05:28 [32m    LOG[39m [38;5;3m[RouterExplorer] [39m[32mMapped {/api/admin/providers/registrations, GET} route[39m[38;5;3m +0ms[39m
[32m[Nest] 40364  - [39m16/09/2026 23:05:28 [32m    LOG[39m [38;5;3m[RouterExplorer] [39m[32mMapped {/api/admin/providers/:id/documents, GET} route[39m[38;5;3m +1ms[39m
[32m[Nest] 40364  - [39m16/09/2026 23:05:28 [32m    LOG[39m [38;5;3m[RouterExplorer] [39m[32mMapped {/api/admin/providers/:id/documents/review, POST} route[39m[38;5;3m +0ms[39m
[32m[Nest] 40364  - [39m16/09/2026 23:05:28 [32m    LOG[39m [38;5;3m[RouterExplorer] [39m[32mMapped {/api/admin/providers/:id/approve-registration, POST} route[39m[38;5;3m +1ms[39m
[32m[Nest] 40364  - [39m16/09/2026 23:05:28 [32m    LOG[39m [38;5;3m[RouterExplorer] [39m[32mMapped {/api/admin/providers/:id/reject-registration, POST} route[39m[38;5;3m +0ms[39m
[32m[Nest] 40364  - [39m16/09/2026 23:05:28 [32m    LOG[39m [38;5;3m[RoutesResolver] [39m[32mCareController {/api}:[39m[38;5;3m +0ms[39m
[32m[Nest] 40364  - [39m16/09/2026 23:05:28 [32m    LOG[39m [38;5;3m[RouterExplorer] [39m[32mMapped {/api/medications, GET} route[39m[38;5;3m +1ms[39m
[32m[Nest] 40364  - [39m16/09/2026 23:05:28 [32m    LOG[39m [38;5;3m[RouterExplorer] [39m[32mMapped {/api/admin/medications, POST} route[39m[38;5;3m +0ms[39m
[32m[Nest] 40364  - [39m16/09/2026 23:05:28 [32m    LOG[39m [38;5;3m[RouterExplorer] [39m[32mMapped {/api/admin/medications, GET} route[39m[38;5;3m +1ms[39m
[32m[Nest] 40364  - [39m16/09/2026 23:05:28 [32m    LOG[39m [38;5;3m[RouterExplorer] [39m[32mMapped {/api/admin/acts, GET} route[39m[38;5;3m +0ms[39m
[32m[Nest] 40364  - [39m16/09/2026 23:05:28 [32m    LOG[39m [38;5;3m[RouterExplorer] [39m[32mMapped {/api/admin/acts, POST} route[39m[38;5;3m +1ms[39m
[32m[Nest] 40364  - [39m16/09/2026 23:05:28 [32m    LOG[39m [38;5;3m[RouterExplorer] [39m[32mMapped {/api/admin/acts/:id, PATCH} route[39m[38;5;3m +0ms[39m
[32m[Nest] 40364  - [39m16/09/2026 23:05:28 [32m    LOG[39m [38;5;3m[RouterExplorer] [39m[32mMapped {/api/provider/consultations, POST} route[39m[38;5;3m +1ms[39m
[32m[Nest] 40364  - [39m16/09/2026 23:05:28 [32m    LOG[39m [38;5;3m[RouterExplorer] [39m[32mMapped {/api/provider/consultations, GET} route[39m[38;5;3m +0ms[39m
[32m[Nest] 40364  - [39m16/09/2026 23:05:28 [32m    LOG[39m [38;5;3m[RouterExplorer] [39m[32mMapped {/api/consultations/mine, GET} route[39m[38;5;3m +1ms[39m
[32m[Nest] 40364  - [39m16/09/2026 23:05:28 [32m    LOG[39m [38;5;3m[RouterExplorer] [39m[32mMapped {/api/provider/prescriptions, POST} route[39m[38;5;3m +0ms[39m
[32m[Nest] 40364  - [39m16/09/2026 23:05:28 [32m    LOG[39m [38;5;3m[RouterExplorer] [39m[32mMapped {/api/provider/prescriptions, GET} route[39m[38;5;3m +0ms[39m
[32m[Nest] 40364  - [39m16/09/2026 23:05:28 [32m    LOG[39m [38;5;3m[RouterExplorer] [39m[32mMapped {/api/provider/prescriptions/:id, GET} route[39m[38;5;3m +1ms[39m
[32m[Nest] 40364  - [39m16/09/2026 23:05:28 [32m    LOG[39m [38;5;3m[RouterExplorer] [39m[32mMapped {/api/provider/prescriptions/:id/renew, POST} route[39m[38;5;3m +0ms[39m
[32m[Nest] 40364  - [39m16/09/2026 23:05:28 [32m    LOG[39m [38;5;3m[RouterExplorer] [39m[32mMapped {/api/provider/prescriptions/:id/cancel, POST} route[39m[38;5;3m +1ms[39m
[32m[Nest] 40364  - [39m16/09/2026 23:05:28 [32m    LOG[39m [38;5;3m[RouterExplorer] [39m[32mMapped {/api/provider/prescriptions/scan, POST} route[39m[38;5;3m +0ms[39m
[32m[Nest] 40364  - [39m16/09/2026 23:05:28 [32m    LOG[39m [38;5;3m[RouterExplorer] [39m[32mMapped {/api/provider/deliveries, POST} route[39m[38;5;3m +1ms[39m
[32m[Nest] 40364  - [39m16/09/2026 23:05:28 [32m    LOG[39m [38;5;3m[RouterExplorer] [39m[32mMapped {/api/provider/deliveries, GET} route[39m[38;5;3m +0ms[39m
[32m[Nest] 40364  - [39m16/09/2026 23:05:28 [32m    LOG[39m [38;5;3m[RouterExplorer] [39m[32mMapped {/api/prescriptions/mine, GET} route[39m[38;5;3m +1ms[39m
[32m[Nest] 40364  - [39m16/09/2026 23:05:28 [32m    LOG[39m [38;5;3m[RouterExplorer] [39m[32mMapped {/api/consultations/mine-old, GET} route[39m[38;5;3m +0ms[39m
[32m[Nest] 40364  - [39m16/09/2026 23:05:28 [32m    LOG[39m [38;5;3m[RoutesResolver] [39m[32mCareRecordController {/api/care-records}:[39m[38;5;3m +0ms[39m
[32m[Nest] 40364  - [39m16/09/2026 23:05:28 [32m    LOG[39m [38;5;3m[RouterExplorer] [39m[32mMapped {/api/care-records/mine, GET} route[39m[38;5;3m +1ms[39m
[32m[Nest] 40364  - [39m16/09/2026 23:05:28 [32m    LOG[39m [38;5;3m[RouterExplorer] [39m[32mMapped {/api/care-records/provider/care-records, GET} route[39m[38;5;3m +0ms[39m
[32m[Nest] 40364  - [39m16/09/2026 23:05:28 [32m    LOG[39m [38;5;3m[RouterExplorer] [39m[32mMapped {/api/care-records/:id, GET} route[39m[38;5;3m +0ms[39m
[32m[Nest] 40364  - [39m16/09/2026 23:05:28 [32m    LOG[39m [38;5;3m[RouterExplorer] [39m[32mMapped {/api/care-records/:id/timeline, GET} route[39m[38;5;3m +1ms[39m
[32m[Nest] 40364  - [39m16/09/2026 23:05:28 [32m    LOG[39m [38;5;3m[RoutesResolver] [39m[32mCompanyController {/api}:[39m[38;5;3m +0ms[39m
[32m[Nest] 40364  - [39m16/09/2026 23:05:28 [32m    LOG[39m [38;5;3m[RouterExplorer] [39m[32mMapped {/api/companies/register, POST} route[39m[38;5;3m +0ms[39m
[32m[Nest] 40364  - [39m16/09/2026 23:05:28 [32m    LOG[39m [38;5;3m[RouterExplorer] [39m[32mMapped {/api/company/me/dashboard, GET} route[39m[38;5;3m +1ms[39m
[32m[Nest] 40364  - [39m16/09/2026 23:05:28 [32m    LOG[39m [38;5;3m[RouterExplorer] [39m[32mMapped {/api/company/me/group-contract, GET} route[39m[38;5;3m +0ms[39m
[32m[Nest] 40364  - [39m16/09/2026 23:05:28 [32m    LOG[39m [38;5;3m[RouterExplorer] [39m[32mMapped {/api/company/me/employees, GET} route[39m[38;5;3m +0ms[39m
[32m[Nest] 40364  - [39m16/09/2026 23:05:28 [32m    LOG[39m [38;5;3m[RouterExplorer] [39m[32mMapped {/api/company/employees, GET} route[39m[38;5;3m +1ms[39m
[32m[Nest] 40364  - [39m16/09/2026 23:05:28 [32m    LOG[39m [38;5;3m[RouterExplorer] [39m[32mMapped {/api/company/me/employees, POST} route[39m[38;5;3m +0ms[39m
[32m[Nest] 40364  - [39m16/09/2026 23:05:28 [32m    LOG[39m [38;5;3m[RouterExplorer] [39m[32mMapped {/api/company/me/employees/import, POST} route[39m[38;5;3m +1ms[39m
[32m[Nest] 40364  - [39m16/09/2026 23:05:28 [32m    LOG[39m [38;5;3m[RouterExplorer] [39m[32mMapped {/api/company/me/employees/:id/radiate, POST} route[39m[38;5;3m +0ms[39m
[32m[Nest] 40364  - [39m16/09/2026 23:05:28 [32m    LOG[39m [38;5;3m[RouterExplorer] [39m[32mMapped {/api/company/employees/:id/radiate, POST} route[39m[38;5;3m +0ms[39m
[32m[Nest] 40364  - [39m16/09/2026 23:05:28 [32m    LOG[39m [38;5;3m[RouterExplorer] [39m[32mMapped {/api/company/me/employees/:id, PATCH} route[39m[38;5;3m +0ms[39m
[32m[Nest] 40364  - [39m16/09/2026 23:05:28 [32m    LOG[39m [38;5;3m[RouterExplorer] [39m[32mMapped {/api/company/me/employees/:id, DELETE} route[39m[38;5;3m +1ms[39m
[32m[Nest] 40364  - [39m16/09/2026 23:05:28 [32m    LOG[39m [38;5;3m[RouterExplorer] [39m[32mMapped {/api/company/me/claims, GET} route[39m[38;5;3m +0ms[39m
[32m[Nest] 40364  - [39m16/09/2026 23:05:28 [32m    LOG[39m [38;5;3m[RoutesResolver] [39m[32mNotificationsController {/api/notifications}:[39m[38;5;3m +0ms[39m
[32m[Nest] 40364  - [39m16/09/2026 23:05:28 [32m    LOG[39m [38;5;3m[RouterExplorer] [39m[32mMapped {/api/notifications, GET} route[39m[38;5;3m +0ms[39m
[32m[Nest] 40364  - [39m16/09/2026 23:05:28 [32m    LOG[39m [38;5;3m[RouterExplorer] [39m[32mMapped {/api/notifications/:id/read, POST} route[39m[38;5;3m +1ms[39m
[32m[Nest] 40364  - [39m16/09/2026 23:05:28 [32m    LOG[39m [38;5;3m[RouterExplorer] [39m[32mMapped {/api/notifications/read-all, POST} route[39m[38;5;3m +0ms[39m
[32m[Nest] 40364  - [39m16/09/2026 23:05:28 [32m    LOG[39m [38;5;3m[RoutesResolver] [39m[32mStatsController {/api/stats}:[39m[38;5;3m +0ms[39m
[32m[Nest] 40364  - [39m16/09/2026 23:05:28 [32m    LOG[39m [38;5;3m[RouterExplorer] [39m[32mMapped {/api/stats/admin/dashboard, GET} route[39m[38;5;3m +0ms[39m
[32m[Nest] 40364  - [39m16/09/2026 23:05:28 [32m    LOG[39m [38;5;3m[RouterExplorer] [39m[32mMapped {/api/stats/admin/technical-result, GET} route[39m[38;5;3m +0ms[39m
[32m[Nest] 40364  - [39m16/09/2026 23:05:28 [32m    LOG[39m [38;5;3m[RoutesResolver] [39m[32mHealthController {/api}:[39m[38;5;3m +1ms[39m
[32m[Nest] 40364  - [39m16/09/2026 23:05:28 [32m    LOG[39m [38;5;3m[RouterExplorer] [39m[32mMapped {/api/health, GET} route[39m[38;5;3m +0ms[39m
[32m[Nest] 40364  - [39m16/09/2026 23:05:28 [32m    LOG[39m [38;5;3m[RoutesResolver] [39m[32mAdminMiscController {/api/admin}:[39m[38;5;3m +0ms[39m
[32m[Nest] 40364  - [39m16/09/2026 23:05:28 [32m    LOG[39m [38;5;3m[RouterExplorer] [39m[32mMapped {/api/admin/anomalies/summary, GET} route[39m[38;5;3m +0ms[39m
[32m[Nest] 40364  - [39m16/09/2026 23:05:28 [32m    LOG[39m [38;5;3m[RouterExplorer] [39m[32mMapped {/api/admin/anomalies, GET} route[39m[38;5;3m +0ms[39m
[32m[Nest] 40364  - [39m16/09/2026 23:05:28 [32m    LOG[39m [38;5;3m[RouterExplorer] [39m[32mMapped {/api/admin/audit, GET} route[39m[38;5;3m +1ms[39m
[32m[Nest] 40364  - [39m16/09/2026 23:05:28 [32m    LOG[39m [38;5;3m[RouterExplorer] [39m[32mMapped {/api/admin/config, GET} route[39m[38;5;3m +0ms[39m
[32m[Nest] 40364  - [39m16/09/2026 23:05:28 [32m    LOG[39m [38;5;3m[RouterExplorer] [39m[32mMapped {/api/admin/config, POST} route[39m[38;5;3m +0ms[39m
[32m[Nest] 40364  - [39m16/09/2026 23:05:28 [32m    LOG[39m [38;5;3m[RoutesResolver] [39m[32mDocumentsController {/api}:[39m[38;5;3m +0ms[39m
[32m[Nest] 40364  - [39m16/09/2026 23:05:28 [32m    LOG[39m [38;5;3m[RouterExplorer] [39m[32mMapped {/api/contracts/:id/certificate, GET} route[39m[38;5;3m +0ms[39m
[32m[Nest] 40364  - [39m16/09/2026 23:05:28 [32m    LOG[39m [38;5;3m[RouterExplorer] [39m[32mMapped {/api/company/me/attestation, GET} route[39m[38;5;3m +1ms[39m
[32m[Nest] 40364  - [39m16/09/2026 23:05:28 [32m    LOG[39m [38;5;3m[RoutesResolver] [39m[32mOfflineController {/api/offline}:[39m[38;5;3m +0ms[39m
[32m[Nest] 40364  - [39m16/09/2026 23:05:28 [32m    LOG[39m [38;5;3m[RouterExplorer] [39m[32mMapped {/api/offline/sync, POST} route[39m[38;5;3m +0ms[39m
[32m[Nest] 40364  - [39m16/09/2026 23:05:28 [32m    LOG[39m [38;5;3m[RoutesResolver] [39m[32mDistributorsController {/api}:[39m[38;5;3m +0ms[39m
[32m[Nest] 40364  - [39m16/09/2026 23:05:28 [32m    LOG[39m [38;5;3m[RouterExplorer] [39m[32mMapped {/api/admin/distributors, GET} route[39m[38;5;3m +0ms[39m
[32m[Nest] 40364  - [39m16/09/2026 23:05:28 [32m    LOG[39m [38;5;3m[RouterExplorer] [39m[32mMapped {/api/admin/distributors/:id, GET} route[39m[38;5;3m +1ms[39m
[32m[Nest] 40364  - [39m16/09/2026 23:05:28 [32m    LOG[39m [38;5;3m[RouterExplorer] [39m[32mMapped {/api/admin/distributors, POST} route[39m[38;5;3m +0ms[39m
[32m[Nest] 40364  - [39m16/09/2026 23:05:28 [32m    LOG[39m [38;5;3m[RouterExplorer] [39m[32mMapped {/api/admin/distributors/:id, PATCH} route[39m[38;5;3m +0ms[39m
[32m[Nest] 40364  - [39m16/09/2026 23:05:28 [32m    LOG[39m [38;5;3m[RouterExplorer] [39m[32mMapped {/api/admin/distributors/:id/activate, POST} route[39m[38;5;3m +0ms[39m
[32m[Nest] 40364  - [39m16/09/2026 23:05:28 [32m    LOG[39m [38;5;3m[RouterExplorer] [39m[32mMapped {/api/admin/distributors/:id/suspend, POST} route[39m[38;5;3m +1ms[39m
[32m[Nest] 40364  - [39m16/09/2026 23:05:28 [32m    LOG[39m [38;5;3m[RouterExplorer] [39m[32mMapped {/api/admin/distributors/:id/stats, GET} route[39m[38;5;3m +0ms[39m
[32m[Nest] 40364  - [39m16/09/2026 23:05:28 [32m    LOG[39m [38;5;3m[RouterExplorer] [39m[32mMapped {/api/admin/distributors/:id/commissions, GET} route[39m[38;5;3m +0ms[39m
[32m[Nest] 40364  - [39m16/09/2026 23:05:28 [32m    LOG[39m [38;5;3m[RouterExplorer] [39m[32mMapped {/api/distributor/me, GET} route[39m[38;5;3m +0ms[39m
[32m[Nest] 40364  - [39m16/09/2026 23:05:28 [32m    LOG[39m [38;5;3m[RouterExplorer] [39m[32mMapped {/api/distributor/me/stats, GET} route[39m[38;5;3m +1ms[39m
[32m[Nest] 40364  - [39m16/09/2026 23:05:28 [32m    LOG[39m [38;5;3m[RouterExplorer] [39m[32mMapped {/api/distributor/me/commissions, GET} route[39m[38;5;3m +0ms[39m
[32m[Nest] 40364  - [39m16/09/2026 23:05:28 [32m    LOG[39m [38;5;3m[RouterExplorer] [39m[32mMapped {/api/distributors/lookup/:code, GET} route[39m[38;5;3m +0ms[39m
[32m[Nest] 40364  - [39m16/09/2026 23:05:28 [32m    LOG[39m [38;5;3m[RoutesResolver] [39m[32mCommissionsController {/api}:[39m[38;5;3m +0ms[39m
[32m[Nest] 40364  - [39m16/09/2026 23:05:28 [32m    LOG[39m [38;5;3m[RouterExplorer] [39m[32mMapped {/api/admin/commissions, GET} route[39m[38;5;3m +0ms[39m
[32m[Nest] 40364  - [39m16/09/2026 23:05:28 [32m    LOG[39m [38;5;3m[RouterExplorer] [39m[32mMapped {/api/admin/commissions/stats, GET} route[39m[38;5;3m +1ms[39m
[32m[Nest] 40364  - [39m16/09/2026 23:05:28 [32m    LOG[39m [38;5;3m[RouterExplorer] [39m[32mMapped {/api/admin/commissions/:id/approve, POST} route[39m[38;5;3m +0ms[39m
[32m[Nest] 40364  - [39m16/09/2026 23:05:28 [32m    LOG[39m [38;5;3m[RouterExplorer] [39m[32mMapped {/api/admin/commissions/:id/reject, POST} route[39m[38;5;3m +0ms[39m
[32m[Nest] 40364  - [39m16/09/2026 23:05:28 [32m    LOG[39m [38;5;3m[RouterExplorer] [39m[32mMapped {/api/admin/commissions/:id/pay, POST} route[39m[38;5;3m +0ms[39m
[32m[Nest] 40364  - [39m16/09/2026 23:05:28 [32m    LOG[39m [38;5;3m[RoutesResolver] [39m[32mFraudController {/api/admin/fraud}:[39m[38;5;3m +0ms[39m
[32m[Nest] 40364  - [39m16/09/2026 23:05:28 [32m    LOG[39m [38;5;3m[RouterExplorer] [39m[32mMapped {/api/admin/fraud, GET} route[39m[38;5;3m +1ms[39m
[32m[Nest] 40364  - [39m16/09/2026 23:05:28 [32m    LOG[39m [38;5;3m[RouterExplorer] [39m[32mMapped {/api/admin/fraud/:id, GET} route[39m[38;5;3m +0ms[39m
[32m[Nest] 40364  - [39m16/09/2026 23:05:28 [32m    LOG[39m [38;5;3m[RouterExplorer] [39m[32mMapped {/api/admin/fraud/:id/review, POST} route[39m[38;5;3m +0ms[39m
[32m[Nest] 40364  - [39m16/09/2026 23:05:28 [32m    LOG[39m [38;5;3m[RoutesResolver] [39m[32mBatchBillingController {/api/billing}:[39m[38;5;3m +1ms[39m
[32m[Nest] 40364  - [39m16/09/2026 23:05:28 [32m    LOG[39m [38;5;3m[RouterExplorer] [39m[32mMapped {/api/billing/batch-invoices, POST} route[39m[38;5;3m +0ms[39m
[32m[Nest] 40364  - [39m16/09/2026 23:05:28 [32m    LOG[39m [38;5;3m[RouterExplorer] [39m[32mMapped {/api/billing/batch-invoices/submit, POST} route[39m[38;5;3m +1ms[39m
[32m[Nest] 40364  - [39m16/09/2026 23:05:28 [32m    LOG[39m [38;5;3m[RouterExplorer] [39m[32mMapped {/api/billing/batch-invoices/validate, POST} route[39m[38;5;3m +0ms[39m
[32m[Nest] 40364  - [39m16/09/2026 23:05:28 [32m    LOG[39m [38;5;3m[RouterExplorer] [39m[32mMapped {/api/billing/batch-invoices/pay, POST} route[39m[38;5;3m +1ms[39m
[32m[Nest] 40364  - [39m16/09/2026 23:05:28 [32m    LOG[39m [38;5;3m[RouterExplorer] [39m[32mMapped {/api/billing/batch-invoices, GET} route[39m[38;5;3m +0ms[39m
[32m[Nest] 40364  - [39m16/09/2026 23:05:28 [32m    LOG[39m [38;5;3m[RouterExplorer] [39m[32mMapped {/api/billing/batch-invoices/:id, GET} route[39m[38;5;3m +0ms[39m
[32m[Nest] 40364  - [39m16/09/2026 23:05:28 [32m    LOG[39m [38;5;3m[RouterExplorer] [39m[32mMapped {/api/billing/rejections, POST} route[39m[38;5;3m +1ms[39m
[32m[Nest] 40364  - [39m16/09/2026 23:05:28 [32m    LOG[39m [38;5;3m[RouterExplorer] [39m[32mMapped {/api/billing/rejections/dispute, POST} route[39m[38;5;3m +0ms[39m
[32m[Nest] 40364  - [39m16/09/2026 23:05:28 [32m    LOG[39m [38;5;3m[RouterExplorer] [39m[32mMapped {/api/billing/rejections/resolve, POST} route[39m[38;5;3m +0ms[39m
[32m[Nest] 40364  - [39m16/09/2026 23:05:28 [32m    LOG[39m [38;5;3m[RouterExplorer] [39m[32mMapped {/api/billing/rejections, GET} route[39m[38;5;3m +1ms[39m
[32m[Nest] 40364  - [39m16/09/2026 23:05:28 [32m    LOG[39m [38;5;3m[RouterExplorer] [39m[32mMapped {/api/billing/credit-notes, POST} route[39m[38;5;3m +0ms[39m
[32m[Nest] 40364  - [39m16/09/2026 23:05:28 [32m    LOG[39m [38;5;3m[RouterExplorer] [39m[32mMapped {/api/billing/credit-notes/:id/apply, POST} route[39m[38;5;3m +1ms[39m
[32m[Nest] 40364  - [39m16/09/2026 23:05:28 [32m    LOG[39m [38;5;3m[RouterExplorer] [39m[32mMapped {/api/billing/credit-notes, GET} route[39m[38;5;3m +0ms[39m
[32m[Nest] 40364  - [39m16/09/2026 23:05:28 [32m    LOG[39m [38;5;3m[RouterExplorer] [39m[32mMapped {/api/billing/reconciliations, POST} route[39m[38;5;3m +0ms[39m
[32m[Nest] 40364  - [39m16/09/2026 23:05:28 [32m    LOG[39m [38;5;3m[RouterExplorer] [39m[32mMapped {/api/billing/reconciliations, GET} route[39m[38;5;3m +0ms[39m
[32m[Nest] 40364  - [39m16/09/2026 23:05:28 [32m    LOG[39m [38;5;3m[RoutesResolver] [39m[32mProviderBillingController {/api/provider}:[39m[38;5;3m +0ms[39m
[32m[Nest] 40364  - [39m16/09/2026 23:05:28 [32m    LOG[39m [38;5;3m[RouterExplorer] [39m[32mMapped {/api/provider/batch-invoices, GET} route[39m[38;5;3m +1ms[39m
[32m[Nest] 40364  - [39m16/09/2026 23:05:28 [32m    LOG[39m [38;5;3m[RouterExplorer] [39m[32mMapped {/api/provider/batch-invoices/:id, GET} route[39m[38;5;3m +0ms[39m
[32m[Nest] 40364  - [39m16/09/2026 23:05:28 [32m    LOG[39m [38;5;3m[RouterExplorer] [39m[32mMapped {/api/provider/batch-invoices, POST} route[39m[38;5;3m +1ms[39m
[32m[Nest] 40364  - [39m16/09/2026 23:05:28 [32m    LOG[39m [38;5;3m[RouterExplorer] [39m[32mMapped {/api/provider/batch-invoices/submit, POST} route[39m[38;5;3m +0ms[39m
[32m[Nest] 40364  - [39m16/09/2026 23:05:28 [32m    LOG[39m [38;5;3m[RouterExplorer] [39m[32mMapped {/api/provider/rejections, GET} route[39m[38;5;3m +0ms[39m
[32m[Nest] 40364  - [39m16/09/2026 23:05:28 [32m    LOG[39m [38;5;3m[RouterExplorer] [39m[32mMapped {/api/provider/rejections/acknowledge, POST} route[39m[38;5;3m +0ms[39m
[32m[Nest] 40364  - [39m16/09/2026 23:05:28 [32m    LOG[39m [38;5;3m[RouterExplorer] [39m[32mMapped {/api/provider/rejections/dispute, POST} route[39m[38;5;3m +1ms[39m
[32m[Nest] 40364  - [39m16/09/2026 23:05:28 [32m    LOG[39m [38;5;3m[RoutesResolver] [39m[32mAnalyticsController {/api/analytics}:[39m[38;5;3m +0ms[39m
[32m[Nest] 40364  - [39m16/09/2026 23:05:28 [32m    LOG[39m [38;5;3m[RouterExplorer] [39m[32mMapped {/api/analytics/kpis, GET} route[39m[38;5;3m +0ms[39m
[32m[Nest] 40364  - [39m16/09/2026 23:05:28 [32m    LOG[39m [38;5;3m[RouterExplorer] [39m[32mMapped {/api/analytics/loss-ratio, GET} route[39m[38;5;3m +0ms[39m
[32m[Nest] 40364  - [39m16/09/2026 23:05:28 [32m    LOG[39m [38;5;3m[RouterExplorer] [39m[32mMapped {/api/analytics/technical-reserves, GET} route[39m[38;5;3m +0ms[39m
[32m[Nest] 40364  - [39m16/09/2026 23:05:28 [32m    LOG[39m [38;5;3m[RouterExplorer] [39m[32mMapped {/api/analytics/product-profitability, GET} route[39m[38;5;3m +1ms[39m
[32m[Nest] 40364  - [39m16/09/2026 23:05:28 [32m    LOG[39m [38;5;3m[RouterExplorer] [39m[32mMapped {/api/analytics/provider-performance, GET} route[39m[38;5;3m +0ms[39m
[32m[Nest] 40364  - [39m16/09/2026 23:05:28 [32m    LOG[39m [38;5;3m[RouterExplorer] [39m[32mMapped {/api/analytics/portfolio-evolution, GET} route[39m[38;5;3m +0ms[39m
[32m[Nest] 40364  - [39m16/09/2026 23:05:28 [32m    LOG[39m [38;5;3m[RoutesResolver] [39m[32mReferentialController {/api}:[39m[38;5;3m +0ms[39m
[32m[Nest] 40364  - [39m16/09/2026 23:05:28 [32m    LOG[39m [38;5;3m[RouterExplorer] [39m[32mMapped {/api/branches, GET} route[39m[38;5;3m +0ms[39m
[32m[Nest] 40364  - [39m16/09/2026 23:05:28 [32m    LOG[39m [38;5;3m[RouterExplorer] [39m[32mMapped {/api/admin/branches, GET} route[39m[38;5;3m +1ms[39m
[32m[Nest] 40364  - [39m16/09/2026 23:05:28 [32m    LOG[39m [38;5;3m[RouterExplorer] [39m[32mMapped {/api/admin/branches, POST} route[39m[38;5;3m +0ms[39m
[32m[Nest] 40364  - [39m16/09/2026 23:05:28 [32m    LOG[39m [38;5;3m[RouterExplorer] [39m[32mMapped {/api/admin/branches/:id, POST} route[39m[38;5;3m +0ms[39m
[32m[Nest] 40364  - [39m16/09/2026 23:05:28 [32m    LOG[39m [38;5;3m[RouterExplorer] [39m[32mMapped {/api/diseases, GET} route[39m[38;5;3m +0ms[39m
[32m[Nest] 40364  - [39m16/09/2026 23:05:28 [32m    LOG[39m [38;5;3m[RouterExplorer] [39m[32mMapped {/api/admin/diseases, GET} route[39m[38;5;3m +1ms[39m
[32m[Nest] 40364  - [39m16/09/2026 23:05:28 [32m    LOG[39m [38;5;3m[RouterExplorer] [39m[32mMapped {/api/admin/diseases, POST} route[39m[38;5;3m +0ms[39m
[32m[Nest] 40364  - [39m16/09/2026 23:05:28 [32m    LOG[39m [38;5;3m[RouterExplorer] [39m[32mMapped {/api/admin/diseases/:id, POST} route[39m[38;5;3m +0ms[39m
[32m[Nest] 40364  - [39m16/09/2026 23:05:28 [32m    LOG[39m [38;5;3m[RoutesResolver] [39m[32mHospitalController {/api/hospital}:[39m[38;5;3m +1ms[39m
[32m[Nest] 40364  - [39m16/09/2026 23:05:28 [32m    LOG[39m [38;5;3m[RouterExplorer] [39m[32mMapped {/api/hospital/entente, POST} route[39m[38;5;3m +0ms[39m
[32m[Nest] 40364  - [39m16/09/2026 23:05:28 [32m    LOG[39m [38;5;3m[RouterExplorer] [39m[32mMapped {/api/hospital/ententes, GET} route[39m[38;5;3m +0ms[39m
[32m[Nest] 40364  - [39m16/09/2026 23:05:28 [32m    LOG[39m [38;5;3m[NestApplication] [39m[32mNest application successfully started[39m[38;5;3m +160ms[39m
API ready on http://localhost:4000/api
Environment: development
Database already has 15 users — skipping seed.
PrismaClientKnownRequestError: 
Invalid `this.prisma.user.findUnique()` invocation in
C:\Users\HP\Desktop\mutuelle santé\apps\api\dist\common\guards\jwt-auth.guard.js:59:45

  56 }
  57 if (payload.type !== 'access')
  58     throw new common_1.UnauthorizedException('Token invalide');
→ 59 const user = await this.prisma.user.findUnique(
Can't reach database server at `127.0.0.1:15432`

Please make sure your database server is running at `127.0.0.1:15432`.
    at $n.handleRequestError (C:\Users\HP\Desktop\mutuelle santé\apps\api\node_modules\@prisma\client\runtime\library.js:121:7315)
    at $n.handleAndLogRequestError (C:\Users\HP\Desktop\mutuelle santé\apps\api\node_modules\@prisma\client\runtime\library.js:121:6623)
    at $n.request (C:\Users\HP\Desktop\mutuelle santé\apps\api\node_modules\@prisma\client\runtime\library.js:121:6307)
    at async l (C:\Users\HP\Desktop\mutuelle santé\apps\api\node_modules\@prisma\client\runtime\library.js:130:9633)
    at async JwtAuthGuard.canActivate (C:\Users\HP\Desktop\mutuelle santé\apps\api\dist\common\guards\jwt-auth.guard.js:59:22)
    at async GuardsConsumer.tryActivate (C:\Users\HP\Desktop\mutuelle santé\apps\api\node_modules\@nestjs\core\guards\guards-consumer.js:16:17)
    at async canActivateFn (C:\Users\HP\Desktop\mutuelle santé\apps\api\node_modules\@nestjs\core\router\router-execution-context.js:135:33)
    at async C:\Users\HP\Desktop\mutuelle santé\apps\api\node_modules\@nestjs\core\router\router-execution-context.js:42:31
    at async C:\Users\HP\Desktop\mutuelle santé\apps\api\node_modules\@nestjs\core\router\router-proxy.js:9:17 {
  code: 'P1001',
  clientVersion: '5.22.0',
  meta: {
    modelName: 'User',
    database_host: '127.0.0.1',
    database_port: 15432
  }
}
PrismaClientKnownRequestError: 
Invalid `this.prisma.user.findUnique()` invocation in
C:\Users\HP\Desktop\mutuelle santé\apps\api\dist\common\guards\jwt-auth.guard.js:59:45

  56 }
  57 if (payload.type !== 'access')
  58     throw new common_1.UnauthorizedException('Token invalide');
→ 59 const user = await this.prisma.user.findUnique(
Can't reach database server at `127.0.0.1:15432`

Please make sure your database server is running at `127.0.0.1:15432`.
    at $n.handleRequestError (C:\Users\HP\Desktop\mutuelle santé\apps\api\node_modules\@prisma\client\runtime\library.js:121:7315)
    at $n.handleAndLogRequestError (C:\Users\HP\Desktop\mutuelle santé\apps\api\node_modules\@prisma\client\runtime\library.js:121:6623)
    at $n.request (C:\Users\HP\Desktop\mutuelle santé\apps\api\node_modules\@prisma\client\runtime\library.js:121:6307)
    at async l (C:\Users\HP\Desktop\mutuelle santé\apps\api\node_modules\@prisma\client\runtime\library.js:130:9633)
    at async JwtAuthGuard.canActivate (C:\Users\HP\Desktop\mutuelle santé\apps\api\dist\common\guards\jwt-auth.guard.js:59:22)
    at async GuardsConsumer.tryActivate (C:\Users\HP\Desktop\mutuelle santé\apps\api\node_modules\@nestjs\core\guards\guards-consumer.js:16:17)
    at async canActivateFn (C:\Users\HP\Desktop\mutuelle santé\apps\api\node_modules\@nestjs\core\router\router-execution-context.js:135:33)
    at async C:\Users\HP\Desktop\mutuelle santé\apps\api\node_modules\@nestjs\core\router\router-execution-context.js:42:31
    at async C:\Users\HP\Desktop\mutuelle santé\apps\api\node_modules\@nestjs\core\router\router-proxy.js:9:17 {
  code: 'P1001',
  clientVersion: '5.22.0',
  meta: {
    modelName: 'User',
    database_host: '127.0.0.1',
    database_port: 15432
  }
}
[SMS -> +229 95 44 55 66] Prise en charge TPE-2026-D82348
[SMS -> +229 95 44 55 66] Prise en charge TPE-2026-BB79C8
[SMS -> +229 95 44 55 66] Prise en charge TPE-2026-F71060
[SMS -> +229 95 44 55 66] Prise en charge TPE-2026-C7B9F1
[SMS -> +229 95 44 55 66] Prise en charge TPE-2026-5D6598
[SMS -> +229 95 44 55 66] Prise en charge TPE-2026-959619
[SMS -> +229 95 44 55 66] Prise en charge TPE-2026-FBFB64
[SMS -> +229 95 44 55 66] Prise en charge TPE-2026-92CEBF
[SMS -> +229 95 44 55 66] Prise en charge TPE-2026-F0DB2E
[SMS -> +229 95 44 55 66] Prise en charge TPE-2026-C3E2F0
[SMS -> +229 95 44 55 66] Prise en charge TPE-2026-874AB9
[SMS -> +229 95 44 55 66] Prise en charge TPE-2026-6888DF
[SMS -> +229 95 44 55 66] Prise en charge TPE-2026-1380B3
[SMS -> +229 95 44 55 66] Prise en charge TPE-2026-E1B3AD
[SMS -> +229 95 44 55 66] Prise en charge TPE-2026-748ECC
[SMS -> +229 95 44 55 66] Prise en charge TPE-2026-48E9A7
[SMS -> +229 95 44 55 66] Prise en charge TPE-2026-EFE6BA
[SMS -> +229 95 44 55 66] Prise en charge TPE-2026-2FE61A
[SMS -> +229 95 44 55 66] Prise en charge TPE-2026-02B409
[SMS -> +229 95 44 55 66] Prise en charge TPE-2026-0A3F42
[SMS -> +229 95 44 55 66] Prise en charge TPE-2026-D384CD
[SMS -> +229 95 44 55 66] Prise en charge TPE-2026-3391C9
[SMS -> +229 95 44 55 66] Prise en charge TPE-2026-C45988
[SMS -> +229 95 44 55 66] Prise en charge TPE-2026-0D002F
[SMS -> +229 95 44 55 66] Prise en charge TPE-2026-148E95
[SMS -> +229 95 44 55 66] Prise en charge TPE-2026-75E441
[SMS -> +229 95 44 55 66] Prise en charge TPE-2026-EF72F2
[SMS -> +229 95 44 55 66] Prise en charge TPE-2026-CCB124
[SMS -> +229 95 44 55 66] Prise en charge TPE-2026-58F1F1
[SMS -> +229 95 44 55 66] Prise en charge TPE-2026-69354F
[SMS -> +229 95 44 55 66] Prise en charge TPE-2026-A967DF
[SMS -> +229 95 44 55 66] Prise en charge TPE-2026-8FBB08
[SMS -> +229 95 44 55 66] Prise en charge TPE-2026-AA869D
[SMS -> +229 95 44 55 66] Prise en charge TPE-2026-D57EFE
[SMS -> +229 95 44 55 66] Prise en charge TPE-2026-3B3471
[SMS -> +229 95 44 55 66] Prise en charge TPE-2026-06C22E
[SMS -> +229 95 44 55 66] Prise en charge TPE-2026-22989B
[SMS -> +229 95 44 55 66] Prise en charge TPE-2026-EEC7C2
[SMS -> +229 95 44 55 66] Prise en charge TPE-2026-F86520
[SMS -> +229 95 44 55 66] Prise en charge TPE-2026-B4520C
[SMS -> +229 95 44 55 66] Prise en charge TPE-2026-3C2258
[SMS -> +229 95 44 55 66] Prise en charge TPE-2026-05C5D4
[SMS -> +229 95 44 55 66] Prise en charge TPE-2026-B05D05
[SMS -> +229 95 44 55 66] Prise en charge TPE-2026-D5E827
[SMS -> +229 95 44 55 66] Prise en charge TPE-2026-FCED18
[SMS -> +229 95 44 55 66] Prise en charge TPE-2026-1FF545
[SMS -> +229 95 44 55 66] Prise en charge TPE-2026-059544
[SMS -> +229 95 44 55 66] Prise en charge TPE-2026-5868AD
[SMS -> +229 95 44 55 66] Prise en charge TPE-2026-786480
[SMS -> +229 95 44 55 66] Prise en charge TPE-2026-04E6AE
[SMS -> +229 95 44 55 66] Prise en charge TPE-2026-9A3B71
[SMS -> +229 95 44 55 66] Prise en charge TPE-2026-124F81
[SMS -> +229 95 44 55 66] Prise en charge TPE-2026-08A431
[SMS -> +229 95 44 55 66] Prise en charge TPE-2026-917927
[SMS -> +229 95 44 55 66] Prise en charge TPE-2026-F5C49F
[SMS -> +229 95 44 55 66] Prise en charge TPE-2026-4D60AD
[SMS -> +229 95 44 55 66] Prise en charge TPE-2026-F56C4A
[SMS -> +229 95 44 55 66] Prise en charge TPE-2026-5ACA7E
[SMS -> +229 95 44 55 66] Prise en charge TPE-2026-B7471B
[SMS -> +229 95 44 55 66] Prise en charge TPE-2026-34AA88
[SMS -> +229 95 44 55 66] Prise en charge TPE-2026-60061B
[SMS -> +229 95 44 55 66] Prise en charge TPE-2026-C1F23E
[SMS -> +229 95 44 55 66] Prise en charge TPE-2026-9C2E01
[SMS -> +229 95 44 55 66] Prise en charge TPE-2026-3B26C7
[SMS -> +229 95 44 55 66] Prise en charge TPE-2026-873950
[SMS -> +229 95 44 55 66] Prise en charge TPE-2026-CC8B06
[SMS -> +229 95 44 55 66] Prise en charge TPE-2026-D4A474
[SMS -> +229 95 44 55 66] Prise en charge TPE-2026-69D366
[SMS -> +229 95 44 55 66] Prise en charge TPE-2026-69C5C6
[SMS -> +229 95 44 55 66] Prise en charge TPE-2026-98CC01
[EMAIL -> p4_g31yq1odvb@test.bj] Bienvenue sur SantéPlus, P4 !
[SMS -> +229 959976229] Bienvenue sur SantéPlus, P4 !
[EMAIL -> p4_g31yq1odvb@test.bj] Souscription en cours — CTR-2026-9CF1E0
[SMS -> +229 959976229] Souscription en cours — CTR-2026-9CF1E0
[EMAIL -> p4_g31yq1odvb@test.bj] Votre contrat CTR-2026-9CF1E0 est actif
[SMS -> +229 959976229] Votre contrat CTR-2026-9CF1E0 est actif
[EMAIL -> p4_g31yq1odvb@test.bj] Paiement reçu : 82200 FCFA
[SMS -> +229 959976229] Paiement reçu : 82200 FCFA
[EMAIL -> p4_iiu75lole5@test.bj] Bienvenue sur SantéPlus, P4 !
[SMS -> +229 966232134] Bienvenue sur SantéPlus, P4 !
[EMAIL -> p4_iiu75lole5@test.bj] Souscription en cours — CTR-2026-9122DD
[SMS -> +229 966232134] Souscription en cours — CTR-2026-9122DD
[EMAIL -> p4_iiu75lole5@test.bj] Votre contrat CTR-2026-9122DD est actif
[SMS -> +229 966232134] Votre contrat CTR-2026-9122DD est actif
[EMAIL -> p4_iiu75lole5@test.bj] Paiement reçu : 82200 FCFA
[SMS -> +229 966232134] Paiement reçu : 82200 FCFA
[EMAIL -> p4_gvau14oq34@test.bj] Bienvenue sur SantéPlus, P4 !
[SMS -> +229 979564584] Bienvenue sur SantéPlus, P4 !
[EMAIL -> p4_gvau14oq34@test.bj] Souscription en cours — CTR-2026-30F930
[SMS -> +229 979564584] Souscription en cours — CTR-2026-30F930
[EMAIL -> p4_gvau14oq34@test.bj] Votre contrat CTR-2026-30F930 est actif
[SMS -> +229 979564584] Votre contrat CTR-2026-30F930 est actif
[EMAIL -> p4_gvau14oq34@test.bj] Paiement reçu : 82200 FCFA
[SMS -> +229 979564584] Paiement reçu : 82200 FCFA
[SMS -> +229 979564584] Délivrance DEL-2026-AE69AC — prise en charge 0 FCFA
[EMAIL -> p4_5sncj1osex@test.bj] Bienvenue sur SantéPlus, P4 !
[SMS -> +229 918581692] Bienvenue sur SantéPlus, P4 !
[EMAIL -> p4_5sncj1osex@test.bj] Souscription en cours — CTR-2026-59A99A
[SMS -> +229 918581692] Souscription en cours — CTR-2026-59A99A
[EMAIL -> p4_5sncj1osex@test.bj] Votre contrat CTR-2026-59A99A est actif
[SMS -> +229 918581692] Votre contrat CTR-2026-59A99A est actif
[EMAIL -> p4_5sncj1osex@test.bj] Paiement reçu : 203000 FCFA
[SMS -> +229 918581692] Paiement reçu : 203000 FCFA
[SMS -> +229 918581692] Prise en charge TPE-2026-4A7486
[SMS -> +229 918581692] Prise en charge TPE-2026-30247D
[EMAIL -> p4_5sncj1osex@test.bj] TPE-2026-4A7486 — Demande partiellement approuvée
[SMS -> +229 918581692] TPE-2026-4A7486 — Demande partiellement approuvée
[EMAIL -> p4_5sncj1osex@test.bj] TPE-2026-30247D — Demande partiellement approuvée
[SMS -> +229 918581692] TPE-2026-30247D — Demande partiellement approuvée
[EMAIL -> p4_vxa10mouy3@test.bj] Bienvenue sur SantéPlus, P4 !
[SMS -> +229 994922796] Bienvenue sur SantéPlus, P4 !
[EMAIL -> p4_vxa10mouy3@test.bj] Souscription en cours — CTR-2026-8441EF
[SMS -> +229 994922796] Souscription en cours — CTR-2026-8441EF
[EMAIL -> p4_vxa10mouy3@test.bj] Votre contrat CTR-2026-8441EF est actif
[SMS -> +229 994922796] Votre contrat CTR-2026-8441EF est actif
[EMAIL -> p4_vxa10mouy3@test.bj] Paiement reçu : 203000 FCFA
[SMS -> +229 994922796] Paiement reçu : 203000 FCFA
[SMS -> +229 994922796] Prise en charge TPE-2026-D46DB0
[SMS -> +229 994922796] Prise en charge TPE-2026-289340
[SMS -> +229 994922796] Prise en charge TPE-2026-506D36
[SMS -> +229 994922796] Prise en charge TPE-2026-03B0D8
[SMS -> +229 994922796] Prise en charge TPE-2026-A1B2F5
[SMS -> +229 994922796] Prise en charge TPE-2026-BB4AAA
[SMS -> +229 994922796] Prise en charge TPE-2026-7CE11E
[SMS -> +229 994922796] Prise en charge TPE-2026-52D7DB
[EMAIL -> p4_v2819coy6i@test.bj] Bienvenue sur SantéPlus, P4 !
[SMS -> +229 997620474] Bienvenue sur SantéPlus, P4 !
[EMAIL -> p4_v2819coy6i@test.bj] Souscription en cours — CTR-2026-7A317F
[SMS -> +229 997620474] Souscription en cours — CTR-2026-7A317F
[EMAIL -> p4_v2819coy6i@test.bj] Votre contrat CTR-2026-7A317F est actif
[SMS -> +229 997620474] Votre contrat CTR-2026-7A317F est actif
[EMAIL -> p4_v2819coy6i@test.bj] Paiement reçu : 203000 FCFA
[SMS -> +229 997620474] Paiement reçu : 203000 FCFA
[SMS -> +229 997620474] Prise en charge TPE-2026-48843D
[SMS -> +229 997620474] Prise en charge TPE-2026-175BF1
[SMS -> +229 997620474] Prise en charge TPE-2026-547089
[SMS -> +229 997620474] Prise en charge TPE-2026-74FD10
[SMS -> +229 997620474] Prise en charge TPE-2026-F40440
[SMS -> +229 997620474] Prise en charge TPE-2026-22BEE3
[SMS -> +229 997620474] Prise en charge TPE-2026-EAEBE3
[SMS -> +229 997620474] Prise en charge TPE-2026-F61EE6
[EMAIL -> p4_v2819coy6i@test.bj] Paiement reçu : 100000 FCFA
[SMS -> +229 997620474] Paiement reçu : 100000 FCFA
[EMAIL -> p4_q2t64op25q@test.bj] Bienvenue sur SantéPlus, P4 !
[SMS -> +229 968060821] Bienvenue sur SantéPlus, P4 !
[EMAIL -> p4_q2t64op25q@test.bj] Souscription en cours — CTR-2026-5A260F
[SMS -> +229 968060821] Souscription en cours — CTR-2026-5A260F
[EMAIL -> p4_q2t64op25q@test.bj] Votre contrat CTR-2026-5A260F est actif
[SMS -> +229 968060821] Votre contrat CTR-2026-5A260F est actif
[EMAIL -> p4_q2t64op25q@test.bj] Paiement reçu : 103000 FCFA
[SMS -> +229 968060821] Paiement reçu : 103000 FCFA
[EMAIL -> p4_q2t64op25q@test.bj] Demande SIN-2026-63A483 reçue
[SMS -> +229 968060821] Demande SIN-2026-63A483 reçue
[EMAIL -> p4_q2t64op25q@test.bj] SIN-2026-63A483 — Demande partiellement approuvée
[SMS -> +229 968060821] SIN-2026-63A483 — Demande partiellement approuvée
[EMAIL -> p4_ngpmrgp42n@test.bj] Bienvenue sur SantéPlus, P4 !
[SMS -> +229 942185210] Bienvenue sur SantéPlus, P4 !
[EMAIL -> p4_ngpmrgp42n@test.bj] Souscription en cours — CTR-2026-C35532
[SMS -> +229 942185210] Souscription en cours — CTR-2026-C35532
[EMAIL -> p4_ngpmrgp42n@test.bj] Votre contrat CTR-2026-C35532 est actif
[SMS -> +229 942185210] Votre contrat CTR-2026-C35532 est actif
[EMAIL -> p4_ngpmrgp42n@test.bj] Paiement reçu : 82200 FCFA
[SMS -> +229 942185210] Paiement reçu : 82200 FCFA
[SMS -> +229 942185210] Délivrance DEL-2026-FE43CA — prise en charge 0 FCFA
[EMAIL -> p4_l26ifhp7wv@test.bj] Bienvenue sur SantéPlus, P4 !
[SMS -> +229 980383137] Bienvenue sur SantéPlus, P4 !
[EMAIL -> p4_l26ifhp7wv@test.bj] Souscription en cours — CTR-2026-4D1628
[SMS -> +229 980383137] Souscription en cours — CTR-2026-4D1628
[EMAIL -> p4_l26ifhp7wv@test.bj] Votre contrat CTR-2026-4D1628 est actif
[SMS -> +229 980383137] Votre contrat CTR-2026-4D1628 est actif
[EMAIL -> p4_l26ifhp7wv@test.bj] Paiement reçu : 103000 FCFA
[SMS -> +229 980383137] Paiement reçu : 103000 FCFA
[SMS -> +229 980383137] Prise en charge TPE-2026-745E25
[SMS -> +229 980383137] Prise en charge TPE-2026-57F193
[SMS -> +229 980383137] Prise en charge TPE-2026-192E1E
[SMS -> +229 980383137] Prise en charge TPE-2026-B7A47A
[SMS -> +229 980383137] Prise en charge TPE-2026-8394BF
[EMAIL -> p4_9vwqtgpaya@test.bj] Bienvenue sur SantéPlus, P4 !
[SMS -> +229 964222324] Bienvenue sur SantéPlus, P4 !
[EMAIL -> p4_9vwqtgpaya@test.bj] Souscription en cours — CTR-2026-60291D
[SMS -> +229 964222324] Souscription en cours — CTR-2026-60291D
[EMAIL -> p4_9vwqtgpaya@test.bj] Votre contrat CTR-2026-60291D est actif
[SMS -> +229 964222324] Votre contrat CTR-2026-60291D est actif
[EMAIL -> p4_9vwqtgpaya@test.bj] Paiement reçu : 103000 FCFA
[SMS -> +229 964222324] Paiement reçu : 103000 FCFA
[EMAIL -> p4_ko6bx9pbyr@test.bj] Bienvenue sur SantéPlus, P4 !
[SMS -> +229 955756088] Bienvenue sur SantéPlus, P4 !
[EMAIL -> p4_ko6bx9pbyr@test.bj] Souscription en cours — CTR-2026-A599AC
[SMS -> +229 955756088] Souscription en cours — CTR-2026-A599AC
[EMAIL -> p4_ko6bx9pbyr@test.bj] Votre contrat CTR-2026-A599AC est actif
[SMS -> +229 955756088] Votre contrat CTR-2026-A599AC est actif
[EMAIL -> p4_ko6bx9pbyr@test.bj] Paiement reçu : 103000 FCFA
[SMS -> +229 955756088] Paiement reçu : 103000 FCFA
[SMS -> +229 955756088] Prise en charge TPE-2026-385A93
[SMS -> +229 955756088] Prise en charge TPE-2026-776B67
[SMS -> +229 955756088] Prise en charge TPE-2026-D887FB
[SMS -> +229 955756088] Prise en charge TPE-2026-24CC45
[SMS -> +229 955756088] Prise en charge TPE-2026-0C3382
[EMAIL -> p4_afcj4hpidg@test.bj] Bienvenue sur SantéPlus, P4 !
[SMS -> +229 951788316] Bienvenue sur SantéPlus, P4 !
[EMAIL -> p4_afcj4hpidg@test.bj] Souscription en cours — CTR-2026-1B0F9B
[SMS -> +229 951788316] Souscription en cours — CTR-2026-1B0F9B
[EMAIL -> p4_afcj4hpidg@test.bj] Votre contrat CTR-2026-1B0F9B est actif
[SMS -> +229 951788316] Votre contrat CTR-2026-1B0F9B est actif
[EMAIL -> p4_afcj4hpidg@test.bj] Paiement reçu : 1003000 FCFA
[SMS -> +229 951788316] Paiement reçu : 1003000 FCFA
[SMS -> +229 951788316] Prise en charge TPE-2026-2D815D
PrismaClientKnownRequestError: 
Invalid `this.prisma.user.findUnique()` invocation in
C:\Users\HP\Desktop\mutuelle santé\apps\api\dist\modules\auth\auth.service.js:131:45

  128 if (attempt?.lockedUntil && Date.now() < attempt.lockedUntil) {
  129     throw new common_1.UnauthorizedException('Trop de tentatives. Réessayez plus tard.');
  130 }
→ 131 const user = await this.prisma.user.findUnique(
The table `public.User` does not exist in the current database.
    at $n.handleRequestError (C:\Users\HP\Desktop\mutuelle santé\apps\api\node_modules\@prisma\client\runtime\library.js:121:7315)
    at $n.handleAndLogRequestError (C:\Users\HP\Desktop\mutuelle santé\apps\api\node_modules\@prisma\client\runtime\library.js:121:6623)
    at $n.request (C:\Users\HP\Desktop\mutuelle santé\apps\api\node_modules\@prisma\client\runtime\library.js:121:6307)
    at async l (C:\Users\HP\Desktop\mutuelle santé\apps\api\node_modules\@prisma\client\runtime\library.js:130:9633)
    at async AuthService.login (C:\Users\HP\Desktop\mutuelle santé\apps\api\dist\modules\auth\auth.service.js:131:22)
    at async AuthController.login (C:\Users\HP\Desktop\mutuelle santé\apps\api\dist\modules\auth\auth.controller.js:40:24) {
  code: 'P2021',
  clientVersion: '5.22.0',
  meta: { modelName: 'User', table: 'public.User' }
}
PrismaClientKnownRequestError: 
Invalid `this.prisma.user.findUnique()` invocation in
C:\Users\HP\Desktop\mutuelle santé\apps\api\dist\modules\auth\auth.service.js:67:49

  64     this.dispatch = dispatch;
  65 }
  66 async register(dto) {
→ 67     const existing = await this.prisma.user.findUnique(
The table `public.User` does not exist in the current database.
    at $n.handleRequestError (C:\Users\HP\Desktop\mutuelle santé\apps\api\node_modules\@prisma\client\runtime\library.js:121:7315)
    at $n.handleAndLogRequestError (C:\Users\HP\Desktop\mutuelle santé\apps\api\node_modules\@prisma\client\runtime\library.js:121:6623)
    at $n.request (C:\Users\HP\Desktop\mutuelle santé\apps\api\node_modules\@prisma\client\runtime\library.js:121:6307)
    at async l (C:\Users\HP\Desktop\mutuelle santé\apps\api\node_modules\@prisma\client\runtime\library.js:130:9633)
    at async AuthService.register (C:\Users\HP\Desktop\mutuelle santé\apps\api\dist\modules\auth\auth.service.js:67:26)
    at async AuthController.register (C:\Users\HP\Desktop\mutuelle santé\apps\api\dist\modules\auth\auth.controller.js:33:24) {
  code: 'P2021',
  clientVersion: '5.22.0',
  meta: { modelName: 'User', table: 'public.User' }
}
PrismaClientKnownRequestError: 
Invalid `this.prisma.user.findUnique()` invocation in
C:\Users\HP\Desktop\mutuelle santé\apps\api\dist\modules\company\company.controller.js:467:47

  464     this.prisma = prisma;
  465 }
  466 async register(dto) {
→ 467     const exists = await this.prisma.user.findUnique(
The table `public.User` does not exist in the current database.
    at $n.handleRequestError (C:\Users\HP\Desktop\mutuelle santé\apps\api\node_modules\@prisma\client\runtime\library.js:121:7315)
    at $n.handleAndLogRequestError (C:\Users\HP\Desktop\mutuelle santé\apps\api\node_modules\@prisma\client\runtime\library.js:121:6623)
    at $n.request (C:\Users\HP\Desktop\mutuelle santé\apps\api\node_modules\@prisma\client\runtime\library.js:121:6307)
    at async l (C:\Users\HP\Desktop\mutuelle santé\apps\api\node_modules\@prisma\client\runtime\library.js:130:9633)
    at async CompanyController.register (C:\Users\HP\Desktop\mutuelle santé\apps\api\dist\modules\company\company.controller.js:467:24) {
  code: 'P2021',
  clientVersion: '5.22.0',
  meta: { modelName: 'User', table: 'public.User' }
}
PrismaClientKnownRequestError: 
Invalid `this.prisma.user.findUnique()` invocation in
C:\Users\HP\Desktop\mutuelle santé\apps\api\dist\modules\auth\auth.service.js:131:45

  128 if (attempt?.lockedUntil && Date.now() < attempt.lockedUntil) {
  129     throw new common_1.UnauthorizedException('Trop de tentatives. Réessayez plus tard.');
  130 }
→ 131 const user = await this.prisma.user.findUnique(
The table `public.User` does not exist in the current database.
    at $n.handleRequestError (C:\Users\HP\Desktop\mutuelle santé\apps\api\node_modules\@prisma\client\runtime\library.js:121:7315)
    at $n.handleAndLogRequestError (C:\Users\HP\Desktop\mutuelle santé\apps\api\node_modules\@prisma\client\runtime\library.js:121:6623)
    at $n.request (C:\Users\HP\Desktop\mutuelle santé\apps\api\node_modules\@prisma\client\runtime\library.js:121:6307)
    at async l (C:\Users\HP\Desktop\mutuelle santé\apps\api\node_modules\@prisma\client\runtime\library.js:130:9633)
    at async AuthService.login (C:\Users\HP\Desktop\mutuelle santé\apps\api\dist\modules\auth\auth.service.js:131:22)
    at async AuthController.login (C:\Users\HP\Desktop\mutuelle santé\apps\api\dist\modules\auth\auth.controller.js:40:24) {
  code: 'P2021',
  clientVersion: '5.22.0',
  meta: { modelName: 'User', table: 'public.User' }
}
[EMAIL -> e2e_v3zbkn@test.bj] Bienvenue sur SantéPlus, Test !
[SMS -> +229 955039959] Bienvenue sur SantéPlus, Test !
[EMAIL -> e2e_v3zbkn@test.bj] Souscription en cours — CTR-2026-615409
[SMS -> +229 955039959] Souscription en cours — CTR-2026-615409
[EMAIL -> e2e_v3zbkn@test.bj] Votre contrat CTR-2026-615409 est actif
[SMS -> +229 955039959] Votre contrat CTR-2026-615409 est actif
[EMAIL -> e2e_v3zbkn@test.bj] Paiement reçu : 9996 FCFA
[SMS -> +229 955039959] Paiement reçu : 9996 FCFA
[EMAIL -> e2e_v3zbkn@test.bj] Demande SIN-2026-87C7DA reçue
[SMS -> +229 955039959] Demande SIN-2026-87C7DA reçue
