[crypto] FIELD_ENCRYPTION_KEY manquant/invalide — clé dérivée du JWT_SECRET utilisée (définir FIELD_ENCRYPTION_KEY en prod pour persistance)
WARNING: FIELD_ENCRYPTION_KEY manquant/invalide — clé dérivée du JWT_SECRET utilisée (définir FIELD_ENCRYPTION_KEY en prod pour persistance)
[32m[Nest] 6160  - [39m17/09/2026 05:00:40 [32m    LOG[39m [38;5;3m[NestFactory] [39m[32mStarting Nest application...[39m
[32m[Nest] 6160  - [39m17/09/2026 05:00:40 [32m    LOG[39m [38;5;3m[InstanceLoader] [39m[32mPrismaModule dependencies initialized[39m[38;5;3m +63ms[39m
[32m[Nest] 6160  - [39m17/09/2026 05:00:40 [32m    LOG[39m [38;5;3m[InstanceLoader] [39m[32mCommonModule dependencies initialized[39m[38;5;3m +27ms[39m
[32m[Nest] 6160  - [39m17/09/2026 05:00:40 [32m    LOG[39m [38;5;3m[InstanceLoader] [39m[32mAdminMiscModule dependencies initialized[39m[38;5;3m +1ms[39m
[32m[Nest] 6160  - [39m17/09/2026 05:00:40 [32m    LOG[39m [38;5;3m[InstanceLoader] [39m[32mAccountingModule dependencies initialized[39m[38;5;3m +2ms[39m
[32m[Nest] 6160  - [39m17/09/2026 05:00:40 [32m    LOG[39m [38;5;3m[InstanceLoader] [39m[32mStatsModule dependencies initialized[39m[38;5;3m +1ms[39m
[32m[Nest] 6160  - [39m17/09/2026 05:00:40 [32m    LOG[39m [38;5;3m[InstanceLoader] [39m[32mQuoteModule dependencies initialized[39m[38;5;3m +0ms[39m
[32m[Nest] 6160  - [39m17/09/2026 05:00:40 [32m    LOG[39m [38;5;3m[InstanceLoader] [39m[32mReferentialModule dependencies initialized[39m[38;5;3m +0ms[39m
[32m[Nest] 6160  - [39m17/09/2026 05:00:40 [32m    LOG[39m [38;5;3m[InstanceLoader] [39m[32mFilesModule dependencies initialized[39m[38;5;3m +0ms[39m
[32m[Nest] 6160  - [39m17/09/2026 05:00:40 [32m    LOG[39m [38;5;3m[InstanceLoader] [39m[32mNotificationsHttpModule dependencies initialized[39m[38;5;3m +1ms[39m
[32m[Nest] 6160  - [39m17/09/2026 05:00:40 [32m    LOG[39m [38;5;3m[InstanceLoader] [39m[32mFraudModule dependencies initialized[39m[38;5;3m +0ms[39m
[32m[Nest] 6160  - [39m17/09/2026 05:00:40 [32m    LOG[39m [38;5;3m[InstanceLoader] [39m[32mUsersModule dependencies initialized[39m[38;5;3m +0ms[39m
[32m[Nest] 6160  - [39m17/09/2026 05:00:40 [32m    LOG[39m [38;5;3m[InstanceLoader] [39m[32mOfflineModule dependencies initialized[39m[38;5;3m +1ms[39m
[32m[Nest] 6160  - [39m17/09/2026 05:00:40 [32m    LOG[39m [38;5;3m[InstanceLoader] [39m[32mAppModule dependencies initialized[39m[38;5;3m +0ms[39m
[32m[Nest] 6160  - [39m17/09/2026 05:00:40 [32m    LOG[39m [38;5;3m[InstanceLoader] [39m[32mHospitalModule dependencies initialized[39m[38;5;3m +0ms[39m
[32m[Nest] 6160  - [39m17/09/2026 05:00:40 [32m    LOG[39m [38;5;3m[InstanceLoader] [39m[32mDistributorsModule dependencies initialized[39m[38;5;3m +0ms[39m
[32m[Nest] 6160  - [39m17/09/2026 05:00:40 [32m    LOG[39m [38;5;3m[InstanceLoader] [39m[32mCommissionsModule dependencies initialized[39m[38;5;3m +0ms[39m
[32m[Nest] 6160  - [39m17/09/2026 05:00:40 [32m    LOG[39m [38;5;3m[InstanceLoader] [39m[32mAnalyticsModule dependencies initialized[39m[38;5;3m +0ms[39m
[32m[Nest] 6160  - [39m17/09/2026 05:00:40 [32m    LOG[39m [38;5;3m[InstanceLoader] [39m[32mCareModule dependencies initialized[39m[38;5;3m +0ms[39m
[32m[Nest] 6160  - [39m17/09/2026 05:00:40 [32m    LOG[39m [38;5;3m[InstanceLoader] [39m[32mProductsModule dependencies initialized[39m[38;5;3m +0ms[39m
[32m[Nest] 6160  - [39m17/09/2026 05:00:40 [32m    LOG[39m [38;5;3m[InstanceLoader] [39m[32mProvidersModule dependencies initialized[39m[38;5;3m +0ms[39m
[32m[Nest] 6160  - [39m17/09/2026 05:00:40 [32m    LOG[39m [38;5;3m[InstanceLoader] [39m[32mCompanyModule dependencies initialized[39m[38;5;3m +0ms[39m
[32m[Nest] 6160  - [39m17/09/2026 05:00:40 [32m    LOG[39m [38;5;3m[InstanceLoader] [39m[32mProviderPortalModule dependencies initialized[39m[38;5;3m +1ms[39m
[32m[Nest] 6160  - [39m17/09/2026 05:00:40 [32m    LOG[39m [38;5;3m[InstanceLoader] [39m[32mDocumentsModule dependencies initialized[39m[38;5;3m +0ms[39m
[32m[Nest] 6160  - [39m17/09/2026 05:00:40 [32m    LOG[39m [38;5;3m[InstanceLoader] [39m[32mSubscriptionModule dependencies initialized[39m[38;5;3m +0ms[39m
[32m[Nest] 6160  - [39m17/09/2026 05:00:40 [32m    LOG[39m [38;5;3m[InstanceLoader] [39m[32mAuthModule dependencies initialized[39m[38;5;3m +0ms[39m
[32m[Nest] 6160  - [39m17/09/2026 05:00:40 [32m    LOG[39m [38;5;3m[InstanceLoader] [39m[32mBirthCertificateModule dependencies initialized[39m[38;5;3m +0ms[39m
[32m[Nest] 6160  - [39m17/09/2026 05:00:40 [32m    LOG[39m [38;5;3m[InstanceLoader] [39m[32mCtsModule dependencies initialized[39m[38;5;3m +0ms[39m
[32m[Nest] 6160  - [39m17/09/2026 05:00:40 [32m    LOG[39m [38;5;3m[InstanceLoader] [39m[32mProviderRegistrationModule dependencies initialized[39m[38;5;3m +0ms[39m
[32m[Nest] 6160  - [39m17/09/2026 05:00:40 [32m    LOG[39m [38;5;3m[InstanceLoader] [39m[32mClaimsModule dependencies initialized[39m[38;5;3m +0ms[39m
[32m[Nest] 6160  - [39m17/09/2026 05:00:40 [32m    LOG[39m [38;5;3m[InstanceLoader] [39m[32mBatchBillingModule dependencies initialized[39m[38;5;3m +0ms[39m
[32m[Nest] 6160  - [39m17/09/2026 05:00:40 [32m    LOG[39m [38;5;3m[InstanceLoader] [39m[32mContractsModule dependencies initialized[39m[38;5;3m +1ms[39m
[32m[Nest] 6160  - [39m17/09/2026 05:00:40 [32m    LOG[39m [38;5;3m[InstanceLoader] [39m[32mPaymentsModule dependencies initialized[39m[38;5;3m +0ms[39m
[32m[Nest] 6160  - [39m17/09/2026 05:00:40 [32m    LOG[39m [38;5;3m[RoutesResolver] [39m[32mAuthController {/api/auth}:[39m[38;5;3m +15ms[39m
[32m[Nest] 6160  - [39m17/09/2026 05:00:40 [32m    LOG[39m [38;5;3m[RouterExplorer] [39m[32mMapped {/api/auth/register, POST} route[39m[38;5;3m +5ms[39m
[32m[Nest] 6160  - [39m17/09/2026 05:00:40 [32m    LOG[39m [38;5;3m[RouterExplorer] [39m[32mMapped {/api/auth/login, POST} route[39m[38;5;3m +1ms[39m
[32m[Nest] 6160  - [39m17/09/2026 05:00:40 [32m    LOG[39m [38;5;3m[RouterExplorer] [39m[32mMapped {/api/auth/refresh, POST} route[39m[38;5;3m +0ms[39m
[32m[Nest] 6160  - [39m17/09/2026 05:00:40 [32m    LOG[39m [38;5;3m[RouterExplorer] [39m[32mMapped {/api/auth/logout, POST} route[39m[38;5;3m +1ms[39m
[32m[Nest] 6160  - [39m17/09/2026 05:00:40 [32m    LOG[39m [38;5;3m[RouterExplorer] [39m[32mMapped {/api/auth/password, POST} route[39m[38;5;3m +0ms[39m
[32m[Nest] 6160  - [39m17/09/2026 05:00:40 [32m    LOG[39m [38;5;3m[RouterExplorer] [39m[32mMapped {/api/auth/me, GET} route[39m[38;5;3m +0ms[39m
[32m[Nest] 6160  - [39m17/09/2026 05:00:40 [32m    LOG[39m [38;5;3m[RoutesResolver] [39m[32mUsersController {/api}:[39m[38;5;3m +1ms[39m
[32m[Nest] 6160  - [39m17/09/2026 05:00:40 [32m    LOG[39m [38;5;3m[RouterExplorer] [39m[32mMapped {/api/users/me/photo, POST} route[39m[38;5;3m +0ms[39m
[32m[Nest] 6160  - [39m17/09/2026 05:00:40 [32m    LOG[39m [38;5;3m[RouterExplorer] [39m[32mMapped {/api/users/me/photo, GET} route[39m[38;5;3m +0ms[39m
[32m[Nest] 6160  - [39m17/09/2026 05:00:40 [32m    LOG[39m [38;5;3m[RouterExplorer] [39m[32mMapped {/api/users/me, PATCH} route[39m[38;5;3m +1ms[39m
[32m[Nest] 6160  - [39m17/09/2026 05:00:40 [32m    LOG[39m [38;5;3m[RouterExplorer] [39m[32mMapped {/api/users/me/national-id, GET} route[39m[38;5;3m +1ms[39m
[32m[Nest] 6160  - [39m17/09/2026 05:00:40 [32m    LOG[39m [38;5;3m[RouterExplorer] [39m[32mMapped {/api/admin/users, GET} route[39m[38;5;3m +1ms[39m
[32m[Nest] 6160  - [39m17/09/2026 05:00:40 [32m    LOG[39m [38;5;3m[RouterExplorer] [39m[32mMapped {/api/admin/users/:id, GET} route[39m[38;5;3m +1ms[39m
[32m[Nest] 6160  - [39m17/09/2026 05:00:40 [32m    LOG[39m [38;5;3m[RouterExplorer] [39m[32mMapped {/api/admin/users, POST} route[39m[38;5;3m +1ms[39m
[32m[Nest] 6160  - [39m17/09/2026 05:00:40 [32m    LOG[39m [38;5;3m[RouterExplorer] [39m[32mMapped {/api/admin/users/:id, PATCH} route[39m[38;5;3m +0ms[39m
[32m[Nest] 6160  - [39m17/09/2026 05:00:40 [32m    LOG[39m [38;5;3m[RouterExplorer] [39m[32mMapped {/api/admin/roles, GET} route[39m[38;5;3m +0ms[39m
[32m[Nest] 6160  - [39m17/09/2026 05:00:40 [32m    LOG[39m [38;5;3m[RouterExplorer] [39m[32mMapped {/api/admin/roles/:role/permissions, GET} route[39m[38;5;3m +1ms[39m
[32m[Nest] 6160  - [39m17/09/2026 05:00:40 [32m    LOG[39m [38;5;3m[RouterExplorer] [39m[32mMapped {/api/admin/roles/:role/permissions, POST} route[39m[38;5;3m +0ms[39m
[32m[Nest] 6160  - [39m17/09/2026 05:00:40 [32m    LOG[39m [38;5;3m[RouterExplorer] [39m[32mMapped {/api/users/me/photo, GET} route[39m[38;5;3m +1ms[39m
[32m[Nest] 6160  - [39m17/09/2026 05:00:40 [32m    LOG[39m [38;5;3m[RouterExplorer] [39m[32mMapped {/api/beneficiaries/:id/photo, POST} route[39m[38;5;3m +0ms[39m
[32m[Nest] 6160  - [39m17/09/2026 05:00:40 [32m    LOG[39m [38;5;3m[RouterExplorer] [39m[32mMapped {/api/beneficiaries/:id/photo, GET} route[39m[38;5;3m +1ms[39m
[32m[Nest] 6160  - [39m17/09/2026 05:00:40 [32m    LOG[39m [38;5;3m[RoutesResolver] [39m[32mFilesController {/api}:[39m[38;5;3m +0ms[39m
[32m[Nest] 6160  - [39m17/09/2026 05:00:40 [32m    LOG[39m [38;5;3m[RouterExplorer] [39m[32mMapped {/api/files/:id/view, GET} route[39m[38;5;3m +1ms[39m
[32m[Nest] 6160  - [39m17/09/2026 05:00:40 [32m    LOG[39m [38;5;3m[RouterExplorer] [39m[32mMapped {/api/admin/documents, GET} route[39m[38;5;3m +0ms[39m
[32m[Nest] 6160  - [39m17/09/2026 05:00:40 [32m    LOG[39m [38;5;3m[RoutesResolver] [39m[32mProductsController {/api}:[39m[38;5;3m +0ms[39m
[32m[Nest] 6160  - [39m17/09/2026 05:00:40 [32m    LOG[39m [38;5;3m[RouterExplorer] [39m[32mMapped {/api/products, GET} route[39m[38;5;3m +0ms[39m
[32m[Nest] 6160  - [39m17/09/2026 05:00:40 [32m    LOG[39m [38;5;3m[RouterExplorer] [39m[32mMapped {/api/admin/products, GET} route[39m[38;5;3m +0ms[39m
[32m[Nest] 6160  - [39m17/09/2026 05:00:40 [32m    LOG[39m [38;5;3m[RouterExplorer] [39m[32mMapped {/api/admin/products/:id, GET} route[39m[38;5;3m +1ms[39m
[32m[Nest] 6160  - [39m17/09/2026 05:00:40 [32m    LOG[39m [38;5;3m[RouterExplorer] [39m[32mMapped {/api/admin/products, POST} route[39m[38;5;3m +0ms[39m
[32m[Nest] 6160  - [39m17/09/2026 05:00:40 [32m    LOG[39m [38;5;3m[RouterExplorer] [39m[32mMapped {/api/admin/products/:id, PATCH} route[39m[38;5;3m +0ms[39m
[32m[Nest] 6160  - [39m17/09/2026 05:00:40 [32m    LOG[39m [38;5;3m[RouterExplorer] [39m[32mMapped {/api/admin/guarantees, GET} route[39m[38;5;3m +1ms[39m
[32m[Nest] 6160  - [39m17/09/2026 05:00:40 [32m    LOG[39m [38;5;3m[RouterExplorer] [39m[32mMapped {/api/admin/guarantees, POST} route[39m[38;5;3m +0ms[39m
[32m[Nest] 6160  - [39m17/09/2026 05:00:40 [32m    LOG[39m [38;5;3m[RouterExplorer] [39m[32mMapped {/api/admin/guarantees/:id, PATCH} route[39m[38;5;3m +0ms[39m
[32m[Nest] 6160  - [39m17/09/2026 05:00:40 [32m    LOG[39m [38;5;3m[RouterExplorer] [39m[32mMapped {/api/admin/partners, GET} route[39m[38;5;3m +1ms[39m
[32m[Nest] 6160  - [39m17/09/2026 05:00:40 [32m    LOG[39m [38;5;3m[RouterExplorer] [39m[32mMapped {/api/admin/partners, POST} route[39m[38;5;3m +0ms[39m
[32m[Nest] 6160  - [39m17/09/2026 05:00:40 [32m    LOG[39m [38;5;3m[RouterExplorer] [39m[32mMapped {/api/admin/partners/:id, PATCH} route[39m[38;5;3m +0ms[39m
[32m[Nest] 6160  - [39m17/09/2026 05:00:40 [32m    LOG[39m [38;5;3m[RoutesResolver] [39m[32mSubscriptionController {/api/subscription}:[39m[38;5;3m +0ms[39m
[32m[Nest] 6160  - [39m17/09/2026 05:00:40 [32m    LOG[39m [38;5;3m[RouterExplorer] [39m[32mMapped {/api/subscription/quote, POST} route[39m[38;5;3m +1ms[39m
[32m[Nest] 6160  - [39m17/09/2026 05:00:40 [32m    LOG[39m [38;5;3m[RouterExplorer] [39m[32mMapped {/api/subscription/subscribe, POST} route[39m[38;5;3m +0ms[39m
[32m[Nest] 6160  - [39m17/09/2026 05:00:40 [32m    LOG[39m [38;5;3m[RouterExplorer] [39m[32mMapped {/api/subscription/guarantee-change-requests, POST} route[39m[38;5;3m +0ms[39m
[32m[Nest] 6160  - [39m17/09/2026 05:00:40 [32m    LOG[39m [38;5;3m[RouterExplorer] [39m[32mMapped {/api/subscription/subscribe-company, POST} route[39m[38;5;3m +0ms[39m
[32m[Nest] 6160  - [39m17/09/2026 05:00:40 [32m    LOG[39m [38;5;3m[RoutesResolver] [39m[32mCtsController {/api}:[39m[38;5;3m +0ms[39m
[32m[Nest] 6160  - [39m17/09/2026 05:00:40 [32m    LOG[39m [38;5;3m[RouterExplorer] [39m[32mMapped {/api/admin/contracts/:id/cts, GET} route[39m[38;5;3m +1ms[39m
[32m[Nest] 6160  - [39m17/09/2026 05:00:40 [32m    LOG[39m [38;5;3m[RouterExplorer] [39m[32mMapped {/api/contracts/mine/cts, GET} route[39m[38;5;3m +0ms[39m
[32m[Nest] 6160  - [39m17/09/2026 05:00:40 [32m    LOG[39m [38;5;3m[RouterExplorer] [39m[32mMapped {/api/company/me/cts, GET} route[39m[38;5;3m +0ms[39m
[32m[Nest] 6160  - [39m17/09/2026 05:00:40 [32m    LOG[39m [38;5;3m[RouterExplorer] [39m[32mMapped {/api/admin/cts/portfolio, GET} route[39m[38;5;3m +0ms[39m
[32m[Nest] 6160  - [39m17/09/2026 05:00:40 [32m    LOG[39m [38;5;3m[RouterExplorer] [39m[32mMapped {/api/admin/solidarity/fund, GET} route[39m[38;5;3m +1ms[39m
[32m[Nest] 6160  - [39m17/09/2026 05:00:40 [32m    LOG[39m [38;5;3m[RouterExplorer] [39m[32mMapped {/api/admin/contracts/:id/solidarity-cover, POST} route[39m[38;5;3m +0ms[39m
[32m[Nest] 6160  - [39m17/09/2026 05:00:40 [32m    LOG[39m [38;5;3m[RouterExplorer] [39m[32mMapped {/api/cts/simulate, POST} route[39m[38;5;3m +0ms[39m
[32m[Nest] 6160  - [39m17/09/2026 05:00:40 [32m    LOG[39m [38;5;3m[RouterExplorer] [39m[32mMapped {/api/admin/contracts/:id/fund-calls, GET} route[39m[38;5;3m +0ms[39m
[32m[Nest] 6160  - [39m17/09/2026 05:00:40 [32m    LOG[39m [38;5;3m[RouterExplorer] [39m[32mMapped {/api/admin/contracts/:id/fund-calls, POST} route[39m[38;5;3m +0ms[39m
[32m[Nest] 6160  - [39m17/09/2026 05:00:40 [32m    LOG[39m [38;5;3m[RouterExplorer] [39m[32mMapped {/api/admin/fund-calls/:id/send, POST} route[39m[38;5;3m +0ms[39m
[32m[Nest] 6160  - [39m17/09/2026 05:00:40 [32m    LOG[39m [38;5;3m[RouterExplorer] [39m[32mMapped {/api/admin/fund-calls/:id/cancel, POST} route[39m[38;5;3m +0ms[39m
[32m[Nest] 6160  - [39m17/09/2026 05:00:40 [32m    LOG[39m [38;5;3m[RouterExplorer] [39m[32mMapped {/api/admin/contracts/:id/closure, GET} route[39m[38;5;3m +1ms[39m
[32m[Nest] 6160  - [39m17/09/2026 05:00:40 [32m    LOG[39m [38;5;3m[RouterExplorer] [39m[32mMapped {/api/admin/contracts/:id/closure, POST} route[39m[38;5;3m +0ms[39m
[32m[Nest] 6160  - [39m17/09/2026 05:00:40 [32m    LOG[39m [38;5;3m[RouterExplorer] [39m[32mMapped {/api/admin/closures/:id/confirm, POST} route[39m[38;5;3m +0ms[39m
[32m[Nest] 6160  - [39m17/09/2026 05:00:40 [32m    LOG[39m [38;5;3m[RoutesResolver] [39m[32mBirthCertificateController {/api/subscription}:[39m[38;5;3m +0ms[39m
[32m[Nest] 6160  - [39m17/09/2026 05:00:40 [32m    LOG[39m [38;5;3m[RouterExplorer] [39m[32mMapped {/api/subscription/birth-certificate/upload, POST} route[39m[38;5;3m +0ms[39m
[32m[Nest] 6160  - [39m17/09/2026 05:00:40 [32m    LOG[39m [38;5;3m[RouterExplorer] [39m[32mMapped {/api/subscription/birth-certificate/verify, POST} route[39m[38;5;3m +0ms[39m
[32m[Nest] 6160  - [39m17/09/2026 05:00:40 [32m    LOG[39m [38;5;3m[RouterExplorer] [39m[32mMapped {/api/subscription/birth-certificate/status, GET} route[39m[38;5;3m +0ms[39m
[32m[Nest] 6160  - [39m17/09/2026 05:00:40 [32m    LOG[39m [38;5;3m[RoutesResolver] [39m[32mContractsController {/api}:[39m[38;5;3m +0ms[39m
[32m[Nest] 6160  - [39m17/09/2026 05:00:40 [32m    LOG[39m [38;5;3m[RouterExplorer] [39m[32mMapped {/api/contracts/mine, GET} route[39m[38;5;3m +0ms[39m
[32m[Nest] 6160  - [39m17/09/2026 05:00:40 [32m    LOG[39m [38;5;3m[RouterExplorer] [39m[32mMapped {/api/contracts/:id, GET} route[39m[38;5;3m +0ms[39m
[32m[Nest] 6160  - [39m17/09/2026 05:00:40 [32m    LOG[39m [38;5;3m[RouterExplorer] [39m[32mMapped {/api/contracts/:id/card, GET} route[39m[38;5;3m +1ms[39m
[32m[Nest] 6160  - [39m17/09/2026 05:00:40 [32m    LOG[39m [38;5;3m[RouterExplorer] [39m[32mMapped {/api/contracts/:id/rotate-token, POST} route[39m[38;5;3m +0ms[39m
[32m[Nest] 6160  - [39m17/09/2026 05:00:40 [32m    LOG[39m [38;5;3m[RouterExplorer] [39m[32mMapped {/api/contracts/:id/renew, POST} route[39m[38;5;3m +0ms[39m
[32m[Nest] 6160  - [39m17/09/2026 05:00:40 [32m    LOG[39m [38;5;3m[RouterExplorer] [39m[32mMapped {/api/contracts/:id/risk-model, POST} route[39m[38;5;3m +0ms[39m
[32m[Nest] 6160  - [39m17/09/2026 05:00:40 [32m    LOG[39m [38;5;3m[RouterExplorer] [39m[32mMapped {/api/contracts/:id/certificate, GET} route[39m[38;5;3m +0ms[39m
[32m[Nest] 6160  - [39m17/09/2026 05:00:40 [32m    LOG[39m [38;5;3m[RouterExplorer] [39m[32mMapped {/api/contracts/:id/card-pdf, GET} route[39m[38;5;3m +0ms[39m
[32m[Nest] 6160  - [39m17/09/2026 05:00:40 [32m    LOG[39m [38;5;3m[RouterExplorer] [39m[32mMapped {/api/admin/contracts, GET} route[39m[38;5;3m +0ms[39m
[32m[Nest] 6160  - [39m17/09/2026 05:00:40 [32m    LOG[39m [38;5;3m[RouterExplorer] [39m[32mMapped {/api/admin/contracts/:id/suspend, POST} route[39m[38;5;3m +0ms[39m
[32m[Nest] 6160  - [39m17/09/2026 05:00:40 [32m    LOG[39m [38;5;3m[RouterExplorer] [39m[32mMapped {/api/admin/contracts/:id/activate, POST} route[39m[38;5;3m +0ms[39m
[32m[Nest] 6160  - [39m17/09/2026 05:00:40 [32m    LOG[39m [38;5;3m[RouterExplorer] [39m[32mMapped {/api/admin/contracts/:id/terminate, POST} route[39m[38;5;3m +1ms[39m
[32m[Nest] 6160  - [39m17/09/2026 05:00:40 [32m    LOG[39m [38;5;3m[RoutesResolver] [39m[32mBeneficiariesController {/api/contracts/:contractId/beneficiaries}:[39m[38;5;3m +0ms[39m
[32m[Nest] 6160  - [39m17/09/2026 05:00:40 [32m    LOG[39m [38;5;3m[RouterExplorer] [39m[32mMapped {/api/contracts/:contractId/beneficiaries, GET} route[39m[38;5;3m +0ms[39m
[32m[Nest] 6160  - [39m17/09/2026 05:00:40 [32m    LOG[39m [38;5;3m[RouterExplorer] [39m[32mMapped {/api/contracts/:contractId/beneficiaries, POST} route[39m[38;5;3m +0ms[39m
[32m[Nest] 6160  - [39m17/09/2026 05:00:40 [32m    LOG[39m [38;5;3m[RouterExplorer] [39m[32mMapped {/api/contracts/:contractId/beneficiaries/:beneficiaryId, PATCH} route[39m[38;5;3m +0ms[39m
[32m[Nest] 6160  - [39m17/09/2026 05:00:40 [32m    LOG[39m [38;5;3m[RouterExplorer] [39m[32mMapped {/api/contracts/:contractId/beneficiaries/:beneficiaryId/remove, POST} route[39m[38;5;3m +0ms[39m
[32m[Nest] 6160  - [39m17/09/2026 05:00:40 [32m    LOG[39m [38;5;3m[RouterExplorer] [39m[32mMapped {/api/contracts/:contractId/beneficiaries/:beneficiaryId/history, GET} route[39m[38;5;3m +0ms[39m
[32m[Nest] 6160  - [39m17/09/2026 05:00:40 [32m    LOG[39m [38;5;3m[RoutesResolver] [39m[32mPaymentsController {/api}:[39m[38;5;3m +0ms[39m
[32m[Nest] 6160  - [39m17/09/2026 05:00:40 [32m    LOG[39m [38;5;3m[RouterExplorer] [39m[32mMapped {/api/payments/methods, GET} route[39m[38;5;3m +1ms[39m
[32m[Nest] 6160  - [39m17/09/2026 05:00:40 [32m    LOG[39m [38;5;3m[RouterExplorer] [39m[32mMapped {/api/payments/initiate, POST} route[39m[38;5;3m +0ms[39m
[32m[Nest] 6160  - [39m17/09/2026 05:00:40 [32m    LOG[39m [38;5;3m[RouterExplorer] [39m[32mMapped {/api/payments/mock/confirm, POST} route[39m[38;5;3m +0ms[39m
[32m[Nest] 6160  - [39m17/09/2026 05:00:40 [32m    LOG[39m [38;5;3m[RouterExplorer] [39m[32mMapped {/api/payments/webhook/fedapay, POST} route[39m[38;5;3m +0ms[39m
[32m[Nest] 6160  - [39m17/09/2026 05:00:40 [32m    LOG[39m [38;5;3m[RouterExplorer] [39m[32mMapped {/api/payments/webhook/cinetpay, POST} route[39m[38;5;3m +0ms[39m
[32m[Nest] 6160  - [39m17/09/2026 05:00:40 [32m    LOG[39m [38;5;3m[RouterExplorer] [39m[32mMapped {/api/payments/:id/status, GET} route[39m[38;5;3m +0ms[39m
[32m[Nest] 6160  - [39m17/09/2026 05:00:40 [32m    LOG[39m [38;5;3m[RouterExplorer] [39m[32mMapped {/api/payments/mine, GET} route[39m[38;5;3m +1ms[39m
[32m[Nest] 6160  - [39m17/09/2026 05:00:40 [32m    LOG[39m [38;5;3m[RouterExplorer] [39m[32mMapped {/api/admin/payments, GET} route[39m[38;5;3m +0ms[39m
[32m[Nest] 6160  - [39m17/09/2026 05:00:40 [32m    LOG[39m [38;5;3m[RoutesResolver] [39m[32mAccountingController {/api}:[39m[38;5;3m +0ms[39m
[32m[Nest] 6160  - [39m17/09/2026 05:00:40 [32m    LOG[39m [38;5;3m[RouterExplorer] [39m[32mMapped {/api/admin/accounting/entries, GET} route[39m[38;5;3m +0ms[39m
[32m[Nest] 6160  - [39m17/09/2026 05:00:40 [32m    LOG[39m [38;5;3m[RouterExplorer] [39m[32mMapped {/api/admin/accounting/summary, GET} route[39m[38;5;3m +0ms[39m
[32m[Nest] 6160  - [39m17/09/2026 05:00:40 [32m    LOG[39m [38;5;3m[RouterExplorer] [39m[32mMapped {/api/admin/accounting/export, GET} route[39m[38;5;3m +0ms[39m
[32m[Nest] 6160  - [39m17/09/2026 05:00:40 [32m    LOG[39m [38;5;3m[RouterExplorer] [39m[32mMapped {/api/admin/accounting/chart, GET} route[39m[38;5;3m +1ms[39m
[32m[Nest] 6160  - [39m17/09/2026 05:00:40 [32m    LOG[39m [38;5;3m[RoutesResolver] [39m[32mClaimsController {/api}:[39m[38;5;3m +0ms[39m
[32m[Nest] 6160  - [39m17/09/2026 05:00:40 [32m    LOG[39m [38;5;3m[RouterExplorer] [39m[32mMapped {/api/claims/categories, GET} route[39m[38;5;3m +0ms[39m
[32m[Nest] 6160  - [39m17/09/2026 05:00:40 [32m    LOG[39m [38;5;3m[RouterExplorer] [39m[32mMapped {/api/claims, POST} route[39m[38;5;3m +0ms[39m
[32m[Nest] 6160  - [39m17/09/2026 05:00:40 [32m    LOG[39m [38;5;3m[RouterExplorer] [39m[32mMapped {/api/claims/:id/submit, POST} route[39m[38;5;3m +0ms[39m
[32m[Nest] 6160  - [39m17/09/2026 05:00:40 [32m    LOG[39m [38;5;3m[RouterExplorer] [39m[32mMapped {/api/claims/mine, GET} route[39m[38;5;3m +0ms[39m
[32m[Nest] 6160  - [39m17/09/2026 05:00:40 [32m    LOG[39m [38;5;3m[RouterExplorer] [39m[32mMapped {/api/claims/:id, GET} route[39m[38;5;3m +0ms[39m
[32m[Nest] 6160  - [39m17/09/2026 05:00:40 [32m    LOG[39m [38;5;3m[RouterExplorer] [39m[32mMapped {/api/admin/claims, GET} route[39m[38;5;3m +1ms[39m
[32m[Nest] 6160  - [39m17/09/2026 05:00:40 [32m    LOG[39m [38;5;3m[RouterExplorer] [39m[32mMapped {/api/admin/claims/:id/authorize, POST} route[39m[38;5;3m +0ms[39m
[32m[Nest] 6160  - [39m17/09/2026 05:00:40 [32m    LOG[39m [38;5;3m[RouterExplorer] [39m[32mMapped {/api/admin/claims/:id/request-info, POST} route[39m[38;5;3m +0ms[39m
[32m[Nest] 6160  - [39m17/09/2026 05:00:40 [32m    LOG[39m [38;5;3m[RouterExplorer] [39m[32mMapped {/api/admin/claims/:id/under-review, POST} route[39m[38;5;3m +0ms[39m
[32m[Nest] 6160  - [39m17/09/2026 05:00:40 [32m    LOG[39m [38;5;3m[RouterExplorer] [39m[32mMapped {/api/admin/claims/:id/approve, POST} route[39m[38;5;3m +0ms[39m
[32m[Nest] 6160  - [39m17/09/2026 05:00:40 [32m    LOG[39m [38;5;3m[RouterExplorer] [39m[32mMapped {/api/admin/claims/:id/reject, POST} route[39m[38;5;3m +0ms[39m
[32m[Nest] 6160  - [39m17/09/2026 05:00:40 [32m    LOG[39m [38;5;3m[RouterExplorer] [39m[32mMapped {/api/admin/claims/:id/cancel, POST} route[39m[38;5;3m +1ms[39m
[32m[Nest] 6160  - [39m17/09/2026 05:00:40 [32m    LOG[39m [38;5;3m[RouterExplorer] [39m[32mMapped {/api/admin/claims/:id/mark-paid, POST} route[39m[38;5;3m +0ms[39m
[32m[Nest] 6160  - [39m17/09/2026 05:00:40 [32m    LOG[39m [38;5;3m[RoutesResolver] [39m[32mProvidersController {/api}:[39m[38;5;3m +0ms[39m
[32m[Nest] 6160  - [39m17/09/2026 05:00:40 [32m    LOG[39m [38;5;3m[RouterExplorer] [39m[32mMapped {/api/providers, GET} route[39m[38;5;3m +0ms[39m
[32m[Nest] 6160  - [39m17/09/2026 05:00:40 [32m    LOG[39m [38;5;3m[RouterExplorer] [39m[32mMapped {/api/providers/cities, GET} route[39m[38;5;3m +0ms[39m
[32m[Nest] 6160  - [39m17/09/2026 05:00:40 [32m    LOG[39m [38;5;3m[RouterExplorer] [39m[32mMapped {/api/admin/providers, GET} route[39m[38;5;3m +0ms[39m
[32m[Nest] 6160  - [39m17/09/2026 05:00:40 [32m    LOG[39m [38;5;3m[RouterExplorer] [39m[32mMapped {/api/admin/providers, POST} route[39m[38;5;3m +0ms[39m
[32m[Nest] 6160  - [39m17/09/2026 05:00:40 [32m    LOG[39m [38;5;3m[RouterExplorer] [39m[32mMapped {/api/admin/providers/:id, PATCH} route[39m[38;5;3m +0ms[39m
[32m[Nest] 6160  - [39m17/09/2026 05:00:40 [32m    LOG[39m [38;5;3m[RouterExplorer] [39m[32mMapped {/api/admin/providers/:id/approve, POST} route[39m[38;5;3m +0ms[39m
[32m[Nest] 6160  - [39m17/09/2026 05:00:40 [32m    LOG[39m [38;5;3m[RouterExplorer] [39m[32mMapped {/api/admin/providers/:id/suspend, POST} route[39m[38;5;3m +1ms[39m
[32m[Nest] 6160  - [39m17/09/2026 05:00:40 [32m    LOG[39m [38;5;3m[RoutesResolver] [39m[32mProviderPortalController {/api/provider}:[39m[38;5;3m +0ms[39m
[32m[Nest] 6160  - [39m17/09/2026 05:00:40 [32m    LOG[39m [38;5;3m[RouterExplorer] [39m[32mMapped {/api/provider/me, GET} route[39m[38;5;3m +0ms[39m
[32m[Nest] 6160  - [39m17/09/2026 05:00:40 [32m    LOG[39m [38;5;3m[RouterExplorer] [39m[32mMapped {/api/provider/me/establishment, PATCH} route[39m[38;5;3m +0ms[39m
[32m[Nest] 6160  - [39m17/09/2026 05:00:40 [32m    LOG[39m [38;5;3m[RouterExplorer] [39m[32mMapped {/api/provider/me/photo, POST} route[39m[38;5;3m +0ms[39m
[32m[Nest] 6160  - [39m17/09/2026 05:00:40 [32m    LOG[39m [38;5;3m[RouterExplorer] [39m[32mMapped {/api/provider/acts, GET} route[39m[38;5;3m +0ms[39m
[32m[Nest] 6160  - [39m17/09/2026 05:00:40 [32m    LOG[39m [38;5;3m[RouterExplorer] [39m[32mMapped {/api/provider/dashboard, GET} route[39m[38;5;3m +0ms[39m
[32m[Nest] 6160  - [39m17/09/2026 05:00:40 [32m    LOG[39m [38;5;3m[RouterExplorer] [39m[32mMapped {/api/provider/thirdparty, GET} route[39m[38;5;3m +0ms[39m
[32m[Nest] 6160  - [39m17/09/2026 05:00:40 [32m    LOG[39m [38;5;3m[RouterExplorer] [39m[32mMapped {/api/provider/thirdparty/:id, GET} route[39m[38;5;3m +0ms[39m
[32m[Nest] 6160  - [39m17/09/2026 05:00:40 [32m    LOG[39m [38;5;3m[RouterExplorer] [39m[32mMapped {/api/provider/verify, POST} route[39m[38;5;3m +0ms[39m
[32m[Nest] 6160  - [39m17/09/2026 05:00:40 [32m    LOG[39m [38;5;3m[RouterExplorer] [39m[32mMapped {/api/provider/thirdparty/initiate, POST} route[39m[38;5;3m +1ms[39m
[32m[Nest] 6160  - [39m17/09/2026 05:00:40 [32m    LOG[39m [38;5;3m[RouterExplorer] [39m[32mMapped {/api/provider/thirdparty/:id/emergency-confirm, POST} route[39m[38;5;3m +0ms[39m
[32m[Nest] 6160  - [39m17/09/2026 05:00:40 [32m    LOG[39m [38;5;3m[RouterExplorer] [39m[32mMapped {/api/provider/thirdparty/:id/confirm, POST} route[39m[38;5;3m +0ms[39m
[32m[Nest] 6160  - [39m17/09/2026 05:00:40 [32m    LOG[39m [38;5;3m[RouterExplorer] [39m[32mMapped {/api/provider/thirdparty/:id/realize, POST} route[39m[38;5;3m +0ms[39m
[32m[Nest] 6160  - [39m17/09/2026 05:00:40 [32m    LOG[39m [38;5;3m[RouterExplorer] [39m[32mMapped {/api/provider/thirdparty/:id/invoice, POST} route[39m[38;5;3m +0ms[39m
[32m[Nest] 6160  - [39m17/09/2026 05:00:40 [32m    LOG[39m [38;5;3m[RouterExplorer] [39m[32mMapped {/api/provider/staff, GET} route[39m[38;5;3m +0ms[39m
[32m[Nest] 6160  - [39m17/09/2026 05:00:40 [32m    LOG[39m [38;5;3m[RouterExplorer] [39m[32mMapped {/api/provider/staff, POST} route[39m[38;5;3m +0ms[39m
[32m[Nest] 6160  - [39m17/09/2026 05:00:40 [32m    LOG[39m [38;5;3m[RouterExplorer] [39m[32mMapped {/api/provider/staff/:id, PATCH} route[39m[38;5;3m +0ms[39m
[32m[Nest] 6160  - [39m17/09/2026 05:00:40 [32m    LOG[39m [38;5;3m[RoutesResolver] [39m[32mProviderRegistrationController {/api}:[39m[38;5;3m +0ms[39m
[32m[Nest] 6160  - [39m17/09/2026 05:00:40 [32m    LOG[39m [38;5;3m[RouterExplorer] [39m[32mMapped {/api/providers/register, POST} route[39m[38;5;3m +0ms[39m
[32m[Nest] 6160  - [39m17/09/2026 05:00:40 [32m    LOG[39m [38;5;3m[RouterExplorer] [39m[32mMapped {/api/admin/providers/bulk-import, POST} route[39m[38;5;3m +1ms[39m
[32m[Nest] 6160  - [39m17/09/2026 05:00:40 [32m    LOG[39m [38;5;3m[RouterExplorer] [39m[32mMapped {/api/providers/register/:id/documents, POST} route[39m[38;5;3m +0ms[39m
[32m[Nest] 6160  - [39m17/09/2026 05:00:40 [32m    LOG[39m [38;5;3m[RouterExplorer] [39m[32mMapped {/api/admin/providers/registrations, GET} route[39m[38;5;3m +0ms[39m
[32m[Nest] 6160  - [39m17/09/2026 05:00:40 [32m    LOG[39m [38;5;3m[RouterExplorer] [39m[32mMapped {/api/admin/providers/:id/documents, GET} route[39m[38;5;3m +0ms[39m
[32m[Nest] 6160  - [39m17/09/2026 05:00:40 [32m    LOG[39m [38;5;3m[RouterExplorer] [39m[32mMapped {/api/admin/providers/:id/documents/review, POST} route[39m[38;5;3m +0ms[39m
[32m[Nest] 6160  - [39m17/09/2026 05:00:40 [32m    LOG[39m [38;5;3m[RouterExplorer] [39m[32mMapped {/api/admin/providers/:id/approve-registration, POST} route[39m[38;5;3m +1ms[39m
[32m[Nest] 6160  - [39m17/09/2026 05:00:40 [32m    LOG[39m [38;5;3m[RouterExplorer] [39m[32mMapped {/api/admin/providers/:id/reject-registration, POST} route[39m[38;5;3m +0ms[39m
[32m[Nest] 6160  - [39m17/09/2026 05:00:40 [32m    LOG[39m [38;5;3m[RoutesResolver] [39m[32mCareController {/api}:[39m[38;5;3m +0ms[39m
[32m[Nest] 6160  - [39m17/09/2026 05:00:40 [32m    LOG[39m [38;5;3m[RouterExplorer] [39m[32mMapped {/api/medications, GET} route[39m[38;5;3m +0ms[39m
[32m[Nest] 6160  - [39m17/09/2026 05:00:40 [32m    LOG[39m [38;5;3m[RouterExplorer] [39m[32mMapped {/api/admin/medications, POST} route[39m[38;5;3m +0ms[39m
[32m[Nest] 6160  - [39m17/09/2026 05:00:40 [32m    LOG[39m [38;5;3m[RouterExplorer] [39m[32mMapped {/api/admin/medications, GET} route[39m[38;5;3m +1ms[39m
[32m[Nest] 6160  - [39m17/09/2026 05:00:40 [32m    LOG[39m [38;5;3m[RouterExplorer] [39m[32mMapped {/api/admin/acts, GET} route[39m[38;5;3m +0ms[39m
[32m[Nest] 6160  - [39m17/09/2026 05:00:40 [32m    LOG[39m [38;5;3m[RouterExplorer] [39m[32mMapped {/api/admin/acts, POST} route[39m[38;5;3m +0ms[39m
[32m[Nest] 6160  - [39m17/09/2026 05:00:40 [32m    LOG[39m [38;5;3m[RouterExplorer] [39m[32mMapped {/api/admin/acts/:id, PATCH} route[39m[38;5;3m +0ms[39m
[32m[Nest] 6160  - [39m17/09/2026 05:00:40 [32m    LOG[39m [38;5;3m[RouterExplorer] [39m[32mMapped {/api/provider/consultations, POST} route[39m[38;5;3m +0ms[39m
[32m[Nest] 6160  - [39m17/09/2026 05:00:40 [32m    LOG[39m [38;5;3m[RouterExplorer] [39m[32mMapped {/api/provider/consultations, GET} route[39m[38;5;3m +0ms[39m
[32m[Nest] 6160  - [39m17/09/2026 05:00:40 [32m    LOG[39m [38;5;3m[RouterExplorer] [39m[32mMapped {/api/consultations/mine, GET} route[39m[38;5;3m +0ms[39m
[32m[Nest] 6160  - [39m17/09/2026 05:00:40 [32m    LOG[39m [38;5;3m[RouterExplorer] [39m[32mMapped {/api/provider/prescriptions, POST} route[39m[38;5;3m +0ms[39m
[32m[Nest] 6160  - [39m17/09/2026 05:00:40 [32m    LOG[39m [38;5;3m[RouterExplorer] [39m[32mMapped {/api/provider/prescriptions, GET} route[39m[38;5;3m +1ms[39m
[32m[Nest] 6160  - [39m17/09/2026 05:00:40 [32m    LOG[39m [38;5;3m[RouterExplorer] [39m[32mMapped {/api/provider/prescriptions/:id, GET} route[39m[38;5;3m +0ms[39m
[32m[Nest] 6160  - [39m17/09/2026 05:00:40 [32m    LOG[39m [38;5;3m[RouterExplorer] [39m[32mMapped {/api/provider/prescriptions/:id/renew, POST} route[39m[38;5;3m +0ms[39m
[32m[Nest] 6160  - [39m17/09/2026 05:00:40 [32m    LOG[39m [38;5;3m[RouterExplorer] [39m[32mMapped {/api/provider/prescriptions/:id/cancel, POST} route[39m[38;5;3m +0ms[39m
[32m[Nest] 6160  - [39m17/09/2026 05:00:40 [32m    LOG[39m [38;5;3m[RouterExplorer] [39m[32mMapped {/api/provider/prescriptions/scan, POST} route[39m[38;5;3m +0ms[39m
[32m[Nest] 6160  - [39m17/09/2026 05:00:40 [32m    LOG[39m [38;5;3m[RouterExplorer] [39m[32mMapped {/api/provider/deliveries, POST} route[39m[38;5;3m +0ms[39m
[32m[Nest] 6160  - [39m17/09/2026 05:00:40 [32m    LOG[39m [38;5;3m[RouterExplorer] [39m[32mMapped {/api/provider/deliveries, GET} route[39m[38;5;3m +0ms[39m
[32m[Nest] 6160  - [39m17/09/2026 05:00:40 [32m    LOG[39m [38;5;3m[RouterExplorer] [39m[32mMapped {/api/prescriptions/mine, GET} route[39m[38;5;3m +0ms[39m
[32m[Nest] 6160  - [39m17/09/2026 05:00:40 [32m    LOG[39m [38;5;3m[RouterExplorer] [39m[32mMapped {/api/consultations/mine-old, GET} route[39m[38;5;3m +1ms[39m
[32m[Nest] 6160  - [39m17/09/2026 05:00:40 [32m    LOG[39m [38;5;3m[RoutesResolver] [39m[32mCareRecordController {/api/care-records}:[39m[38;5;3m +0ms[39m
[32m[Nest] 6160  - [39m17/09/2026 05:00:40 [32m    LOG[39m [38;5;3m[RouterExplorer] [39m[32mMapped {/api/care-records/mine, GET} route[39m[38;5;3m +0ms[39m
[32m[Nest] 6160  - [39m17/09/2026 05:00:40 [32m    LOG[39m [38;5;3m[RouterExplorer] [39m[32mMapped {/api/care-records/provider/care-records, GET} route[39m[38;5;3m +0ms[39m
[32m[Nest] 6160  - [39m17/09/2026 05:00:40 [32m    LOG[39m [38;5;3m[RouterExplorer] [39m[32mMapped {/api/care-records/:id, GET} route[39m[38;5;3m +0ms[39m
[32m[Nest] 6160  - [39m17/09/2026 05:00:40 [32m    LOG[39m [38;5;3m[RouterExplorer] [39m[32mMapped {/api/care-records/:id/timeline, GET} route[39m[38;5;3m +0ms[39m
[32m[Nest] 6160  - [39m17/09/2026 05:00:40 [32m    LOG[39m [38;5;3m[RoutesResolver] [39m[32mCompanyController {/api}:[39m[38;5;3m +0ms[39m
[32m[Nest] 6160  - [39m17/09/2026 05:00:40 [32m    LOG[39m [38;5;3m[RouterExplorer] [39m[32mMapped {/api/companies/register, POST} route[39m[38;5;3m +0ms[39m
[32m[Nest] 6160  - [39m17/09/2026 05:00:40 [32m    LOG[39m [38;5;3m[RouterExplorer] [39m[32mMapped {/api/company/me/dashboard, GET} route[39m[38;5;3m +0ms[39m
[32m[Nest] 6160  - [39m17/09/2026 05:00:40 [32m    LOG[39m [38;5;3m[RouterExplorer] [39m[32mMapped {/api/company/me/group-contract, GET} route[39m[38;5;3m +0ms[39m
[32m[Nest] 6160  - [39m17/09/2026 05:00:40 [32m    LOG[39m [38;5;3m[RouterExplorer] [39m[32mMapped {/api/company/me/employees, GET} route[39m[38;5;3m +1ms[39m
[32m[Nest] 6160  - [39m17/09/2026 05:00:40 [32m    LOG[39m [38;5;3m[RouterExplorer] [39m[32mMapped {/api/company/employees, GET} route[39m[38;5;3m +0ms[39m
[32m[Nest] 6160  - [39m17/09/2026 05:00:40 [32m    LOG[39m [38;5;3m[RouterExplorer] [39m[32mMapped {/api/company/me/employees, POST} route[39m[38;5;3m +0ms[39m
[32m[Nest] 6160  - [39m17/09/2026 05:00:40 [32m    LOG[39m [38;5;3m[RouterExplorer] [39m[32mMapped {/api/company/me/employees/import, POST} route[39m[38;5;3m +0ms[39m
[32m[Nest] 6160  - [39m17/09/2026 05:00:40 [32m    LOG[39m [38;5;3m[RouterExplorer] [39m[32mMapped {/api/company/me/employees/:id/radiate, POST} route[39m[38;5;3m +0ms[39m
[32m[Nest] 6160  - [39m17/09/2026 05:00:40 [32m    LOG[39m [38;5;3m[RouterExplorer] [39m[32mMapped {/api/company/employees/:id/radiate, POST} route[39m[38;5;3m +0ms[39m
[32m[Nest] 6160  - [39m17/09/2026 05:00:40 [32m    LOG[39m [38;5;3m[RouterExplorer] [39m[32mMapped {/api/company/me/employees/:id, PATCH} route[39m[38;5;3m +0ms[39m
[32m[Nest] 6160  - [39m17/09/2026 05:00:40 [32m    LOG[39m [38;5;3m[RouterExplorer] [39m[32mMapped {/api/company/me/employees/:id, DELETE} route[39m[38;5;3m +0ms[39m
[32m[Nest] 6160  - [39m17/09/2026 05:00:40 [32m    LOG[39m [38;5;3m[RouterExplorer] [39m[32mMapped {/api/company/me/claims, GET} route[39m[38;5;3m +0ms[39m
[32m[Nest] 6160  - [39m17/09/2026 05:00:40 [32m    LOG[39m [38;5;3m[RoutesResolver] [39m[32mNotificationsController {/api/notifications}:[39m[38;5;3m +0ms[39m
[32m[Nest] 6160  - [39m17/09/2026 05:00:40 [32m    LOG[39m [38;5;3m[RouterExplorer] [39m[32mMapped {/api/notifications, GET} route[39m[38;5;3m +1ms[39m
[32m[Nest] 6160  - [39m17/09/2026 05:00:40 [32m    LOG[39m [38;5;3m[RouterExplorer] [39m[32mMapped {/api/notifications/:id/read, POST} route[39m[38;5;3m +0ms[39m
[32m[Nest] 6160  - [39m17/09/2026 05:00:40 [32m    LOG[39m [38;5;3m[RouterExplorer] [39m[32mMapped {/api/notifications/read-all, POST} route[39m[38;5;3m +0ms[39m
[32m[Nest] 6160  - [39m17/09/2026 05:00:40 [32m    LOG[39m [38;5;3m[RoutesResolver] [39m[32mStatsController {/api/stats}:[39m[38;5;3m +0ms[39m
[32m[Nest] 6160  - [39m17/09/2026 05:00:40 [32m    LOG[39m [38;5;3m[RouterExplorer] [39m[32mMapped {/api/stats/admin/dashboard, GET} route[39m[38;5;3m +0ms[39m
[32m[Nest] 6160  - [39m17/09/2026 05:00:40 [32m    LOG[39m [38;5;3m[RouterExplorer] [39m[32mMapped {/api/stats/admin/technical-result, GET} route[39m[38;5;3m +0ms[39m
[32m[Nest] 6160  - [39m17/09/2026 05:00:40 [32m    LOG[39m [38;5;3m[RoutesResolver] [39m[32mHealthController {/api}:[39m[38;5;3m +0ms[39m
[32m[Nest] 6160  - [39m17/09/2026 05:00:40 [32m    LOG[39m [38;5;3m[RouterExplorer] [39m[32mMapped {/api/health, GET} route[39m[38;5;3m +0ms[39m
[32m[Nest] 6160  - [39m17/09/2026 05:00:40 [32m    LOG[39m [38;5;3m[RoutesResolver] [39m[32mAdminMiscController {/api/admin}:[39m[38;5;3m +0ms[39m
[32m[Nest] 6160  - [39m17/09/2026 05:00:40 [32m    LOG[39m [38;5;3m[RouterExplorer] [39m[32mMapped {/api/admin/anomalies/summary, GET} route[39m[38;5;3m +0ms[39m
[32m[Nest] 6160  - [39m17/09/2026 05:00:40 [32m    LOG[39m [38;5;3m[RouterExplorer] [39m[32mMapped {/api/admin/anomalies, GET} route[39m[38;5;3m +0ms[39m
[32m[Nest] 6160  - [39m17/09/2026 05:00:40 [32m    LOG[39m [38;5;3m[RouterExplorer] [39m[32mMapped {/api/admin/audit, GET} route[39m[38;5;3m +0ms[39m
[32m[Nest] 6160  - [39m17/09/2026 05:00:40 [32m    LOG[39m [38;5;3m[RouterExplorer] [39m[32mMapped {/api/admin/config, GET} route[39m[38;5;3m +1ms[39m
[32m[Nest] 6160  - [39m17/09/2026 05:00:40 [32m    LOG[39m [38;5;3m[RouterExplorer] [39m[32mMapped {/api/admin/config, POST} route[39m[38;5;3m +0ms[39m
[32m[Nest] 6160  - [39m17/09/2026 05:00:40 [32m    LOG[39m [38;5;3m[RoutesResolver] [39m[32mDocumentsController {/api}:[39m[38;5;3m +0ms[39m
[32m[Nest] 6160  - [39m17/09/2026 05:00:40 [32m    LOG[39m [38;5;3m[RouterExplorer] [39m[32mMapped {/api/contracts/:id/certificate, GET} route[39m[38;5;3m +0ms[39m
[32m[Nest] 6160  - [39m17/09/2026 05:00:40 [32m    LOG[39m [38;5;3m[RouterExplorer] [39m[32mMapped {/api/company/me/attestation, GET} route[39m[38;5;3m +0ms[39m
[32m[Nest] 6160  - [39m17/09/2026 05:00:40 [32m    LOG[39m [38;5;3m[RoutesResolver] [39m[32mOfflineController {/api/offline}:[39m[38;5;3m +0ms[39m
[32m[Nest] 6160  - [39m17/09/2026 05:00:40 [32m    LOG[39m [38;5;3m[RouterExplorer] [39m[32mMapped {/api/offline/sync, POST} route[39m[38;5;3m +0ms[39m
[32m[Nest] 6160  - [39m17/09/2026 05:00:40 [32m    LOG[39m [38;5;3m[RoutesResolver] [39m[32mQuoteController {/api/quote}:[39m[38;5;3m +0ms[39m
[32m[Nest] 6160  - [39m17/09/2026 05:00:40 [32m    LOG[39m [38;5;3m[RouterExplorer] [39m[32mMapped {/api/quote/estimate, POST} route[39m[38;5;3m +0ms[39m
[32m[Nest] 6160  - [39m17/09/2026 05:00:40 [32m    LOG[39m [38;5;3m[RouterExplorer] [39m[32mMapped {/api/quote/estimate/categories, GET} route[39m[38;5;3m +0ms[39m
[32m[Nest] 6160  - [39m17/09/2026 05:00:40 [32m    LOG[39m [38;5;3m[RoutesResolver] [39m[32mDistributorsController {/api}:[39m[38;5;3m +0ms[39m
[32m[Nest] 6160  - [39m17/09/2026 05:00:40 [32m    LOG[39m [38;5;3m[RouterExplorer] [39m[32mMapped {/api/admin/distributors, GET} route[39m[38;5;3m +1ms[39m
[32m[Nest] 6160  - [39m17/09/2026 05:00:40 [32m    LOG[39m [38;5;3m[RouterExplorer] [39m[32mMapped {/api/admin/distributors/:id, GET} route[39m[38;5;3m +0ms[39m
[32m[Nest] 6160  - [39m17/09/2026 05:00:40 [32m    LOG[39m [38;5;3m[RouterExplorer] [39m[32mMapped {/api/admin/distributors, POST} route[39m[38;5;3m +0ms[39m
[32m[Nest] 6160  - [39m17/09/2026 05:00:40 [32m    LOG[39m [38;5;3m[RouterExplorer] [39m[32mMapped {/api/admin/distributors/:id, PATCH} route[39m[38;5;3m +0ms[39m
[32m[Nest] 6160  - [39m17/09/2026 05:00:40 [32m    LOG[39m [38;5;3m[RouterExplorer] [39m[32mMapped {/api/admin/distributors/:id/activate, POST} route[39m[38;5;3m +0ms[39m
[32m[Nest] 6160  - [39m17/09/2026 05:00:40 [32m    LOG[39m [38;5;3m[RouterExplorer] [39m[32mMapped {/api/admin/distributors/:id/suspend, POST} route[39m[38;5;3m +0ms[39m
[32m[Nest] 6160  - [39m17/09/2026 05:00:40 [32m    LOG[39m [38;5;3m[RouterExplorer] [39m[32mMapped {/api/admin/distributors/:id/stats, GET} route[39m[38;5;3m +0ms[39m
[32m[Nest] 6160  - [39m17/09/2026 05:00:40 [32m    LOG[39m [38;5;3m[RouterExplorer] [39m[32mMapped {/api/admin/distributors/:id/commissions, GET} route[39m[38;5;3m +0ms[39m
[32m[Nest] 6160  - [39m17/09/2026 05:00:40 [32m    LOG[39m [38;5;3m[RouterExplorer] [39m[32mMapped {/api/distributor/me, GET} route[39m[38;5;3m +0ms[39m
[32m[Nest] 6160  - [39m17/09/2026 05:00:40 [32m    LOG[39m [38;5;3m[RouterExplorer] [39m[32mMapped {/api/distributor/me/stats, GET} route[39m[38;5;3m +0ms[39m
[32m[Nest] 6160  - [39m17/09/2026 05:00:40 [32m    LOG[39m [38;5;3m[RouterExplorer] [39m[32mMapped {/api/distributor/me/commissions, GET} route[39m[38;5;3m +1ms[39m
[32m[Nest] 6160  - [39m17/09/2026 05:00:40 [32m    LOG[39m [38;5;3m[RouterExplorer] [39m[32mMapped {/api/distributors/lookup/:code, GET} route[39m[38;5;3m +0ms[39m
[32m[Nest] 6160  - [39m17/09/2026 05:00:40 [32m    LOG[39m [38;5;3m[RoutesResolver] [39m[32mCommissionsController {/api}:[39m[38;5;3m +0ms[39m
[32m[Nest] 6160  - [39m17/09/2026 05:00:40 [32m    LOG[39m [38;5;3m[RouterExplorer] [39m[32mMapped {/api/admin/commissions, GET} route[39m[38;5;3m +0ms[39m
[32m[Nest] 6160  - [39m17/09/2026 05:00:40 [32m    LOG[39m [38;5;3m[RouterExplorer] [39m[32mMapped {/api/admin/commissions/stats, GET} route[39m[38;5;3m +0ms[39m
[32m[Nest] 6160  - [39m17/09/2026 05:00:40 [32m    LOG[39m [38;5;3m[RouterExplorer] [39m[32mMapped {/api/admin/commissions/:id/approve, POST} route[39m[38;5;3m +0ms[39m
[32m[Nest] 6160  - [39m17/09/2026 05:00:40 [32m    LOG[39m [38;5;3m[RouterExplorer] [39m[32mMapped {/api/admin/commissions/:id/reject, POST} route[39m[38;5;3m +0ms[39m
[32m[Nest] 6160  - [39m17/09/2026 05:00:40 [32m    LOG[39m [38;5;3m[RouterExplorer] [39m[32mMapped {/api/admin/commissions/:id/pay, POST} route[39m[38;5;3m +0ms[39m
[32m[Nest] 6160  - [39m17/09/2026 05:00:40 [32m    LOG[39m [38;5;3m[RoutesResolver] [39m[32mFraudController {/api/admin/fraud}:[39m[38;5;3m +0ms[39m
[32m[Nest] 6160  - [39m17/09/2026 05:00:40 [32m    LOG[39m [38;5;3m[RouterExplorer] [39m[32mMapped {/api/admin/fraud, GET} route[39m[38;5;3m +0ms[39m
[32m[Nest] 6160  - [39m17/09/2026 05:00:40 [32m    LOG[39m [38;5;3m[RouterExplorer] [39m[32mMapped {/api/admin/fraud/:id, GET} route[39m[38;5;3m +0ms[39m
[32m[Nest] 6160  - [39m17/09/2026 05:00:40 [32m    LOG[39m [38;5;3m[RouterExplorer] [39m[32mMapped {/api/admin/fraud/:id/review, POST} route[39m[38;5;3m +1ms[39m
[32m[Nest] 6160  - [39m17/09/2026 05:00:40 [32m    LOG[39m [38;5;3m[RoutesResolver] [39m[32mBatchBillingController {/api/billing}:[39m[38;5;3m +0ms[39m
[32m[Nest] 6160  - [39m17/09/2026 05:00:40 [32m    LOG[39m [38;5;3m[RouterExplorer] [39m[32mMapped {/api/billing/batch-invoices, POST} route[39m[38;5;3m +0ms[39m
[32m[Nest] 6160  - [39m17/09/2026 05:00:40 [32m    LOG[39m [38;5;3m[RouterExplorer] [39m[32mMapped {/api/billing/batch-invoices/submit, POST} route[39m[38;5;3m +0ms[39m
[32m[Nest] 6160  - [39m17/09/2026 05:00:40 [32m    LOG[39m [38;5;3m[RouterExplorer] [39m[32mMapped {/api/billing/batch-invoices/validate, POST} route[39m[38;5;3m +0ms[39m
[32m[Nest] 6160  - [39m17/09/2026 05:00:40 [32m    LOG[39m [38;5;3m[RouterExplorer] [39m[32mMapped {/api/billing/batch-invoices/pay, POST} route[39m[38;5;3m +0ms[39m
[32m[Nest] 6160  - [39m17/09/2026 05:00:40 [32m    LOG[39m [38;5;3m[RouterExplorer] [39m[32mMapped {/api/billing/batch-invoices, GET} route[39m[38;5;3m +1ms[39m
[32m[Nest] 6160  - [39m17/09/2026 05:00:40 [32m    LOG[39m [38;5;3m[RouterExplorer] [39m[32mMapped {/api/billing/batch-invoices/:id, GET} route[39m[38;5;3m +0ms[39m
[32m[Nest] 6160  - [39m17/09/2026 05:00:40 [32m    LOG[39m [38;5;3m[RouterExplorer] [39m[32mMapped {/api/billing/rejections, POST} route[39m[38;5;3m +0ms[39m
[32m[Nest] 6160  - [39m17/09/2026 05:00:40 [32m    LOG[39m [38;5;3m[RouterExplorer] [39m[32mMapped {/api/billing/rejections/dispute, POST} route[39m[38;5;3m +0ms[39m
[32m[Nest] 6160  - [39m17/09/2026 05:00:40 [32m    LOG[39m [38;5;3m[RouterExplorer] [39m[32mMapped {/api/billing/rejections/resolve, POST} route[39m[38;5;3m +0ms[39m
[32m[Nest] 6160  - [39m17/09/2026 05:00:40 [32m    LOG[39m [38;5;3m[RouterExplorer] [39m[32mMapped {/api/billing/rejections, GET} route[39m[38;5;3m +0ms[39m
[32m[Nest] 6160  - [39m17/09/2026 05:00:40 [32m    LOG[39m [38;5;3m[RouterExplorer] [39m[32mMapped {/api/billing/credit-notes, POST} route[39m[38;5;3m +0ms[39m
[32m[Nest] 6160  - [39m17/09/2026 05:00:40 [32m    LOG[39m [38;5;3m[RouterExplorer] [39m[32mMapped {/api/billing/credit-notes/:id/apply, POST} route[39m[38;5;3m +0ms[39m
[32m[Nest] 6160  - [39m17/09/2026 05:00:40 [32m    LOG[39m [38;5;3m[RouterExplorer] [39m[32mMapped {/api/billing/credit-notes, GET} route[39m[38;5;3m +1ms[39m
[32m[Nest] 6160  - [39m17/09/2026 05:00:40 [32m    LOG[39m [38;5;3m[RouterExplorer] [39m[32mMapped {/api/billing/reconciliations, POST} route[39m[38;5;3m +0ms[39m
[32m[Nest] 6160  - [39m17/09/2026 05:00:40 [32m    LOG[39m [38;5;3m[RouterExplorer] [39m[32mMapped {/api/billing/reconciliations, GET} route[39m[38;5;3m +0ms[39m
[32m[Nest] 6160  - [39m17/09/2026 05:00:40 [32m    LOG[39m [38;5;3m[RoutesResolver] [39m[32mProviderBillingController {/api/provider}:[39m[38;5;3m +0ms[39m
[32m[Nest] 6160  - [39m17/09/2026 05:00:40 [32m    LOG[39m [38;5;3m[RouterExplorer] [39m[32mMapped {/api/provider/batch-invoices, GET} route[39m[38;5;3m +0ms[39m
[32m[Nest] 6160  - [39m17/09/2026 05:00:40 [32m    LOG[39m [38;5;3m[RouterExplorer] [39m[32mMapped {/api/provider/batch-invoices/:id, GET} route[39m[38;5;3m +0ms[39m
[32m[Nest] 6160  - [39m17/09/2026 05:00:40 [32m    LOG[39m [38;5;3m[RouterExplorer] [39m[32mMapped {/api/provider/batch-invoices, POST} route[39m[38;5;3m +0ms[39m
[32m[Nest] 6160  - [39m17/09/2026 05:00:40 [32m    LOG[39m [38;5;3m[RouterExplorer] [39m[32mMapped {/api/provider/batch-invoices/submit, POST} route[39m[38;5;3m +1ms[39m
[32m[Nest] 6160  - [39m17/09/2026 05:00:40 [32m    LOG[39m [38;5;3m[RouterExplorer] [39m[32mMapped {/api/provider/rejections, GET} route[39m[38;5;3m +0ms[39m
[32m[Nest] 6160  - [39m17/09/2026 05:00:40 [32m    LOG[39m [38;5;3m[RouterExplorer] [39m[32mMapped {/api/provider/rejections/acknowledge, POST} route[39m[38;5;3m +0ms[39m
[32m[Nest] 6160  - [39m17/09/2026 05:00:40 [32m    LOG[39m [38;5;3m[RouterExplorer] [39m[32mMapped {/api/provider/rejections/dispute, POST} route[39m[38;5;3m +0ms[39m
[32m[Nest] 6160  - [39m17/09/2026 05:00:40 [32m    LOG[39m [38;5;3m[RoutesResolver] [39m[32mAnalyticsController {/api/analytics}:[39m[38;5;3m +0ms[39m
[32m[Nest] 6160  - [39m17/09/2026 05:00:40 [32m    LOG[39m [38;5;3m[RouterExplorer] [39m[32mMapped {/api/analytics/kpis, GET} route[39m[38;5;3m +0ms[39m
[32m[Nest] 6160  - [39m17/09/2026 05:00:40 [32m    LOG[39m [38;5;3m[RouterExplorer] [39m[32mMapped {/api/analytics/loss-ratio, GET} route[39m[38;5;3m +0ms[39m
[32m[Nest] 6160  - [39m17/09/2026 05:00:40 [32m    LOG[39m [38;5;3m[RouterExplorer] [39m[32mMapped {/api/analytics/technical-reserves, GET} route[39m[38;5;3m +0ms[39m
[32m[Nest] 6160  - [39m17/09/2026 05:00:40 [32m    LOG[39m [38;5;3m[RouterExplorer] [39m[32mMapped {/api/analytics/product-profitability, GET} route[39m[38;5;3m +1ms[39m
[32m[Nest] 6160  - [39m17/09/2026 05:00:40 [32m    LOG[39m [38;5;3m[RouterExplorer] [39m[32mMapped {/api/analytics/provider-performance, GET} route[39m[38;5;3m +0ms[39m
[32m[Nest] 6160  - [39m17/09/2026 05:00:40 [32m    LOG[39m [38;5;3m[RouterExplorer] [39m[32mMapped {/api/analytics/portfolio-evolution, GET} route[39m[38;5;3m +0ms[39m
[32m[Nest] 6160  - [39m17/09/2026 05:00:40 [32m    LOG[39m [38;5;3m[RoutesResolver] [39m[32mReferentialController {/api}:[39m[38;5;3m +0ms[39m
[32m[Nest] 6160  - [39m17/09/2026 05:00:40 [32m    LOG[39m [38;5;3m[RouterExplorer] [39m[32mMapped {/api/branches, GET} route[39m[38;5;3m +0ms[39m
[32m[Nest] 6160  - [39m17/09/2026 05:00:40 [32m    LOG[39m [38;5;3m[RouterExplorer] [39m[32mMapped {/api/admin/branches, GET} route[39m[38;5;3m +0ms[39m
[32m[Nest] 6160  - [39m17/09/2026 05:00:40 [32m    LOG[39m [38;5;3m[RouterExplorer] [39m[32mMapped {/api/admin/branches, POST} route[39m[38;5;3m +0ms[39m
[32m[Nest] 6160  - [39m17/09/2026 05:00:40 [32m    LOG[39m [38;5;3m[RouterExplorer] [39m[32mMapped {/api/admin/branches/:id, POST} route[39m[38;5;3m +0ms[39m
[32m[Nest] 6160  - [39m17/09/2026 05:00:40 [32m    LOG[39m [38;5;3m[RouterExplorer] [39m[32mMapped {/api/diseases, GET} route[39m[38;5;3m +0ms[39m
[32m[Nest] 6160  - [39m17/09/2026 05:00:40 [32m    LOG[39m [38;5;3m[RouterExplorer] [39m[32mMapped {/api/admin/diseases, GET} route[39m[38;5;3m +1ms[39m
[32m[Nest] 6160  - [39m17/09/2026 05:00:40 [32m    LOG[39m [38;5;3m[RouterExplorer] [39m[32mMapped {/api/admin/diseases, POST} route[39m[38;5;3m +0ms[39m
[32m[Nest] 6160  - [39m17/09/2026 05:00:40 [32m    LOG[39m [38;5;3m[RouterExplorer] [39m[32mMapped {/api/admin/diseases/:id, POST} route[39m[38;5;3m +0ms[39m
[32m[Nest] 6160  - [39m17/09/2026 05:00:40 [32m    LOG[39m [38;5;3m[RoutesResolver] [39m[32mHospitalController {/api/hospital}:[39m[38;5;3m +0ms[39m
[32m[Nest] 6160  - [39m17/09/2026 05:00:40 [32m    LOG[39m [38;5;3m[RouterExplorer] [39m[32mMapped {/api/hospital/entente, POST} route[39m[38;5;3m +0ms[39m
[32m[Nest] 6160  - [39m17/09/2026 05:00:40 [32m    LOG[39m [38;5;3m[RouterExplorer] [39m[32mMapped {/api/hospital/ententes, GET} route[39m[38;5;3m +0ms[39m
[32m[Nest] 6160  - [39m17/09/2026 05:00:41 [32m    LOG[39m [38;5;3m[NestApplication] [39m[32mNest application successfully started[39m[38;5;3m +76ms[39m
API ready on http://localhost:4000/api
Environment: development
Database already has 20 users — skipping seed.
[EMAIL -> p4_ohp9cn6kj3@test.bj] Bienvenue sur SantéPlus, P4 !
[SMS -> +229 960467227] Bienvenue sur SantéPlus, P4 !
[EMAIL -> p4_ohp9cn6kj3@test.bj] Souscription en cours — CTR-2026-64775E
[SMS -> +229 960467227] Souscription en cours — CTR-2026-64775E
[EMAIL -> p4_ohp9cn6kj3@test.bj] Votre contrat CTR-2026-64775E est actif
[SMS -> +229 960467227] Votre contrat CTR-2026-64775E est actif
[EMAIL -> p4_ohp9cn6kj3@test.bj] Paiement reçu : 82200 FCFA
[SMS -> +229 960467227] Paiement reçu : 82200 FCFA
[EMAIL -> p4_4v1i5u6m0s@test.bj] Bienvenue sur SantéPlus, P4 !
[SMS -> +229 959421081] Bienvenue sur SantéPlus, P4 !
[EMAIL -> p4_4v1i5u6m0s@test.bj] Souscription en cours — CTR-2026-0C7174
[SMS -> +229 959421081] Souscription en cours — CTR-2026-0C7174
[EMAIL -> p4_4v1i5u6m0s@test.bj] Votre contrat CTR-2026-0C7174 est actif
[SMS -> +229 959421081] Votre contrat CTR-2026-0C7174 est actif
[EMAIL -> p4_4v1i5u6m0s@test.bj] Paiement reçu : 82200 FCFA
[SMS -> +229 959421081] Paiement reçu : 82200 FCFA
[EMAIL -> p4_j8rubb6n7s@test.bj] Bienvenue sur SantéPlus, P4 !
[SMS -> +229 931215255] Bienvenue sur SantéPlus, P4 !
[EMAIL -> p4_j8rubb6n7s@test.bj] Souscription en cours — CTR-2026-331459
[SMS -> +229 931215255] Souscription en cours — CTR-2026-331459
[EMAIL -> p4_j8rubb6n7s@test.bj] Votre contrat CTR-2026-331459 est actif
[SMS -> +229 931215255] Votre contrat CTR-2026-331459 est actif
[EMAIL -> p4_j8rubb6n7s@test.bj] Paiement reçu : 82200 FCFA
[SMS -> +229 931215255] Paiement reçu : 82200 FCFA
[SMS -> +229 931215255] Délivrance DEL-2026-8F7DAA — prise en charge 0 FCFA
[EMAIL -> p4_hj2xe46p2h@test.bj] Bienvenue sur SantéPlus, P4 !
[SMS -> +229 929396467] Bienvenue sur SantéPlus, P4 !
[EMAIL -> p4_hj2xe46p2h@test.bj] Souscription en cours — CTR-2026-E7D865
[SMS -> +229 929396467] Souscription en cours — CTR-2026-E7D865
[EMAIL -> p4_hj2xe46p2h@test.bj] Votre contrat CTR-2026-E7D865 est actif
[SMS -> +229 929396467] Votre contrat CTR-2026-E7D865 est actif
[EMAIL -> p4_hj2xe46p2h@test.bj] Paiement reçu : 203000 FCFA
[SMS -> +229 929396467] Paiement reçu : 203000 FCFA
[SMS -> +229 929396467] Prise en charge TPE-2026-1DBB7D
[SMS -> +229 929396467] Prise en charge TPE-2026-30F3DD
[EMAIL -> p4_hj2xe46p2h@test.bj] TPE-2026-1DBB7D — Demande partiellement approuvée
[SMS -> +229 929396467] TPE-2026-1DBB7D — Demande partiellement approuvée
[EMAIL -> p4_hj2xe46p2h@test.bj] TPE-2026-30F3DD — Demande partiellement approuvée
[SMS -> +229 929396467] TPE-2026-30F3DD — Demande partiellement approuvée
[EMAIL -> p4_acmeab6qyb@test.bj] Bienvenue sur SantéPlus, P4 !
[SMS -> +229 955557863] Bienvenue sur SantéPlus, P4 !
[EMAIL -> p4_acmeab6qyb@test.bj] Souscription en cours — CTR-2026-14D61E
[SMS -> +229 955557863] Souscription en cours — CTR-2026-14D61E
[EMAIL -> p4_acmeab6qyb@test.bj] Votre contrat CTR-2026-14D61E est actif
[SMS -> +229 955557863] Votre contrat CTR-2026-14D61E est actif
[EMAIL -> p4_acmeab6qyb@test.bj] Paiement reçu : 203000 FCFA
[SMS -> +229 955557863] Paiement reçu : 203000 FCFA
[SMS -> +229 955557863] Prise en charge TPE-2026-833F46
[SMS -> +229 955557863] Prise en charge TPE-2026-4C4453
[SMS -> +229 955557863] Prise en charge TPE-2026-9BA4EA
[SMS -> +229 955557863] Prise en charge TPE-2026-FD0C1F
[SMS -> +229 955557863] Prise en charge TPE-2026-AB61DC
[SMS -> +229 955557863] Prise en charge TPE-2026-85D76B
[EMAIL -> p4_9dvm4j6soz@test.bj] Bienvenue sur SantéPlus, P4 !
[SMS -> +229 993764067] Bienvenue sur SantéPlus, P4 !
[EMAIL -> p4_9dvm4j6soz@test.bj] Souscription en cours — CTR-2026-3D0C2A
[SMS -> +229 993764067] Souscription en cours — CTR-2026-3D0C2A
[EMAIL -> p4_9dvm4j6soz@test.bj] Votre contrat CTR-2026-3D0C2A est actif
[SMS -> +229 993764067] Votre contrat CTR-2026-3D0C2A est actif
[EMAIL -> p4_9dvm4j6soz@test.bj] Paiement reçu : 203000 FCFA
[SMS -> +229 993764067] Paiement reçu : 203000 FCFA
[SMS -> +229 993764067] Prise en charge TPE-2026-7EF026
[SMS -> +229 993764067] Prise en charge TPE-2026-A1CBB2
[SMS -> +229 993764067] Prise en charge TPE-2026-F1918D
[SMS -> +229 993764067] Prise en charge TPE-2026-330CC3
[SMS -> +229 993764067] Prise en charge TPE-2026-9C5A9A
[SMS -> +229 993764067] Prise en charge TPE-2026-26E2D7
[EMAIL -> p4_9dvm4j6soz@test.bj] Paiement reçu : 100000 FCFA
[SMS -> +229 993764067] Paiement reçu : 100000 FCFA
[EMAIL -> p4_16829e6v4b@test.bj] Bienvenue sur SantéPlus, P4 !
[SMS -> +229 981848689] Bienvenue sur SantéPlus, P4 !
[EMAIL -> p4_16829e6v4b@test.bj] Souscription en cours — CTR-2026-E08A4B
[SMS -> +229 981848689] Souscription en cours — CTR-2026-E08A4B
[EMAIL -> p4_16829e6v4b@test.bj] Votre contrat CTR-2026-E08A4B est actif
[SMS -> +229 981848689] Votre contrat CTR-2026-E08A4B est actif
[EMAIL -> p4_16829e6v4b@test.bj] Paiement reçu : 103000 FCFA
[SMS -> +229 981848689] Paiement reçu : 103000 FCFA
[EMAIL -> p4_16829e6v4b@test.bj] Demande SIN-2026-4ED084 reçue
[SMS -> +229 981848689] Demande SIN-2026-4ED084 reçue
[EMAIL -> p4_16829e6v4b@test.bj] SIN-2026-4ED084 — Demande partiellement approuvée
[SMS -> +229 981848689] SIN-2026-4ED084 — Demande partiellement approuvée
[EMAIL -> p4_xmz4e16w9a@test.bj] Bienvenue sur SantéPlus, P4 !
[SMS -> +229 964343939] Bienvenue sur SantéPlus, P4 !
[EMAIL -> p4_xmz4e16w9a@test.bj] Souscription en cours — CTR-2026-6AEBE4
[SMS -> +229 964343939] Souscription en cours — CTR-2026-6AEBE4
[EMAIL -> p4_xmz4e16w9a@test.bj] Votre contrat CTR-2026-6AEBE4 est actif
[SMS -> +229 964343939] Votre contrat CTR-2026-6AEBE4 est actif
[EMAIL -> p4_xmz4e16w9a@test.bj] Paiement reçu : 82200 FCFA
[SMS -> +229 964343939] Paiement reçu : 82200 FCFA
[SMS -> +229 964343939] Délivrance DEL-2026-972606 — prise en charge 0 FCFA
[EMAIL -> p4_o0x5pu6xwo@test.bj] Bienvenue sur SantéPlus, P4 !
[SMS -> +229 940487324] Bienvenue sur SantéPlus, P4 !
[EMAIL -> p4_o0x5pu6xwo@test.bj] Souscription en cours — CTR-2026-1B82D5
[SMS -> +229 940487324] Souscription en cours — CTR-2026-1B82D5
[EMAIL -> p4_o0x5pu6xwo@test.bj] Votre contrat CTR-2026-1B82D5 est actif
[SMS -> +229 940487324] Votre contrat CTR-2026-1B82D5 est actif
[EMAIL -> p4_o0x5pu6xwo@test.bj] Paiement reçu : 103000 FCFA
[SMS -> +229 940487324] Paiement reçu : 103000 FCFA
[SMS -> +229 940487324] Prise en charge TPE-2026-C9028C
[SMS -> +229 940487324] Prise en charge TPE-2026-72C7C6
[SMS -> +229 940487324] Prise en charge TPE-2026-0CAB02
[SMS -> +229 940487324] Prise en charge TPE-2026-1BA708
[EMAIL -> p4_idwb296za9@test.bj] Bienvenue sur SantéPlus, P4 !
[SMS -> +229 943584851] Bienvenue sur SantéPlus, P4 !
[EMAIL -> p4_idwb296za9@test.bj] Souscription en cours — CTR-2026-0B591B
[SMS -> +229 943584851] Souscription en cours — CTR-2026-0B591B
[EMAIL -> p4_idwb296za9@test.bj] Votre contrat CTR-2026-0B591B est actif
[SMS -> +229 943584851] Votre contrat CTR-2026-0B591B est actif
[EMAIL -> p4_idwb296za9@test.bj] Paiement reçu : 103000 FCFA
[SMS -> +229 943584851] Paiement reçu : 103000 FCFA
[EMAIL -> p4_28paxs6zzb@test.bj] Bienvenue sur SantéPlus, P4 !
[SMS -> +229 977713882] Bienvenue sur SantéPlus, P4 !
[EMAIL -> p4_28paxs6zzb@test.bj] Souscription en cours — CTR-2026-836372
[SMS -> +229 977713882] Souscription en cours — CTR-2026-836372
[EMAIL -> p4_28paxs6zzb@test.bj] Votre contrat CTR-2026-836372 est actif
[SMS -> +229 977713882] Votre contrat CTR-2026-836372 est actif
[EMAIL -> p4_28paxs6zzb@test.bj] Paiement reçu : 103000 FCFA
[SMS -> +229 977713882] Paiement reçu : 103000 FCFA
[SMS -> +229 977713882] Prise en charge TPE-2026-F97318
[SMS -> +229 977713882] Prise en charge TPE-2026-A5CC11
[SMS -> +229 977713882] Prise en charge TPE-2026-013269
[SMS -> +229 977713882] Prise en charge TPE-2026-CD21F3
[EMAIL -> p4_g8mcmu71z0@test.bj] Bienvenue sur SantéPlus, P4 !
[SMS -> +229 970693233] Bienvenue sur SantéPlus, P4 !
[EMAIL -> p4_g8mcmu71z0@test.bj] Souscription en cours — CTR-2026-C4E882
[SMS -> +229 970693233] Souscription en cours — CTR-2026-C4E882
[EMAIL -> p4_g8mcmu71z0@test.bj] Votre contrat CTR-2026-C4E882 est actif
[SMS -> +229 970693233] Votre contrat CTR-2026-C4E882 est actif
[EMAIL -> p4_g8mcmu71z0@test.bj] Paiement reçu : 1003000 FCFA
[SMS -> +229 970693233] Paiement reçu : 1003000 FCFA
[SMS -> +229 970693233] Prise en charge TPE-2026-B8D510
[EMAIL -> e2e_qzx185@test.bj] Bienvenue sur SantéPlus, Test !
[SMS -> +229 939289311] Bienvenue sur SantéPlus, Test !
[EMAIL -> e2e_qzx185@test.bj] Souscription en cours — CTR-2026-333C5E
[SMS -> +229 939289311] Souscription en cours — CTR-2026-333C5E
[EMAIL -> e2e_qzx185@test.bj] Votre contrat CTR-2026-333C5E est actif
[SMS -> +229 939289311] Votre contrat CTR-2026-333C5E est actif
[EMAIL -> e2e_qzx185@test.bj] Paiement reçu : 9996 FCFA
[SMS -> +229 939289311] Paiement reçu : 9996 FCFA
[EMAIL -> e2e_qzx185@test.bj] Demande SIN-2026-8D9E74 reçue
[SMS -> +229 939289311] Demande SIN-2026-8D9E74 reçue
